Component: ARM Compiler 5.06 update 5 (build 528) Tool: armlink [4d35e2]

==============================================================================

Section Cross References

    startup_stm32g474xx.o(STACK) refers (Special) to heapauxi.o(.text) for __use_two_region_memory
    startup_stm32g474xx.o(HEAP) refers (Special) to heapauxi.o(.text) for __use_two_region_memory
    startup_stm32g474xx.o(RESET) refers (Special) to heapauxi.o(.text) for __use_two_region_memory
    startup_stm32g474xx.o(RESET) refers to startup_stm32g474xx.o(STACK) for __initial_sp
    startup_stm32g474xx.o(RESET) refers to startup_stm32g474xx.o(.text) for Reset_Handler
    startup_stm32g474xx.o(RESET) refers to stm32g4xx_it.o(i.NMI_Handler) for NMI_Handler
    startup_stm32g474xx.o(RESET) refers to stm32g4xx_it.o(i.HardFault_Handler) for HardFault_Handler
    startup_stm32g474xx.o(RESET) refers to stm32g4xx_it.o(i.MemManage_Handler) for MemManage_Handler
    startup_stm32g474xx.o(RESET) refers to stm32g4xx_it.o(i.BusFault_Handler) for BusFault_Handler
    startup_stm32g474xx.o(RESET) refers to stm32g4xx_it.o(i.UsageFault_Handler) for UsageFault_Handler
    startup_stm32g474xx.o(RESET) refers to stm32g4xx_it.o(i.SVC_Handler) for SVC_Handler
    startup_stm32g474xx.o(RESET) refers to stm32g4xx_it.o(i.DebugMon_Handler) for DebugMon_Handler
    startup_stm32g474xx.o(RESET) refers to stm32g4xx_it.o(i.PendSV_Handler) for PendSV_Handler
    startup_stm32g474xx.o(RESET) refers to stm32g4xx_it.o(i.SysTick_Handler) for SysTick_Handler
    startup_stm32g474xx.o(RESET) refers to stm32g4xx_it.o(i.DMA1_Channel1_IRQHandler) for DMA1_Channel1_IRQHandler
    startup_stm32g474xx.o(RESET) refers to stm32g4xx_it.o(i.DMA1_Channel2_IRQHandler) for DMA1_Channel2_IRQHandler
    startup_stm32g474xx.o(RESET) refers to stm32g4xx_it.o(i.DMA1_Channel4_IRQHandler) for DMA1_Channel4_IRQHandler
    startup_stm32g474xx.o(RESET) refers to stm32g4xx_it.o(i.DMA1_Channel5_IRQHandler) for DMA1_Channel5_IRQHandler
    startup_stm32g474xx.o(RESET) refers to stm32g4xx_it.o(i.TIM1_TRG_COM_TIM17_IRQHandler) for TIM1_TRG_COM_TIM17_IRQHandler
    startup_stm32g474xx.o(RESET) refers to stm32g4xx_it.o(i.TIM3_IRQHandler) for TIM3_IRQHandler
    startup_stm32g474xx.o(RESET) refers to stm32g4xx_it.o(i.USART1_IRQHandler) for USART1_IRQHandler
    startup_stm32g474xx.o(RESET) refers to stm32g4xx_it.o(i.TIM8_UP_IRQHandler) for TIM8_UP_IRQHandler
    startup_stm32g474xx.o(RESET) refers to stm32g4xx_it.o(i.HRTIM1_TIMA_IRQHandler) for HRTIM1_TIMA_IRQHandler
    startup_stm32g474xx.o(RESET) refers to stm32g4xx_it.o(i.HRTIM1_TIMD_IRQHandler) for HRTIM1_TIMD_IRQHandler
    startup_stm32g474xx.o(.text) refers (Special) to heapauxi.o(.text) for __use_two_region_memory
    startup_stm32g474xx.o(.text) refers to system_stm32g4xx.o(i.SystemInit) for SystemInit
    startup_stm32g474xx.o(.text) refers to __main.o(!!!main) for __main
    startup_stm32g474xx.o(.text) refers to startup_stm32g474xx.o(HEAP) for Heap_Mem
    startup_stm32g474xx.o(.text) refers to startup_stm32g474xx.o(STACK) for Stack_Mem
    main.o(i.Encoder_RequestRead) refers to main.o(i.Encoder_ServicePendingSpi1Dma) for Encoder_ServicePendingSpi1Dma
    main.o(i.Encoder_ServicePendingSpi1Dma) refers to mt6826.o(i.MT6826_StartDMARead) for MT6826_StartDMARead
    main.o(i.Encoder_ServicePendingSpi1Dma) refers to main.o(.data) for .data
    main.o(i.Encoder_ServicePendingSpi1Dma) refers to main.o(.bss) for .bss
    main.o(i.HAL_HRTIM_RepetitionEventCallback) refers to main.o(i.Encoder_RequestRead) for Encoder_RequestRead
    main.o(i.HAL_HRTIM_RepetitionEventCallback) refers to main.o(.bss) for .bss
    main.o(i.HAL_SPI_TxRxCpltCallback) refers to mt6826.o(i.MT6826_DMACompleteCallback) for MT6826_DMACompleteCallback
    main.o(i.HAL_SPI_TxRxCpltCallback) refers to spwm.o(i.SPWM_EncoderReadCompleteCallback) for SPWM_EncoderReadCompleteCallback
    main.o(i.HAL_SPI_TxRxCpltCallback) refers to motor.o(i.Motor_EncoderReadCompleteCallback) for Motor_EncoderReadCompleteCallback
    main.o(i.HAL_SPI_TxRxCpltCallback) refers to main.o(i.Encoder_ServicePendingSpi1Dma) for Encoder_ServicePendingSpi1Dma
    main.o(i.HAL_SPI_TxRxCpltCallback) refers to main.o(.data) for .data
    main.o(i.HAL_SPI_TxRxCpltCallback) refers to main.o(.bss) for .bss
    main.o(i.HAL_TIM_PeriodElapsedCallback) refers to spwm.o(i.SPWM_PIDCallback) for SPWM_PIDCallback
    main.o(i.HAL_TIM_PeriodElapsedCallback) refers to ui.o(i.UI_TIM8Callback) for UI_TIM8Callback
    main.o(i.HAL_TIM_PeriodElapsedCallback) refers to main.o(.bss) for .bss
    main.o(i.HAL_UART_TxCpltCallback) refers to ui.o(i.UI_TxCpltCallback) for UI_TxCpltCallback
    main.o(i.HAL_UART_TxCpltCallback) refers to main.o(.bss) for .bss
    main.o(i.MX_DMA_Init) refers to stm32g4xx_hal_cortex.o(i.HAL_NVIC_SetPriority) for HAL_NVIC_SetPriority
    main.o(i.MX_DMA_Init) refers to stm32g4xx_hal_cortex.o(i.HAL_NVIC_EnableIRQ) for HAL_NVIC_EnableIRQ
[...]
    Heap_Mem                                 0x200006a8   Data         512  startup_stm32g474xx.o(HEAP)
    STACK                                    0x200008a8   Section     1024  startup_stm32g474xx.o(STACK)
    Stack_Mem                                0x200008a8   Data        1024  startup_stm32g474xx.o(STACK)
    __initial_sp                             0x20000ca8   Data           0  startup_stm32g474xx.o(STACK)

    Global Symbols

    Symbol Name                              Value     Ov Type        Size  Object(Section)

    BuildAttributes$$THM_ISAv4$E$P$D$K$B$S$7EM$VFPi3$EXTD16$VFPS$VFMA$PE$A:L22UL41UL21$X:L11$S22US41US21$IEEE1$IW$USESV6$~STKCKD$USESV7$~SHL$OTIME$ROPI$IEEEJ$EBA8$UX$STANDARDLIB$REQ8$PRES8$EABIv2 0x00000000   Number         0  anon$$obj.o ABSOLUTE
    __ARM_use_no_argv                        0x00000000   Number         0  main.o ABSOLUTE
    _printf_flags                            0x00000000   Number         0  printf_stubs.o ABSOLUTE
    _printf_return_value                     0x00000000   Number         0  printf_stubs.o ABSOLUTE
    _printf_sizespec                         0x00000000   Number         0  printf_stubs.o ABSOLUTE
    _printf_widthprec                        0x00000000   Number         0  printf_stubs.o ABSOLUTE
    __ARM_exceptions_init                     - Undefined Weak Reference
    __alloca_initialize                       - Undefined Weak Reference
    __arm_preinit_                            - Undefined Weak Reference
    __cpp_initialize__aeabi_                  - Undefined Weak Reference
    __cxa_finalize                            - Undefined Weak Reference
    __sigvec_lookup                           - Undefined Weak Reference
    _atexit_init                              - Undefined Weak Reference
    _call_atexit_fns                          - Undefined Weak Reference
    _clock_init                               - Undefined Weak Reference
    _fp_trap_init                             - Undefined Weak Reference
    _fp_trap_shutdown                         - Undefined Weak Reference
    _get_lc_collate                           - Undefined Weak Reference
    _get_lc_ctype                             - Undefined Weak Reference
    _get_lc_monetary                          - Undefined Weak Reference
    _get_lc_time                              - Undefined Weak Reference
    _getenv_init                              - Undefined Weak Reference
    _handle_redirection                       - Undefined Weak Reference
    _init_alloc                               - Undefined Weak Reference
    _init_user_alloc                          - Undefined Weak Reference
    _initio                                   - Undefined Weak Reference
    _printf_post_padding                      - Undefined Weak Reference
    _printf_pre_padding                       - Undefined Weak Reference
    _printf_truncate_signed                   - Undefined Weak Reference
    _printf_truncate_unsigned                 - Undefined Weak Reference
    _rand_init                                - Undefined Weak Reference
    _signal_finish                            - Undefined Weak Reference
    _signal_init                              - Undefined Weak Reference
    _terminate_alloc                          - Undefined Weak Reference
    _terminate_user_alloc                     - Undefined Weak Reference
    _terminateio                              - Undefined Weak Reference
    __Vectors_Size                           0x000001d8   Number         0  startup_stm32g474xx.o ABSOLUTE
    __Vectors                                0x08000000   Data           4  startup_stm32g474xx.o(RESET)
    __Vectors_End                            0x080001d8   Data           0  startup_stm32g474xx.o(RESET)
    __main                                   0x080001d9   Thumb Code     8  __main.o(!!!main)
    __scatterload                            0x080001e1   Thumb Code     0  __scatter.o(!!!scatter)
    __scatterload_rt2                        0x080001e1   Thumb Code    44  __scatter.o(!!!scatter)
    __scatterload_rt2_thumb_only             0x080001e1   Thumb Code     0  __scatter.o(!!!scatter)
    __scatterload_null                       0x080001ef   Thumb Code     0  __scatter.o(!!!scatter)
    __scatterload_copy                       0x08000215   Thumb Code    26  __scatter_copy.o(!!handler_copy)
    __scatterload_zeroinit                   0x08000231   Thumb Code    28  __scatter_zi.o(!!handler_zi)
    _printf_f                                0x0800024d   Thumb Code     0  _printf_f.o(.ARM.Collect$$_printf_percent$$00000003)
    _printf_percent                          0x0800024d   Thumb Code     0  _printf_percent.o(.ARM.Collect$$_printf_percent$$00000000)
    _printf_d                                0x08000253   Thumb Code     0  _printf_d.o(.ARM.Collect$$_printf_percent$$00000009)
    _printf_percent_end                      0x08000259   Thumb Code     0  _printf_percent_end.o(.ARM.Collect$$_printf_percent$$00000017)
    __rt_lib_init                            0x0800025d   Thumb Code     0  libinit.o(.ARM.Collect$$libinit$$00000000)
    __rt_lib_init_fp_1                       0x0800025f   Thumb Code     0  libinit2.o(.ARM.Collect$$libinit$$00000001)
    __rt_lib_init_heap_1                     0x08000263   Thumb Code     0  libinit2.o(.ARM.Collect$$libinit$$0000000A)
    __rt_lib_init_lc_common                  0x08000263   Thumb Code     0  libinit2.o(.ARM.Collect$$libinit$$0000000F)
    __rt_lib_init_preinit_1                  0x08000263   Thumb Code     0  libinit2.o(.ARM.Collect$$libinit$$00000004)
    __rt_lib_init_rand_1                     0x08000263   Thumb Code     0  libinit2.o(.ARM.Collect$$libinit$$0000000E)
    __rt_lib_init_user_alloc_1               0x08000263   Thumb Code     0  libinit2.o(.ARM.Collect$$libinit$$0000000C)
    __rt_lib_init_lc_collate_1               0x08000269   Thumb Code     0  libinit2.o(.ARM.Collect$$libinit$$00000011)
    __rt_lib_init_lc_ctype_1                 0x08000269   Thumb Code     0  libinit2.o(.ARM.Collect$$libinit$$00000013)
    __rt_lib_init_lc_monetary_1              0x08000269   Thumb Code     0  libinit2.o(.ARM.Collect$$libinit$$00000015)
    __rt_lib_init_lc_numeric_2               0x08000269   Thumb Code     0  libinit2.o(.ARM.Collect$$libinit$$00000016)
    __rt_lib_init_alloca_1                   0x08000273   Thumb Code     0  libinit2.o(.ARM.Collect$$libinit$$0000002E)
    __rt_lib_init_argv_1                     0x08000273   Thumb Code     0  libinit2.o(.ARM.Collect$$libinit$$0000002C)
    __rt_lib_init_atexit_1                   0x08000273   Thumb Code     0  libinit2.o(.ARM.Collect$$libinit$$0000001B)
    __rt_lib_init_clock_1                    0x08000273   Thumb Code     0  libinit2.o(.ARM.Collect$$libinit$$00000021)
    __rt_lib_init_cpp_1                      0x08000273   Thumb Code     0  libinit2.o(.ARM.Collect$$libinit$$00000032)
    __rt_lib_init_exceptions_1               0x08000273   Thumb Code     0  libinit2.o(.ARM.Collect$$libinit$$00000030)
    __rt_lib_init_fp_trap_1                  0x08000273   Thumb Code     0  libinit2.o(.ARM.Collect$$libinit$$0000001F)
    __rt_lib_init_getenv_1                   0x08000273   Thumb Code     0  libinit2.o(.ARM.Collect$$libinit$$00000023)
    __rt_lib_init_lc_numeric_1               0x08000273   Thumb Code     0  libinit2.o(.ARM.Collect$$libinit$$00000017)
    __rt_lib_init_lc_time_1                  0x08000273   Thumb Code     0  libinit2.o(.ARM.Collect$$libinit$$00000019)
    __rt_lib_init_return                     0x08000273   Thumb Code     0  libinit2.o(.ARM.Collect$$libinit$$00000033)
    __rt_lib_init_signal_1                   0x08000273   Thumb Code     0  libinit2.o(.ARM.Collect$$libinit$$0000001D)
    __rt_lib_init_stdio_1                    0x08000273   Thumb Code     0  libinit2.o(.ARM.Collect$$libinit$$00000025)
    __rt_lib_shutdown                        0x08000275   Thumb Code     0  libshutdown.o(.ARM.Collect$$libshutdown$$00000000)
    __rt_lib_shutdown_cpp_1                  0x08000277   Thumb Code     0  libshutdown2.o(.ARM.Collect$$libshutdown$$00000002)
    __rt_lib_shutdown_fp_trap_1              0x08000277   Thumb Code     0  libshutdown2.o(.ARM.Collect$$libshutdown$$00000007)
    __rt_lib_shutdown_heap_1                 0x08000277   Thumb Code     0  libshutdown2.o(.ARM.Collect$$libshutdown$$0000000F)
    __rt_lib_shutdown_return                 0x08000277   Thumb Code     0  libshutdown2.o(.ARM.Collect$$libshutdown$$00000010)
    __rt_lib_shutdown_signal_1               0x08000277   Thumb Code     0  libshutdown2.o(.ARM.Collect$$libshutdown$$0000000A)
    __rt_lib_shutdown_stdio_1                0x08000277   Thumb Code     0  libshutdown2.o(.ARM.Collect$$libshutdown$$00000004)
    __rt_lib_shutdown_user_alloc_1           0x08000277   Thumb Code     0  libshutdown2.o(.ARM.Collect$$libshutdown$$0000000C)
    __rt_entry                               0x08000279   Thumb Code     0  __rtentry.o(.ARM.Collect$$rtentry$$00000000)
    __rt_entry_presh_1                       0x08000279   Thumb Code     0  __rtentry2.o(.ARM.Collect$$rtentry$$00000002)
    __rt_entry_sh                            0x08000279   Thumb Code     0  __rtentry4.o(.ARM.Collect$$rtentry$$00000004)
    __rt_entry_li                            0x0800027f   Thumb Code     0  __rtentry2.o(.ARM.Collect$$rtentry$$0000000A)
    __rt_entry_postsh_1                      0x0800027f   Thumb Code     0  __rtentry2.o(.ARM.Collect$$rtentry$$00000009)
    __rt_entry_main                          0x08000283   Thumb Code     0  __rtentry2.o(.ARM.Collect$$rtentry$$0000000D)
    __rt_entry_postli_1                      0x08000283   Thumb Code     0  __rtentry2.o(.ARM.Collect$$rtentry$$0000000C)
    __rt_exit                                0x0800028b   Thumb Code     0  rtexit.o(.ARM.Collect$$rtexit$$00000000)
    __rt_exit_ls                             0x0800028d   Thumb Code     0  rtexit2.o(.ARM.Collect$$rtexit$$00000003)
    __rt_exit_prels_1                        0x0800028d   Thumb Code     0  rtexit2.o(.ARM.Collect$$rtexit$$00000002)
    __rt_exit_exit                           0x08000291   Thumb Code     0  rtexit2.o(.ARM.Collect$$rtexit$$00000004)
    Reset_Handler                            0x08000299   Thumb Code     8  startup_stm32g474xx.o(.text)
    ADC1_2_IRQHandler                        0x080002b3   Thumb Code     0  startup_stm32g474xx.o(.text)
    ADC3_IRQHandler                          0x080002b3   Thumb Code     0  startup_stm32g474xx.o(.text)
    ADC4_IRQHandler                          0x080002b3   Thumb Code     0  startup_stm32g474xx.o(.text)
    ADC5_IRQHandler                          0x080002b3   Thumb Code     0  startup_stm32g474xx.o(.text)
    COMP1_2_3_IRQHandler                     0x080002b3   Thumb Code     0  startup_stm32g474xx.o(.text)
    COMP4_5_6_IRQHandler                     0x080002b3   Thumb Code     0  startup_stm32g474xx.o(.text)
    COMP7_IRQHandler                         0x080002b3   Thumb Code     0  startup_stm32g474xx.o(.text)
    CORDIC_IRQHandler                        0x080002b3   Thumb Code     0  startup_stm32g474xx.o(.text)
    CRS_IRQHandler                           0x080002b3   Thumb Code     0  startup_stm32g474xx.o(.text)
    DMA1_Channel3_IRQHandler                 0x080002b3   Thumb Code     0  startup_stm32g474xx.o(.text)
    DMA1_Channel6_IRQHandler                 0x080002b3   Thumb Code     0  startup_stm32g474xx.o(.text)
    DMA1_Channel7_IRQHandler                 0x080002b3   Thumb Code     0  startup_stm32g474xx.o(.text)
    DMA1_Channel8_IRQHandler                 0x080002b3   Thumb Code     0  startup_stm32g474xx.o(.text)
    DMA2_Channel1_IRQHandler                 0x080002b3   Thumb Code     0  startup_stm32g474xx.o(.text)
    DMA2_Channel2_IRQHandler                 0x080002b3   Thumb Code     0  startup_stm32g474xx.o(.text)
    DMA2_Channel3_IRQHandler                 0x080002b3   Thumb Code     0  startup_stm32g474xx.o(.text)
    DMA2_Channel4_IRQHandler                 0x080002b3   Thumb Code     0  startup_stm32g474xx.o(.text)
    DMA2_Channel5_IRQHandler                 0x080002b3   Thumb Code     0  startup_stm32g474xx.o(.text)
    DMA2_Channel6_IRQHandler                 0x080002b3   Thumb Code     0  startup_stm32g474xx.o(.text)
    DMA2_Channel7_IRQHandler                 0x080002b3   Thumb Code     0  startup_stm32g474xx.o(.text)
    DMA2_Channel8_IRQHandler                 0x080002b3   Thumb Code     0  startup_stm32g474xx.o(.text)
    DMAMUX_OVR_IRQHandler                    0x080002b3   Thumb Code     0  startup_stm32g474xx.o(.text)
    EXTI0_IRQHandler                         0x080002b3   Thumb Code     0  startup_stm32g474xx.o(.text)
    EXTI15_10_IRQHandler                     0x080002b3   Thumb Code     0  startup_stm32g474xx.o(.text)
    EXTI1_IRQHandler                         0x080002b3   Thumb Code     0  startup_stm32g474xx.o(.text)
    EXTI2_IRQHandler                         0x080002b3   Thumb Code     0  startup_stm32g474xx.o(.text)
    EXTI3_IRQHandler                         0x080002b3   Thumb Code     0  startup_stm32g474xx.o(.text)
    EXTI4_IRQHandler                         0x080002b3   Thumb Code     0  startup_stm32g474xx.o(.text)
    EXTI9_5_IRQHandler                       0x080002b3   Thumb Code     0  startup_stm32g474xx.o(.text)
    FDCAN1_IT0_IRQHandler                    0x080002b3   Thumb Code     0  startup_stm32g474xx.o(.text)
    FDCAN1_IT1_IRQHandler                    0x080002b3   Thumb Code     0  startup_stm32g474xx.o(.text)
    FDCAN2_IT0_IRQHandler                    0x080002b3   Thumb Code     0  startup_stm32g474xx.o(.text)
    FDCAN2_IT1_IRQHandler                    0x080002b3   Thumb Code     0  startup_stm32g474xx.o(.text)
    FDCAN3_IT0_IRQHandler                    0x080002b3   Thumb Code     0  startup_stm32g474xx.o(.text)
    FDCAN3_IT1_IRQHandler                    0x080002b3   Thumb Code     0  startup_stm32g474xx.o(.text)
    FLASH_IRQHandler                         0x080002b3   Thumb Code     0  startup_stm32g474xx.o(.text)
    FMAC_IRQHandler                          0x080002b3   Thumb Code     0  startup_stm32g474xx.o(.text)
    FMC_IRQHandler                           0x080002b3   Thumb Code     0  startup_stm32g474xx.o(.text)
    FPU_IRQHandler                           0x080002b3   Thumb Code     0  startup_stm32g474xx.o(.text)
    HRTIM1_FLT_IRQHandler                    0x080002b3   Thumb Code     0  startup_stm32g474xx.o(.text)
    HRTIM1_Master_IRQHandler                 0x080002b3   Thumb Code     0  startup_stm32g474xx.o(.text)
    HRTIM1_TIMB_IRQHandler                   0x080002b3   Thumb Code     0  startup_stm32g474xx.o(.text)
    HRTIM1_TIMC_IRQHandler                   0x080002b3   Thumb Code     0  startup_stm32g474xx.o(.text)
    HRTIM1_TIME_IRQHandler                   0x080002b3   Thumb Code     0  startup_stm32g474xx.o(.text)
    HRTIM1_TIMF_IRQHandler                   0x080002b3   Thumb Code     0  startup_stm32g474xx.o(.text)
    I2C1_ER_IRQHandler                       0x080002b3   Thumb Code     0  startup_stm32g474xx.o(.text)
    I2C1_EV_IRQHandler                       0x080002b3   Thumb Code     0  startup_stm32g474xx.o(.text)
    I2C2_ER_IRQHandler                       0x080002b3   Thumb Code     0  startup_stm32g474xx.o(.text)
    I2C2_EV_IRQHandler                       0x080002b3   Thumb Code     0  startup_stm32g474xx.o(.text)
    I2C3_ER_IRQHandler                       0x080002b3   Thumb Code     0  startup_stm32g474xx.o(.text)
    I2C3_EV_IRQHandler                       0x080002b3   Thumb Code     0  startup_stm32g474xx.o(.text)
    I2C4_ER_IRQHandler                       0x080002b3   Thumb Code     0  startup_stm32g474xx.o(.text)
    I2C4_EV_IRQHandler                       0x080002b3   Thumb Code     0  startup_stm32g474xx.o(.text)
    LPTIM1_IRQHandler                        0x080002b3   Thumb Code     0  startup_stm32g474xx.o(.text)
    LPUART1_IRQHandler                       0x080002b3   Thumb Code     0  startup_stm32g474xx.o(.text)
    PVD_PVM_IRQHandler                       0x080002b3   Thumb Code     0  startup_stm32g474xx.o(.text)
    QUADSPI_IRQHandler                       0x080002b3   Thumb Code     0  startup_stm32g474xx.o(.text)
    RCC_IRQHandler                           0x080002b3   Thumb Code     0  startup_stm32g474xx.o(.text)
    RNG_IRQHandler                           0x080002b3   Thumb Code     0  startup_stm32g474xx.o(.text)
    RTC_Alarm_IRQHandler                     0x080002b3   Thumb Code     0  startup_stm32g474xx.o(.text)
    RTC_TAMP_LSECSS_IRQHandler               0x080002b3   Thumb Code     0  startup_stm32g474xx.o(.text)
    RTC_WKUP_IRQHandler                      0x080002b3   Thumb Code     0  startup_stm32g474xx.o(.text)
    SAI1_IRQHandler                          0x080002b3   Thumb Code     0  startup_stm32g474xx.o(.text)
    SPI1_IRQHandler                          0x080002b3   Thumb Code     0  startup_stm32g474xx.o(.text)
    SPI2_IRQHandler                          0x080002b3   Thumb Code     0  startup_stm32g474xx.o(.text)
    SPI3_IRQHandler                          0x080002b3   Thumb Code     0  startup_stm32g474xx.o(.text)
    SPI4_IRQHandler                          0x080002b3   Thumb Code     0  startup_stm32g474xx.o(.text)
    TIM1_BRK_TIM15_IRQHandler                0x080002b3   Thumb Code     0  startup_stm32g474xx.o(.text)
    TIM1_CC_IRQHandler                       0x080002b3   Thumb Code     0  startup_stm32g474xx.o(.text)
    TIM1_UP_TIM16_IRQHandler                 0x080002b3   Thumb Code     0  startup_stm32g474xx.o(.text)
    TIM20_BRK_IRQHandler                     0x080002b3   Thumb Code     0  startup_stm32g474xx.o(.text)
    TIM20_CC_IRQHandler                      0x080002b3   Thumb Code     0  startup_stm32g474xx.o(.text)
    TIM20_TRG_COM_IRQHandler                 0x080002b3   Thumb Code     0  startup_stm32g474xx.o(.text)
    TIM20_UP_IRQHandler                      0x080002b3   Thumb Code     0  startup_stm32g474xx.o(.text)
    TIM2_IRQHandler                          0x080002b3   Thumb Code     0  startup_stm32g474xx.o(.text)
    TIM4_IRQHandler                          0x080002b3   Thumb Code     0  startup_stm32g474xx.o(.text)
    TIM5_IRQHandler                          0x080002b3   Thumb Code     0  startup_stm32g474xx.o(.text)
    TIM6_DAC_IRQHandler                      0x080002b3   Thumb Code     0  startup_stm32g474xx.o(.text)
    TIM7_DAC_IRQHandler                      0x080002b3   Thumb Code     0  startup_stm32g474xx.o(.text)
    TIM8_BRK_IRQHandler                      0x080002b3   Thumb Code     0  startup_stm32g474xx.o(.text)
    TIM8_CC_IRQHandler                       0x080002b3   Thumb Code     0  startup_stm32g474xx.o(.text)
    TIM8_TRG_COM_IRQHandler                  0x080002b3   Thumb Code     0  startup_stm32g474xx.o(.text)
    UART4_IRQHandler                         0x080002b3   Thumb Code     0  startup_stm32g474xx.o(.text)
    UART5_IRQHandler                         0x080002b3   Thumb Code     0  startup_stm32g474xx.o(.text)
    UCPD1_IRQHandler                         0x080002b3   Thumb Code     0  startup_stm32g474xx.o(.text)
    USART2_IRQHandler                        0x080002b3   Thumb Code     0  startup_stm32g474xx.o(.text)
    USART3_IRQHandler                        0x080002b3   Thumb Code     0  startup_stm32g474xx.o(.text)
    USBWakeUp_IRQHandler                     0x080002b3   Thumb Code     0  startup_stm32g474xx.o(.text)
    USB_HP_IRQHandler                        0x080002b3   Thumb Code     0  startup_stm32g474xx.o(.text)
    USB_LP_IRQHandler                        0x080002b3   Thumb Code     0  startup_stm32g474xx.o(.text)
    WWDG_IRQHandler                          0x080002b3   Thumb Code     0  startup_stm32g474xx.o(.text)
    __user_initial_stackheap                 0x080002b5   Thumb Code     0  startup_stm32g474xx.o(.text)
    __aeabi_uldivmod                         0x080002d9   Thumb Code     0  lludivv7m.o(.text)
    _ll_udiv                                 0x080002d9   Thumb Code   238  lludivv7m.o(.text)
    __2snprintf                              0x080003c9   Thumb Code    50  __2snprintf.o(.text)
    _printf_int_dec                          0x08000401   Thumb Code   104  _printf_dec.o(.text)
    __printf                                 0x08000479   Thumb Code   270  __printf_wp.o(.text)
    __aeabi_memcpy4                          0x08000587   Thumb Code     0  rt_memcpy_w.o(.text)
    __aeabi_memcpy8                          0x08000587   Thumb Code     0  rt_memcpy_w.o(.text)
    __rt_memcpy_w                            0x08000587   Thumb Code   100  rt_memcpy_w.o(.text)
    _memcpy_lastbytes_aligned                0x080005cf   Thumb Code     0  rt_memcpy_w.o(.text)
    __aeabi_memclr4                          0x080005eb   Thumb Code     0  rt_memclr_w.o(.text)
    __aeabi_memclr8                          0x080005eb   Thumb Code     0  rt_memclr_w.o(.text)
    __rt_memclr_w                            0x080005eb   Thumb Code    78  rt_memclr_w.o(.text)
    _memset_w                                0x080005ef   Thumb Code     0  rt_memclr_w.o(.text)
    __use_two_region_memory                  0x08000639   Thumb Code     2  heapauxi.o(.text)
    __rt_heap_escrow$2region                 0x0800063b   Thumb Code     2  heapauxi.o(.text)
    __rt_heap_expand$2region                 0x0800063d   Thumb Code     2  heapauxi.o(.text)
    _printf_int_common                       0x0800063f   Thumb Code   178  _printf_intcommon.o(.text)
    __lib_sel_fp_printf                      0x080006f1   Thumb Code     2  _printf_fp_dec.o(.text)
    _printf_fp_dec_real                      0x080008a3   Thumb Code   620  _printf_fp_dec.o(.text)
    _printf_char_common                      0x08000b1b   Thumb Code    32  _printf_char_common.o(.text)
    _sputc                                   0x08000b41   Thumb Code    10  _sputc.o(.text)
    _snputc                                  0x08000b4b   Thumb Code    16  _snputc.o(.text)
    __rt_locale                              0x08000b5d   Thumb Code     8  rt_locale_intlibspace.o(.text)
    _ll_udiv10                               0x08000b65   Thumb Code   138  lludiv10.o(.text)
    _printf_fp_infnan                        0x08000bf1   Thumb Code   112  _printf_fp_infnan.o(.text)
    _btod_etento                             0x08000c71   Thumb Code   224  bigflt0.o(.text)
    __user_libspace                          0x08000d55   Thumb Code     8  libspace.o(.text)
    __user_perproc_libspace                  0x08000d55   Thumb Code     0  libspace.o(.text)
    __user_perthread_libspace                0x08000d55   Thumb Code     0  libspace.o(.text)
    __user_setup_stackheap                   0x08000d5d   Thumb Code    74  sys_stackheap_outer.o(.text)
    exit                                     0x08000da7   Thumb Code    18  exit.o(.text)
    strcmp                                   0x08000db9   Thumb Code   128  strcmpv7m.o(.text)
    _sys_exit                                0x08000e39   Thumb Code     8  sys_exit.o(.text)
    __I$use$semihosting                      0x08000e45   Thumb Code     0  use_no_semi.o(.text)
    __use_no_semihosting_swi                 0x08000e45   Thumb Code     2  use_no_semi.o(.text)
    __semihosting_library_function           0x08000e47   Thumb Code     0  indicate_semi.o(.text)
    _btod_d2e                                0x08000e47   Thumb Code    62  btod.o(CL$$btod_d2e)
    _d2e_denorm_low                          0x08000e85   Thumb Code    70  btod.o(CL$$btod_d2e_denorm_low)
    _d2e_norm_op1                            0x08000ecb   Thumb Code    96  btod.o(CL$$btod_d2e_norm_op1)
    __btod_div_common                        0x08000f2b   Thumb Code   696  btod.o(CL$$btod_div_common)
    _e2e                                     0x08001263   Thumb Code   220  btod.o(CL$$btod_e2e)
    _btod_ediv                               0x0800133f   Thumb Code    42  btod.o(CL$$btod_ediv)
    _btod_emul                               0x08001369   Thumb Code    42  btod.o(CL$$btod_emul)
    __btod_mult_common                       0x08001393   Thumb Code   580  btod.o(CL$$btod_mult_common)
    BusFault_Handler                         0x080015d7   Thumb Code     2  stm32g4xx_it.o(i.BusFault_Handler)
    DMA1_Channel1_IRQHandler                 0x080015d9   Thumb Code     6  stm32g4xx_it.o(i.DMA1_Channel1_IRQHandler)
    DMA1_Channel2_IRQHandler                 0x080015e5   Thumb Code     6  stm32g4xx_it.o(i.DMA1_Channel2_IRQHandler)
    DMA1_Channel4_IRQHandler                 0x080015f1   Thumb Code     6  stm32g4xx_it.o(i.DMA1_Channel4_IRQHandler)
    DMA1_Channel5_IRQHandler                 0x080015fd   Thumb Code     6  stm32g4xx_it.o(i.DMA1_Channel5_IRQHandler)
    DebugMon_Handler                         0x080016b7   Thumb Code     2  stm32g4xx_it.o(i.DebugMon_Handler)
    Error_Handler                            0x08001721   Thumb Code     4  main.o(i.Error_Handler)
    HAL_CORDIC_Configure                     0x08001725   Thumb Code    66  stm32g4xx_hal_cordic.o(i.HAL_CORDIC_Configure)
    HAL_CORDIC_Init                          0x0800176d   Thumb Code    52  stm32g4xx_hal_cordic.o(i.HAL_CORDIC_Init)
    HAL_CORDIC_MspInit                       0x080017a1   Thumb Code    30  stm32g4xx_hal_msp.o(i.HAL_CORDIC_MspInit)
    HAL_DMA_Abort                            0x080017c9   Thumb Code   112  stm32g4xx_hal_dma.o(i.HAL_DMA_Abort)
    HAL_DMA_Abort_IT                         0x08001839   Thumb Code   120  stm32g4xx_hal_dma.o(i.HAL_DMA_Abort_IT)
    HAL_DMA_IRQHandler                       0x080018b1   Thumb Code   186  stm32g4xx_hal_dma.o(i.HAL_DMA_IRQHandler)
    HAL_DMA_Init                             0x0800196d   Thumb Code   182  stm32g4xx_hal_dma.o(i.HAL_DMA_Init)
    HAL_DMA_Start_IT                         0x08001a31   Thumb Code   140  stm32g4xx_hal_dma.o(i.HAL_DMA_Start_IT)
    HAL_Delay                                0x08001abd   Thumb Code    32  stm32g4xx_hal.o(i.HAL_Delay)
    HAL_GPIO_Init                            0x08001ae1   Thumb Code   532  stm32g4xx_hal_gpio.o(i.HAL_GPIO_Init)
    HAL_GPIO_WritePin                        0x08001d15   Thumb Code    10  stm32g4xx_hal_gpio.o(i.HAL_GPIO_WritePin)
    HAL_GetTick                              0x08001d21   Thumb Code     6  stm32g4xx_hal.o(i.HAL_GetTick)
    HAL_HRTIM_BurstModePeriodCallback        0x08001d2d   Thumb Code     2  stm32g4xx_hal_hrtim.o(i.HAL_HRTIM_BurstModePeriodCallback)
    HAL_HRTIM_Capture1EventCallback          0x08001d2f   Thumb Code     2  stm32g4xx_hal_hrtim.o(i.HAL_HRTIM_Capture1EventCallback)
    HAL_HRTIM_Capture2EventCallback          0x08001d31   Thumb Code     2  stm32g4xx_hal_hrtim.o(i.HAL_HRTIM_Capture2EventCallback)
    HAL_HRTIM_Compare1EventCallback          0x08001d33   Thumb Code     2  stm32g4xx_hal_hrtim.o(i.HAL_HRTIM_Compare1EventCallback)
    HAL_HRTIM_Compare2EventCallback          0x08001d35   Thumb Code     2  stm32g4xx_hal_hrtim.o(i.HAL_HRTIM_Compare2EventCallback)
    HAL_HRTIM_Compare3EventCallback          0x08001d37   Thumb Code     2  stm32g4xx_hal_hrtim.o(i.HAL_HRTIM_Compare3EventCallback)
    HAL_HRTIM_Compare4EventCallback          0x08001d39   Thumb Code     2  stm32g4xx_hal_hrtim.o(i.HAL_HRTIM_Compare4EventCallback)
    HAL_HRTIM_CounterResetCallback           0x08001d3b   Thumb Code     2  stm32g4xx_hal_hrtim.o(i.HAL_HRTIM_CounterResetCallback)
    HAL_HRTIM_DLLCalibrationReadyCallback    0x08001d3d   Thumb Code     2  stm32g4xx_hal_hrtim.o(i.HAL_HRTIM_DLLCalibrationReadyCallback)
    HAL_HRTIM_DLLCalibrationStart            0x08001d3f   Thumb Code    98  stm32g4xx_hal_hrtim.o(i.HAL_HRTIM_DLLCalibrationStart)
    HAL_HRTIM_DeadTimeConfig                 0x08001da1   Thumb Code   136  stm32g4xx_hal_hrtim.o(i.HAL_HRTIM_DeadTimeConfig)
    HAL_HRTIM_DelayedProtectionCallback      0x08001e2d   Thumb Code     2  stm32g4xx_hal_hrtim.o(i.HAL_HRTIM_DelayedProtectionCallback)
    HAL_HRTIM_Fault1Callback                 0x08001e2f   Thumb Code     2  stm32g4xx_hal_hrtim.o(i.HAL_HRTIM_Fault1Callback)
    HAL_HRTIM_Fault2Callback                 0x08001e31   Thumb Code     2  stm32g4xx_hal_hrtim.o(i.HAL_HRTIM_Fault2Callback)
    HAL_HRTIM_Fault3Callback                 0x08001e33   Thumb Code     2  stm32g4xx_hal_hrtim.o(i.HAL_HRTIM_Fault3Callback)
    HAL_HRTIM_Fault4Callback                 0x08001e35   Thumb Code     2  stm32g4xx_hal_hrtim.o(i.HAL_HRTIM_Fault4Callback)
    HAL_HRTIM_Fault5Callback                 0x08001e37   Thumb Code     2  stm32g4xx_hal_hrtim.o(i.HAL_HRTIM_Fault5Callback)
    HAL_HRTIM_Fault6Callback                 0x08001e39   Thumb Code     2  stm32g4xx_hal_hrtim.o(i.HAL_HRTIM_Fault6Callback)
    HAL_HRTIM_FaultBlankingConfigAndEnable   0x08001e3d   Thumb Code   236  stm32g4xx_hal_hrtim.o(i.HAL_HRTIM_FaultBlankingConfigAndEnable)
    HAL_HRTIM_FaultConfig                    0x08001f29   Thumb Code   468  stm32g4xx_hal_hrtim.o(i.HAL_HRTIM_FaultConfig)
    HAL_HRTIM_FaultCounterConfig             0x080020fd   Thumb Code   244  stm32g4xx_hal_hrtim.o(i.HAL_HRTIM_FaultCounterConfig)
    HAL_HRTIM_FaultModeCtl                   0x080021f1   Thumb Code   112  stm32g4xx_hal_hrtim.o(i.HAL_HRTIM_FaultModeCtl)
    HAL_HRTIM_FaultPrescalerConfig           0x08002261   Thumb Code    64  stm32g4xx_hal_hrtim.o(i.HAL_HRTIM_FaultPrescalerConfig)
    HAL_HRTIM_IRQHandler                     0x080022a1   Thumb Code    20  stm32g4xx_hal_hrtim.o(i.HAL_HRTIM_IRQHandler)
    HAL_HRTIM_Init                           0x080022b5   Thumb Code   184  stm32g4xx_hal_hrtim.o(i.HAL_HRTIM_Init)
    HAL_HRTIM_MspInit                        0x08002375   Thumb Code   158  stm32g4xx_hal_msp.o(i.HAL_HRTIM_MspInit)
    HAL_HRTIM_MspPostInit                    0x08002421   Thumb Code   172  stm32g4xx_hal_msp.o(i.HAL_HRTIM_MspPostInit)
    HAL_HRTIM_Output1ResetCallback           0x080024dd   Thumb Code     2  stm32g4xx_hal_hrtim.o(i.HAL_HRTIM_Output1ResetCallback)
    HAL_HRTIM_Output1SetCallback             0x080024df   Thumb Code     2  stm32g4xx_hal_hrtim.o(i.HAL_HRTIM_Output1SetCallback)
    HAL_HRTIM_Output2ResetCallback           0x080024e1   Thumb Code     2  stm32g4xx_hal_hrtim.o(i.HAL_HRTIM_Output2ResetCallback)
    HAL_HRTIM_Output2SetCallback             0x080024e3   Thumb Code     2  stm32g4xx_hal_hrtim.o(i.HAL_HRTIM_Output2SetCallback)
    HAL_HRTIM_PollForDLLCalibration          0x080024e5   Thumb Code    66  stm32g4xx_hal_hrtim.o(i.HAL_HRTIM_PollForDLLCalibration)
    HAL_HRTIM_RegistersUpdateCallback        0x08002527   Thumb Code     2  stm32g4xx_hal_hrtim.o(i.HAL_HRTIM_RegistersUpdateCallback)
    HAL_HRTIM_RepetitionEventCallback        0x08002529   Thumb Code    52  main.o(i.HAL_HRTIM_RepetitionEventCallback)
    HAL_HRTIM_SynchronizationEventCallback   0x08002565   Thumb Code     2  stm32g4xx_hal_hrtim.o(i.HAL_HRTIM_SynchronizationEventCallback)
    HAL_HRTIM_SystemFaultCallback            0x08002567   Thumb Code     2  stm32g4xx_hal_hrtim.o(i.HAL_HRTIM_SystemFaultCallback)
    HAL_HRTIM_TimeBaseConfig                 0x08002569   Thumb Code   122  stm32g4xx_hal_hrtim.o(i.HAL_HRTIM_TimeBaseConfig)
    HAL_HRTIM_WaveformCompareConfig          0x080025e3   Thumb Code   308  stm32g4xx_hal_hrtim.o(i.HAL_HRTIM_WaveformCompareConfig)
    HAL_HRTIM_WaveformCountStart             0x08002717   Thumb Code    44  stm32g4xx_hal_hrtim.o(i.HAL_HRTIM_WaveformCountStart)
    HAL_HRTIM_WaveformCountStop              0x08002743   Thumb Code    44  stm32g4xx_hal_hrtim.o(i.HAL_HRTIM_WaveformCountStop)
    HAL_HRTIM_WaveformOutputConfig           0x0800276f   Thumb Code    54  stm32g4xx_hal_hrtim.o(i.HAL_HRTIM_WaveformOutputConfig)
    HAL_HRTIM_WaveformOutputStart            0x080027a5   Thumb Code    48  stm32g4xx_hal_hrtim.o(i.HAL_HRTIM_WaveformOutputStart)
    HAL_HRTIM_WaveformOutputStop             0x080027d5   Thumb Code    48  stm32g4xx_hal_hrtim.o(i.HAL_HRTIM_WaveformOutputStop)
    HAL_HRTIM_WaveformTimerConfig            0x08002805   Thumb Code   144  stm32g4xx_hal_hrtim.o(i.HAL_HRTIM_WaveformTimerConfig)
    HAL_HRTIM_WaveformTimerControl           0x08002895   Thumb Code   122  stm32g4xx_hal_hrtim.o(i.HAL_HRTIM_WaveformTimerControl)
    HAL_IncTick                              0x08002911   Thumb Code    12  stm32g4xx_hal.o(i.HAL_IncTick)
    HAL_Init                                 0x08002921   Thumb Code    30  stm32g4xx_hal.o(i.HAL_Init)
    HAL_InitTick                             0x08002941   Thumb Code    58  stm32g4xx_hal.o(i.HAL_InitTick)
    HAL_MspInit                              0x08002985   Thumb Code    42  stm32g4xx_hal_msp.o(i.HAL_MspInit)
    HAL_NVIC_EnableIRQ                       0x080029b5   Thumb Code    26  stm32g4xx_hal_cortex.o(i.HAL_NVIC_EnableIRQ)
    HAL_NVIC_SetPriority                     0x080029d1   Thumb Code    60  stm32g4xx_hal_cortex.o(i.HAL_NVIC_SetPriority)
    HAL_NVIC_SetPriorityGrouping             0x08002a11   Thumb Code    26  stm32g4xx_hal_cortex.o(i.HAL_NVIC_SetPriorityGrouping)
    HAL_PWREx_ControlVoltageScaling          0x08002a35   Thumb Code   174  stm32g4xx_hal_pwr_ex.o(i.HAL_PWREx_ControlVoltageScaling)
    HAL_PWREx_DisableUCPDDeadBattery         0x08002af1   Thumb Code    12  stm32g4xx_hal_pwr_ex.o(i.HAL_PWREx_DisableUCPDDeadBattery)
    HAL_RCCEx_PeriphCLKConfig                0x08002b01   Thumb Code   758  stm32g4xx_hal_rcc_ex.o(i.HAL_RCCEx_PeriphCLKConfig)
    HAL_RCC_ClockConfig                      0x08002e01   Thumb Code   444  stm32g4xx_hal_rcc.o(i.HAL_RCC_ClockConfig)
    HAL_RCC_GetPCLK1Freq                     0x08002fdd   Thumb Code    24  stm32g4xx_hal_rcc.o(i.HAL_RCC_GetPCLK1Freq)
    HAL_RCC_GetPCLK2Freq                     0x08003001   Thumb Code    24  stm32g4xx_hal_rcc.o(i.HAL_RCC_GetPCLK2Freq)
    HAL_RCC_GetSysClockFreq                  0x08003025   Thumb Code    98  stm32g4xx_hal_rcc.o(i.HAL_RCC_GetSysClockFreq)
    HAL_RCC_OscConfig                        0x08003095   Thumb Code  1028  stm32g4xx_hal_rcc.o(i.HAL_RCC_OscConfig)
    HAL_SPI_ErrorCallback                    0x08003499   Thumb Code     2  stm32g4xx_hal_spi.o(i.HAL_SPI_ErrorCallback)
    HAL_SPI_Init                             0x0800349b   Thumb Code   234  stm32g4xx_hal_spi.o(i.HAL_SPI_Init)
    HAL_SPI_MspInit                          0x08003585   Thumb Code   188  stm32g4xx_hal_msp.o(i.HAL_SPI_MspInit)
    HAL_SPI_RxCpltCallback                   0x08003655   Thumb Code     2  stm32g4xx_hal_spi.o(i.HAL_SPI_RxCpltCallback)
    HAL_SPI_RxHalfCpltCallback               0x08003657   Thumb Code     2  stm32g4xx_hal_spi.o(i.HAL_SPI_RxHalfCpltCallback)
    HAL_SPI_TransmitReceive_DMA              0x08003659   Thumb Code   414  stm32g4xx_hal_spi.o(i.HAL_SPI_TransmitReceive_DMA)
    HAL_SPI_TxRxCpltCallback                 0x0800380d   Thumb Code    96  main.o(i.HAL_SPI_TxRxCpltCallback)
    HAL_SPI_TxRxHalfCpltCallback             0x0800387d   Thumb Code     2  stm32g4xx_hal_spi.o(i.HAL_SPI_TxRxHalfCpltCallback)
    HAL_SYSTICK_Config                       0x0800387f   Thumb Code    40  stm32g4xx_hal_cortex.o(i.HAL_SYSTICK_Config)
    HAL_TIMEx_Break2Callback                 0x080038a7   Thumb Code     2  stm32g4xx_hal_tim_ex.o(i.HAL_TIMEx_Break2Callback)
    HAL_TIMEx_BreakCallback                  0x080038a9   Thumb Code     2  stm32g4xx_hal_tim_ex.o(i.HAL_TIMEx_BreakCallback)
    HAL_TIMEx_CommutCallback                 0x080038ab   Thumb Code     2  stm32g4xx_hal_tim_ex.o(i.HAL_TIMEx_CommutCallback)
    HAL_TIMEx_DirectionChangeCallback        0x080038ad   Thumb Code     2  stm32g4xx_hal_tim_ex.o(i.HAL_TIMEx_DirectionChangeCallback)
    HAL_TIMEx_EncoderIndexCallback           0x080038af   Thumb Code     2  stm32g4xx_hal_tim_ex.o(i.HAL_TIMEx_EncoderIndexCallback)
    HAL_TIMEx_IndexErrorCallback             0x080038b1   Thumb Code     2  stm32g4xx_hal_tim_ex.o(i.HAL_TIMEx_IndexErrorCallback)
    HAL_TIMEx_MasterConfigSynchronization    0x080038b5   Thumb Code   150  stm32g4xx_hal_tim_ex.o(i.HAL_TIMEx_MasterConfigSynchronization)
    HAL_TIMEx_TransitionErrorCallback        0x0800396d   Thumb Code     2  stm32g4xx_hal_tim_ex.o(i.HAL_TIMEx_TransitionErrorCallback)
    HAL_TIM_Base_Init                        0x0800396f   Thumb Code    98  stm32g4xx_hal_tim.o(i.HAL_TIM_Base_Init)
    HAL_TIM_Base_MspInit                     0x080039d1   Thumb Code    86  stm32g4xx_hal_msp.o(i.HAL_TIM_Base_MspInit)
    HAL_TIM_Base_Start_IT                    0x08003a35   Thumb Code   106  stm32g4xx_hal_tim.o(i.HAL_TIM_Base_Start_IT)
    HAL_TIM_ConfigClockSource                0x08003ac1   Thumb Code   234  stm32g4xx_hal_tim.o(i.HAL_TIM_ConfigClockSource)
    HAL_TIM_Encoder_Init                     0x08003bb1   Thumb Code   162  stm32g4xx_hal_tim.o(i.HAL_TIM_Encoder_Init)
    HAL_TIM_Encoder_MspInit                  0x08003c59   Thumb Code   100  stm32g4xx_hal_msp.o(i.HAL_TIM_Encoder_MspInit)
    HAL_TIM_Encoder_Start                    0x08003cc9   Thumb Code   142  stm32g4xx_hal_tim.o(i.HAL_TIM_Encoder_Start)
    HAL_TIM_IC_CaptureCallback               0x08003d57   Thumb Code     2  stm32g4xx_hal_tim.o(i.HAL_TIM_IC_CaptureCallback)
    HAL_TIM_IRQHandler                       0x08003d59   Thumb Code   418  stm32g4xx_hal_tim.o(i.HAL_TIM_IRQHandler)
    HAL_TIM_OC_DelayElapsedCallback          0x08003efb   Thumb Code     2  stm32g4xx_hal_tim.o(i.HAL_TIM_OC_DelayElapsedCallback)
    HAL_TIM_PWM_PulseFinishedCallback        0x08003efd   Thumb Code     2  stm32g4xx_hal_tim.o(i.HAL_TIM_PWM_PulseFinishedCallback)
    HAL_TIM_PeriodElapsedCallback            0x08003f01   Thumb Code    48  main.o(i.HAL_TIM_PeriodElapsedCallback)
    HAL_TIM_TriggerCallback                  0x08003f3d   Thumb Code     2  stm32g4xx_hal_tim.o(i.HAL_TIM_TriggerCallback)
    HAL_UARTEx_DisableFifoMode               0x08003f3f   Thumb Code    62  stm32g4xx_hal_uart_ex.o(i.HAL_UARTEx_DisableFifoMode)
    HAL_UARTEx_RxEventCallback               0x08003f7d   Thumb Code     2  stm32g4xx_hal_uart.o(i.HAL_UARTEx_RxEventCallback)
    HAL_UARTEx_RxFifoFullCallback            0x08003f7f   Thumb Code     2  stm32g4xx_hal_uart_ex.o(i.HAL_UARTEx_RxFifoFullCallback)
    HAL_UARTEx_SetRxFifoThreshold            0x08003f81   Thumb Code    76  stm32g4xx_hal_uart_ex.o(i.HAL_UARTEx_SetRxFifoThreshold)
    HAL_UARTEx_SetTxFifoThreshold            0x08003fcd   Thumb Code    76  stm32g4xx_hal_uart_ex.o(i.HAL_UARTEx_SetTxFifoThreshold)
    HAL_UARTEx_TxFifoEmptyCallback           0x08004019   Thumb Code     2  stm32g4xx_hal_uart_ex.o(i.HAL_UARTEx_TxFifoEmptyCallback)
    HAL_UARTEx_WakeupCallback                0x0800401b   Thumb Code     2  stm32g4xx_hal_uart_ex.o(i.HAL_UARTEx_WakeupCallback)
    HAL_UART_ErrorCallback                   0x0800401d   Thumb Code     2  stm32g4xx_hal_uart.o(i.HAL_UART_ErrorCallback)
    HAL_UART_IRQHandler                      0x08004021   Thumb Code   782  stm32g4xx_hal_uart.o(i.HAL_UART_IRQHandler)
    HAL_UART_Init                            0x0800433d   Thumb Code   106  stm32g4xx_hal_uart.o(i.HAL_UART_Init)
    HAL_UART_MspInit                         0x080043a9   Thumb Code   218  stm32g4xx_hal_msp.o(i.HAL_UART_MspInit)
    HAL_UART_Transmit_DMA                    0x0800449d   Thumb Code   132  stm32g4xx_hal_uart.o(i.HAL_UART_Transmit_DMA)
    HAL_UART_TxCpltCallback                  0x0800452d   Thumb Code    16  main.o(i.HAL_UART_TxCpltCallback)
    HAL_UART_TxHalfCpltCallback              0x08004545   Thumb Code     2  stm32g4xx_hal_uart.o(i.HAL_UART_TxHalfCpltCallback)
    HRTIM1_TIMA_IRQHandler                   0x08004549   Thumb Code     8  stm32g4xx_it.o(i.HRTIM1_TIMA_IRQHandler)
    HRTIM1_TIMD_IRQHandler                   0x08004555   Thumb Code     8  stm32g4xx_it.o(i.HRTIM1_TIMD_IRQHandler)
    HardFault_Handler                        0x08004bd1   Thumb Code     2  stm32g4xx_it.o(i.HardFault_Handler)
    MT6826_DMACompleteCallback               0x08004bd3   Thumb Code    60  mt6826.o(i.MT6826_DMACompleteCallback)
    MT6826_GetAngleRaw                       0x08004c0f   Thumb Code    10  mt6826.o(i.MT6826_GetAngleRaw)
    MT6826_Init                              0x08004c19   Thumb Code    64  mt6826.o(i.MT6826_Init)
    MT6826_StartDMARead                      0x08004c59   Thumb Code    38  mt6826.o(i.MT6826_StartDMARead)
    MemManage_Handler                        0x080053ad   Thumb Code     2  stm32g4xx_it.o(i.MemManage_Handler)
    Motor_ApplySPWM                          0x080053b1   Thumb Code   266  motor.o(i.Motor_ApplySPWM)
    Motor_EncoderReadCompleteCallback        0x080054e9   Thumb Code    44  motor.o(i.Motor_EncoderReadCompleteCallback)
    Motor_Init                               0x08005515   Thumb Code   242  motor.o(i.Motor_Init)
    Motor_SetElecOffset                      0x08005619   Thumb Code     4  motor.o(i.Motor_SetElecOffset)
    Motor_Start                              0x0800561d   Thumb Code    50  motor.o(i.Motor_Start)
    Motor_Stop                               0x0800564f   Thumb Code    50  motor.o(i.Motor_Stop)
    NMI_Handler                              0x08005681   Thumb Code     2  stm32g4xx_it.o(i.NMI_Handler)
    PendSV_Handler                           0x08005683   Thumb Code     2  stm32g4xx_it.o(i.PendSV_Handler)
    SPWM_AlignToZero                         0x080059dd   Thumb Code    92  spwm.o(i.SPWM_AlignToZero)
    SPWM_EncoderReadCompleteCallback         0x08005a3d   Thumb Code    92  spwm.o(i.SPWM_EncoderReadCompleteCallback)
    SPWM_Init                                0x08005a9d   Thumb Code    98  spwm.o(i.SPWM_Init)
    SPWM_PIDCallback                         0x08005b11   Thumb Code   282  spwm.o(i.SPWM_PIDCallback)
    SPWM_SetPID                              0x08005c39   Thumb Code    12  spwm.o(i.SPWM_SetPID)
    SPWM_SetTarget                           0x08005c45   Thumb Code    62  spwm.o(i.SPWM_SetTarget)
    SPWM_Start                               0x08005c91   Thumb Code    80  spwm.o(i.SPWM_Start)
    SVC_Handler                              0x08005ce9   Thumb Code     2  stm32g4xx_it.o(i.SVC_Handler)
    SysTick_Handler                          0x08005ceb   Thumb Code     4  stm32g4xx_it.o(i.SysTick_Handler)
    SystemClock_Config                       0x08005cef   Thumb Code   110  main.o(i.SystemClock_Config)
    SystemInit                               0x08005d5d   Thumb Code    12  system_stm32g4xx.o(i.SystemInit)
    TIM1_TRG_COM_TIM17_IRQHandler            0x08005d6d   Thumb Code     6  stm32g4xx_it.o(i.TIM1_TRG_COM_TIM17_IRQHandler)
    TIM3_IRQHandler                          0x08005d79   Thumb Code     6  stm32g4xx_it.o(i.TIM3_IRQHandler)
    TIM8_UP_IRQHandler                       0x08005d85   Thumb Code     6  stm32g4xx_it.o(i.TIM8_UP_IRQHandler)
    TIM_Base_SetConfig                       0x08005d91   Thumb Code   184  stm32g4xx_hal_tim.o(i.TIM_Base_SetConfig)
    TIM_CCxChannelCmd                        0x08005e6d   Thumb Code    26  stm32g4xx_hal_tim.o(i.TIM_CCxChannelCmd)
    TIM_ETR_SetConfig                        0x08005e87   Thumb Code    20  stm32g4xx_hal_tim.o(i.TIM_ETR_SetConfig)
    UART_AdvFeatureConfig                    0x08005fa9   Thumb Code   200  stm32g4xx_hal_uart.o(i.UART_AdvFeatureConfig)
    UART_CheckIdleState                      0x08006071   Thumb Code   172  stm32g4xx_hal_uart.o(i.UART_CheckIdleState)
    UART_SetConfig                           0x0800623d   Thumb Code   614  stm32g4xx_hal_uart.o(i.UART_SetConfig)
    UART_WaitOnFlagUntilTimeout              0x080064d5   Thumb Code   148  stm32g4xx_hal_uart.o(i.UART_WaitOnFlagUntilTimeout)
    UI_Init                                  0x08006569   Thumb Code    46  ui.o(i.UI_Init)
    UI_Poll                                  0x08006599   Thumb Code   188  ui.o(i.UI_Poll)
    UI_TIM8Callback                          0x08006665   Thumb Code   172  ui.o(i.UI_TIM8Callback)
    UI_TxCpltCallback                        0x0800672d   Thumb Code     6  ui.o(i.UI_TxCpltCallback)
    USART1_IRQHandler                        0x08006735   Thumb Code     6  stm32g4xx_it.o(i.USART1_IRQHandler)
    UsageFault_Handler                       0x08006741   Thumb Code     2  stm32g4xx_it.o(i.UsageFault_Handler)
    __ARM_fpclassify                         0x08006743   Thumb Code    48  fpclassify.o(i.__ARM_fpclassify)
    _is_digit                                0x08006793   Thumb Code    14  __printf_wp.o(i._is_digit)
    main                                     0x080067a1   Thumb Code   372  main.o(i.main)
    _get_lc_numeric                          0x0800693d   Thumb Code    44  lc_numeric_c.o(locale$$code)
    __fpl_dretinf                            0x08006969   Thumb Code    12  dretinf.o(x$fpl$dretinf)
    __aeabi_f2d                              0x08006975   Thumb Code     0  f2d.o(x$fpl$f2d)
    _f2d                                     0x08006975   Thumb Code    86  f2d.o(x$fpl$f2d)
    __fpl_fnaninf                            0x080069cb   Thumb Code   140  fnaninf.o(x$fpl$fnaninf)
    _fp_init                                 0x08006a57   Thumb Code    10  fpinit.o(x$fpl$fpinit)
    __fplib_config_fpu_vfp                   0x08006a5f   Thumb Code     0  fpinit.o(x$fpl$fpinit)
    __fplib_config_pureend_doubles           0x08006a5f   Thumb Code     0  fpinit.o(x$fpl$fpinit)
    _printf_fp_dec                           0x08006a61   Thumb Code     4  printf1.o(x$fpl$printf1)
    __I$use$fp                               0x08006a64   Number         0  usenofp.o(x$fpl$usenofp)
    UARTPrescTable                           0x08006a94   Data          24  stm32g4xx_hal_uart.o(.constdata)
    AHBPrescTable                            0x08006abc   Data          16  system_stm32g4xx.o(.constdata)
    APBPrescTable                            0x08006acc   Data           8  system_stm32g4xx.o(.constdata)
    Region$$Table$$Base                      0x08006b68   Number         0  anon$$obj.o(Region$$Table)
    Region$$Table$$Limit                     0x08006b88   Number         0  anon$$obj.o(Region$$Table)
    uwTickPrio                               0x20000008   Data           4  stm32g4xx_hal.o(.data)
    uwTickFreq                               0x2000000c   Data           4  stm32g4xx_hal.o(.data)
    uwTick                                   0x20000010   Data           4  stm32g4xx_hal.o(.data)
    SystemCoreClock                          0x20000014   Data           4  system_stm32g4xx.o(.data)
    hcordic                                  0x2000001c   Data          40  main.o(.bss)
    hhrtim1                                  0x20000044   Data         252  main.o(.bss)
    hspi1                                    0x20000140   Data         100  main.o(.bss)
    htim3                                    0x200001a4   Data          76  main.o(.bss)
    htim8                                    0x200001f0   Data          76  main.o(.bss)
    htim17                                   0x2000023c   Data          76  main.o(.bss)
    huart1                                   0x20000288   Data         148  main.o(.bss)
    hencoder1                                0x2000031c   Data          36  main.o(.bss)
    hencoder2                                0x20000340   Data          36  main.o(.bss)
    hmotor1                                  0x20000364   Data          72  main.o(.bss)
    hmotor2                                  0x200003ac   Data          72  main.o(.bss)
    hspwm1                                   0x200003f4   Data          60  main.o(.bss)
    hspwm2                                   0x20000430   Data          60  main.o(.bss)
    hui                                      0x2000046c   Data          88  main.o(.bss)
    hdma_spi1_rx                             0x200004c4   Data          96  main.o(.bss)
    hdma_spi1_tx                             0x20000524   Data          96  main.o(.bss)
    hdma_usart1_rx                           0x20000584   Data          96  main.o(.bss)
    hdma_usart1_tx                           0x200005e4   Data          96  main.o(.bss)
    __libspace_start                         0x20000644   Data          96  libspace.o(.bss)
    __temporary_stack_top$libspace           0x200006a4   Data           0  libspace.o(.bss)



==============================================================================

Memory Map of the image

  Image Entry point : 0x080001d9

  Load Region LR_IROM1 (Base: 0x08000000, Size: 0x00006bc0, Max: 0x00080000, ABSOLUTE)

    Execution Region ER_IROM1 (Exec base: 0x08000000, Load base: 0x08000000, Size: 0x00006ba4, Max: 0x00080000, ABSOLUTE)

    Exec Addr    Load Addr    Size         Type   Attr      Idx    E Section Name        Object

    0x08000000   0x08000000   0x000001d8   Data   RO            3    RESET               startup_stm32g474xx.o
    0x080001d8   0x080001d8   0x00000008   Code   RO         5346  * !!!main             c_w.l(__main.o)
    0x080001e0   0x080001e0   0x00000034   Code   RO         5578    !!!scatter          c_w.l(__scatter.o)
    0x08000214   0x08000214   0x0000001a   Code   RO         5580    !!handler_copy      c_w.l(__scatter_copy.o)
    0x0800022e   0x0800022e   0x00000002   PAD
    0x08000230   0x08000230   0x0000001c   Code   RO         5582    !!handler_zi        c_w.l(__scatter_zi.o)
    0x0800024c   0x0800024c   0x00000000   Code   RO         5339    .ARM.Collect$$_printf_percent$$00000000  c_w.l(_printf_percent.o)
    0x0800024c   0x0800024c   0x00000006   Code   RO         5338    .ARM.Collect$$_printf_percent$$00000003  c_w.l(_printf_f.o)
    0x08000252   0x08000252   0x00000006   Code   RO         5337    .ARM.Collect$$_printf_percent$$00000009  c_w.l(_printf_d.o)
    0x08000258   0x08000258   0x00000004   Code   RO         5367    .ARM.Collect$$_printf_percent$$00000017  c_w.l(_printf_percent_end.o)
    0x0800025c   0x0800025c   0x00000002   Code   RO         5451    .ARM.Collect$$libinit$$00000000  c_w.l(libinit.o)
    0x0800025e   0x0800025e   0x00000004   Code   RO         5452    .ARM.Collect$$libinit$$00000001  c_w.l(libinit2.o)
    0x08000262   0x08000262   0x00000000   Code   RO         5455    .ARM.Collect$$libinit$$00000004  c_w.l(libinit2.o)
    0x08000262   0x08000262   0x00000000   Code   RO         5458    .ARM.Collect$$libinit$$0000000A  c_w.l(libinit2.o)
    0x08000262   0x08000262   0x00000000   Code   RO         5460    .ARM.Collect$$libinit$$0000000C  c_w.l(libinit2.o)
    0x08000262   0x08000262   0x00000000   Code   RO         5462    .ARM.Collect$$libinit$$0000000E  c_w.l(libinit2.o)
    0x08000262   0x08000262   0x00000006   Code   RO         5463    .ARM.Collect$$libinit$$0000000F  c_w.l(libinit2.o)
    0x08000268   0x08000268   0x00000000   Code   RO         5465    .ARM.Collect$$libinit$$00000011  c_w.l(libinit2.o)
    0x08000268   0x08000268   0x00000000   Code   RO         5467    .ARM.Collect$$libinit$$00000013  c_w.l(libinit2.o)
    0x08000268   0x08000268   0x00000000   Code   RO         5469    .ARM.Collect$$libinit$$00000015  c_w.l(libinit2.o)
    0x08000268   0x08000268   0x0000000a   Code   RO         5470    .ARM.Collect$$libinit$$00000016  c_w.l(libinit2.o)
    0x08000272   0x08000272   0x00000000   Code   RO         5471    .ARM.Collect$$libinit$$00000017  c_w.l(libinit2.o)
    0x08000272   0x08000272   0x00000000   Code   RO         5473    .ARM.Collect$$libinit$$00000019  c_w.l(libinit2.o)
    0x08000272   0x08000272   0x00000000   Code   RO         5475    .ARM.Collect$$libinit$$0000001B  c_w.l(libinit2.o)
    0x08000272   0x08000272   0x00000000   Code   RO         5477    .ARM.Collect$$libinit$$0000001D  c_w.l(libinit2.o)
    0x08000272   0x08000272   0x00000000   Code   RO         5479    .ARM.Collect$$libinit$$0000001F  c_w.l(libinit2.o)
    0x08000272   0x08000272   0x00000000   Code   RO         5481    .ARM.Collect$$libinit$$00000021  c_w.l(libinit2.o)
    0x08000272   0x08000272   0x00000000   Code   RO         5483    .ARM.Collect$$libinit$$00000023  c_w.l(libinit2.o)
    0x08000272   0x08000272   0x00000000   Code   RO         5485    .ARM.Collect$$libinit$$00000025  c_w.l(libinit2.o)
    0x08000272   0x08000272   0x00000000   Code   RO         5489    .ARM.Collect$$libinit$$0000002C  c_w.l(libinit2.o)
    0x08000272   0x08000272   0x00000000   Code   RO         5491    .ARM.Collect$$libinit$$0000002E  c_w.l(libinit2.o)
    0x08000272   0x08000272   0x00000000   Code   RO         5493    .ARM.Collect$$libinit$$00000030  c_w.l(libinit2.o)
    0x08000272   0x08000272   0x00000000   Code   RO         5495    .ARM.Collect$$libinit$$00000032  c_w.l(libinit2.o)
    0x08000272   0x08000272   0x00000002   Code   RO         5496    .ARM.Collect$$libinit$$00000033  c_w.l(libinit2.o)
    0x08000274   0x08000274   0x00000002   Code   RO         5543    .ARM.Collect$$libshutdown$$00000000  c_w.l(libshutdown.o)
    0x08000276   0x08000276   0x00000000   Code   RO         5561    .ARM.Collect$$libshutdown$$00000002  c_w.l(libshutdown2.o)
    0x08000276   0x08000276   0x00000000   Code   RO         5563    .ARM.Collect$$libshutdown$$00000004  c_w.l(libshutdown2.o)
    0x08000276   0x08000276   0x00000000   Code   RO         5566    .ARM.Collect$$libshutdown$$00000007  c_w.l(libshutdown2.o)
    0x08000276   0x08000276   0x00000000   Code   RO         5569    .ARM.Collect$$libshutdown$$0000000A  c_w.l(libshutdown2.o)
    0x08000276   0x08000276   0x00000000   Code   RO         5571    .ARM.Collect$$libshutdown$$0000000C  c_w.l(libshutdown2.o)
    0x08000276   0x08000276   0x00000000   Code   RO         5574    .ARM.Collect$$libshutdown$$0000000F  c_w.l(libshutdown2.o)
    0x08000276   0x08000276   0x00000002   Code   RO         5575    .ARM.Collect$$libshutdown$$00000010  c_w.l(libshutdown2.o)
    0x08000278   0x08000278   0x00000000   Code   RO         5352    .ARM.Collect$$rtentry$$00000000  c_w.l(__rtentry.o)
    0x08000278   0x08000278   0x00000000   Code   RO         5374    .ARM.Collect$$rtentry$$00000002  c_w.l(__rtentry2.o)
    0x08000278   0x08000278   0x00000006   Code   RO         5386    .ARM.Collect$$rtentry$$00000004  c_w.l(__rtentry4.o)
    0x0800027e   0x0800027e   0x00000000   Code   RO         5376    .ARM.Collect$$rtentry$$00000009  c_w.l(__rtentry2.o)
    0x0800027e   0x0800027e   0x00000004   Code   RO         5377    .ARM.Collect$$rtentry$$0000000A  c_w.l(__rtentry2.o)
    0x08000282   0x08000282   0x00000000   Code   RO         5379    .ARM.Collect$$rtentry$$0000000C  c_w.l(__rtentry2.o)
    0x08000282   0x08000282   0x00000008   Code   RO         5380    .ARM.Collect$$rtentry$$0000000D  c_w.l(__rtentry2.o)
    0x0800028a   0x0800028a   0x00000002   Code   RO         5497    .ARM.Collect$$rtexit$$00000000  c_w.l(rtexit.o)
    0x0800028c   0x0800028c   0x00000000   Code   RO         5512    .ARM.Collect$$rtexit$$00000002  c_w.l(rtexit2.o)
    0x0800028c   0x0800028c   0x00000004   Code   RO         5513    .ARM.Collect$$rtexit$$00000003  c_w.l(rtexit2.o)
    0x08000290   0x08000290   0x00000006   Code   RO         5514    .ARM.Collect$$rtexit$$00000004  c_w.l(rtexit2.o)
    0x08000296   0x08000296   0x00000002   PAD
    0x08000298   0x08000298   0x00000040   Code   RO            4    .text               startup_stm32g474xx.o
    0x080002d8   0x080002d8   0x000000ee   Code   RO         5307    .text               c_w.l(lludivv7m.o)
    0x080003c6   0x080003c6   0x00000002   PAD
    0x080003c8   0x080003c8   0x00000038   Code   RO         5309    .text               c_w.l(__2snprintf.o)
    0x08000400   0x08000400   0x00000078   Code   RO         5315    .text               c_w.l(_printf_dec.o)
    0x08000478   0x08000478   0x0000010e   Code   RO         5325    .text               c_w.l(__printf_wp.o)
    0x08000586   0x08000586   0x00000064   Code   RO         5340    .text               c_w.l(rt_memcpy_w.o)
    0x080005ea   0x080005ea   0x0000004e   Code   RO         5342    .text               c_w.l(rt_memclr_w.o)
    0x08000638   0x08000638   0x00000006   Code   RO         5344    .text               c_w.l(heapauxi.o)
    0x0800063e   0x0800063e   0x000000b2   Code   RO         5357    .text               c_w.l(_printf_intcommon.o)
    0x080006f0   0x080006f0   0x0000041e   Code   RO         5359    .text               c_w.l(_printf_fp_dec.o)
    0x08000b0e   0x08000b0e   0x00000002   PAD
    0x08000b10   0x08000b10   0x00000030   Code   RO         5361    .text               c_w.l(_printf_char_common.o)
    0x08000b40   0x08000b40   0x0000000a   Code   RO         5363    .text               c_w.l(_sputc.o)
    0x08000b4a   0x08000b4a   0x00000010   Code   RO         5365    .text               c_w.l(_snputc.o)
    0x08000b5a   0x08000b5a   0x00000002   PAD
    0x08000b5c   0x08000b5c   0x00000008   Code   RO         5393    .text               c_w.l(rt_locale_intlibspace.o)
    0x08000b64   0x08000b64   0x0000008a   Code   RO         5395    .text               c_w.l(lludiv10.o)
    0x08000bee   0x08000bee   0x00000002   PAD
    0x08000bf0   0x08000bf0   0x00000080   Code   RO         5397    .text               c_w.l(_printf_fp_infnan.o)
    0x08000c70   0x08000c70   0x000000e4   Code   RO         5401    .text               c_w.l(bigflt0.o)
    0x08000d54   0x08000d54   0x00000008   Code   RO         5433    .text               c_w.l(libspace.o)
    0x08000d5c   0x08000d5c   0x0000004a   Code   RO         5436    .text               c_w.l(sys_stackheap_outer.o)
    0x08000da6   0x08000da6   0x00000012   Code   RO         5438    .text               c_w.l(exit.o)
    0x08000db8   0x08000db8   0x00000080   Code   RO         5444    .text               c_w.l(strcmpv7m.o)
    0x08000e38   0x08000e38   0x0000000c   Code   RO         5509    .text               c_w.l(sys_exit.o)
    0x08000e44   0x08000e44   0x00000002   Code   RO         5530    .text               c_w.l(use_no_semi.o)
    0x08000e46   0x08000e46   0x00000000   Code   RO         5532    .text               c_w.l(indicate_semi.o)
    0x08000e46   0x08000e46   0x0000003e   Code   RO         5404    CL$$btod_d2e        c_w.l(btod.o)
    0x08000e84   0x08000e84   0x00000046   Code   RO         5406    CL$$btod_d2e_denorm_low  c_w.l(btod.o)
    0x08000eca   0x08000eca   0x00000060   Code   RO         5405    CL$$btod_d2e_norm_op1  c_w.l(btod.o)
    0x08000f2a   0x08000f2a   0x00000338   Code   RO         5414    CL$$btod_div_common  c_w.l(btod.o)
    0x08001262   0x08001262   0x000000dc   Code   RO         5411    CL$$btod_e2e        c_w.l(btod.o)
    0x0800133e   0x0800133e   0x0000002a   Code   RO         5408    CL$$btod_ediv       c_w.l(btod.o)
    0x08001368   0x08001368   0x0000002a   Code   RO         5407    CL$$btod_emul       c_w.l(btod.o)
    0x08001392   0x08001392   0x00000244   Code   RO         5413    CL$$btod_mult_common  c_w.l(btod.o)
    0x080015d6   0x080015d6   0x00000002   Code   RO          257    i.BusFault_Handler  stm32g4xx_it.o
    0x080015d8   0x080015d8   0x0000000c   Code   RO          258    i.DMA1_Channel1_IRQHandler  stm32g4xx_it.o
    0x080015e4   0x080015e4   0x0000000c   Code   RO          259    i.DMA1_Channel2_IRQHandler  stm32g4xx_it.o
    0x080015f0   0x080015f0   0x0000000c   Code   RO          260    i.DMA1_Channel4_IRQHandler  stm32g4xx_it.o
    0x080015fc   0x080015fc   0x0000000c   Code   RO          261    i.DMA1_Channel5_IRQHandler  stm32g4xx_it.o
    0x08001608   0x08001608   0x00000048   Code   RO         1490    i.DMA_CalcDMAMUXChannelBaseAndMask  stm32g4xx_hal_dma.o
    0x08001650   0x08001650   0x00000028   Code   RO         1491    i.DMA_CalcDMAMUXRequestGenBaseAndMask  stm32g4xx_hal_dma.o
    0x08001678   0x08001678   0x0000003e   Code   RO         1492    i.DMA_SetConfig     stm32g4xx_hal_dma.o
    0x080016b6   0x080016b6   0x00000002   Code   RO          262    i.DebugMon_Handler  stm32g4xx_it.o
    0x080016b8   0x080016b8   0x0000001a   Code   RO           13    i.Encoder_RequestRead  main.o
    0x080016d2   0x080016d2   0x00000002   PAD
    0x080016d4   0x080016d4   0x0000004c   Code   RO           14    i.Encoder_ServicePendingSpi1Dma  main.o
    0x08001720   0x08001720   0x00000004   Code   RO           15    i.Error_Handler     main.o
    0x08001724   0x08001724   0x00000048   Code   RO          506    i.HAL_CORDIC_Configure  stm32g4xx_hal_cordic.o
    0x0800176c   0x0800176c   0x00000034   Code   RO          512    i.HAL_CORDIC_Init   stm32g4xx_hal_cordic.o
    0x080017a0   0x080017a0   0x00000028   Code   RO          394    i.HAL_CORDIC_MspInit  stm32g4xx_hal_msp.o
    0x080017c8   0x080017c8   0x00000070   Code   RO         1493    i.HAL_DMA_Abort     stm32g4xx_hal_dma.o
    0x08001838   0x08001838   0x00000078   Code   RO         1494    i.HAL_DMA_Abort_IT  stm32g4xx_hal_dma.o
    0x080018b0   0x080018b0   0x000000ba   Code   RO         1498    i.HAL_DMA_IRQHandler  stm32g4xx_hal_dma.o
    0x0800196a   0x0800196a   0x00000002   PAD
    0x0800196c   0x0800196c   0x000000c4   Code   RO         1499    i.HAL_DMA_Init      stm32g4xx_hal_dma.o
    0x08001a30   0x08001a30   0x0000008c   Code   RO         1503    i.HAL_DMA_Start_IT  stm32g4xx_hal_dma.o
    0x08001abc   0x08001abc   0x00000024   Code   RO          630    i.HAL_Delay         stm32g4xx_hal.o
    0x08001ae0   0x08001ae0   0x00000234   Code   RO         1355    i.HAL_GPIO_Init     stm32g4xx_hal_gpio.o
    0x08001d14   0x08001d14   0x0000000a   Code   RO         1359    i.HAL_GPIO_WritePin  stm32g4xx_hal_gpio.o
    0x08001d1e   0x08001d1e   0x00000002   PAD
    0x08001d20   0x08001d20   0x0000000c   Code   RO          634    i.HAL_GetTick       stm32g4xx_hal.o
    0x08001d2c   0x08001d2c   0x00000002   Code   RO         2152    i.HAL_HRTIM_BurstModePeriodCallback  stm32g4xx_hal_hrtim.o
    0x08001d2e   0x08001d2e   0x00000002   Code   RO         2154    i.HAL_HRTIM_Capture1EventCallback  stm32g4xx_hal_hrtim.o
    0x08001d30   0x08001d30   0x00000002   Code   RO         2155    i.HAL_HRTIM_Capture2EventCallback  stm32g4xx_hal_hrtim.o
    0x08001d32   0x08001d32   0x00000002   Code   RO         2157    i.HAL_HRTIM_Compare1EventCallback  stm32g4xx_hal_hrtim.o
    0x08001d34   0x08001d34   0x00000002   Code   RO         2158    i.HAL_HRTIM_Compare2EventCallback  stm32g4xx_hal_hrtim.o
    0x08001d36   0x08001d36   0x00000002   Code   RO         2159    i.HAL_HRTIM_Compare3EventCallback  stm32g4xx_hal_hrtim.o
    0x08001d38   0x08001d38   0x00000002   Code   RO         2160    i.HAL_HRTIM_Compare4EventCallback  stm32g4xx_hal_hrtim.o
    0x08001d3a   0x08001d3a   0x00000002   Code   RO         2161    i.HAL_HRTIM_CounterResetCallback  stm32g4xx_hal_hrtim.o
    0x08001d3c   0x08001d3c   0x00000002   Code   RO         2162    i.HAL_HRTIM_DLLCalibrationReadyCallback  stm32g4xx_hal_hrtim.o
    0x08001d3e   0x08001d3e   0x00000062   Code   RO         2163    i.HAL_HRTIM_DLLCalibrationStart  stm32g4xx_hal_hrtim.o
    0x08001da0   0x08001da0   0x0000008c   Code   RO         2166    i.HAL_HRTIM_DeadTimeConfig  stm32g4xx_hal_hrtim.o
    0x08001e2c   0x08001e2c   0x00000002   Code   RO         2167    i.HAL_HRTIM_DelayedProtectionCallback  stm32g4xx_hal_hrtim.o
    0x08001e2e   0x08001e2e   0x00000002   Code   RO         2175    i.HAL_HRTIM_Fault1Callback  stm32g4xx_hal_hrtim.o
    0x08001e30   0x08001e30   0x00000002   Code   RO         2176    i.HAL_HRTIM_Fault2Callback  stm32g4xx_hal_hrtim.o
    0x08001e32   0x08001e32   0x00000002   Code   RO         2177    i.HAL_HRTIM_Fault3Callback  stm32g4xx_hal_hrtim.o
    0x08001e34   0x08001e34   0x00000002   Code   RO         2178    i.HAL_HRTIM_Fault4Callback  stm32g4xx_hal_hrtim.o
    0x08001e36   0x08001e36   0x00000002   Code   RO         2179    i.HAL_HRTIM_Fault5Callback  stm32g4xx_hal_hrtim.o
    0x08001e38   0x08001e38   0x00000002   Code   RO         2180    i.HAL_HRTIM_Fault6Callback  stm32g4xx_hal_hrtim.o
    0x08001e3a   0x08001e3a   0x00000002   PAD
    0x08001e3c   0x08001e3c   0x000000ec   Code   RO         2181    i.HAL_HRTIM_FaultBlankingConfigAndEnable  stm32g4xx_hal_hrtim.o
    0x08001f28   0x08001f28   0x000001d4   Code   RO         2182    i.HAL_HRTIM_FaultConfig  stm32g4xx_hal_hrtim.o
    0x080020fc   0x080020fc   0x000000f4   Code   RO         2183    i.HAL_HRTIM_FaultCounterConfig  stm32g4xx_hal_hrtim.o
    0x080021f0   0x080021f0   0x00000070   Code   RO         2185    i.HAL_HRTIM_FaultModeCtl  stm32g4xx_hal_hrtim.o
    0x08002260   0x08002260   0x00000040   Code   RO         2186    i.HAL_HRTIM_FaultPrescalerConfig  stm32g4xx_hal_hrtim.o
    0x080022a0   0x080022a0   0x00000014   Code   RO         2195    i.HAL_HRTIM_IRQHandler  stm32g4xx_hal_hrtim.o
    0x080022b4   0x080022b4   0x000000c0   Code   RO         2196    i.HAL_HRTIM_Init    stm32g4xx_hal_hrtim.o
    0x08002374   0x08002374   0x000000ac   Code   RO          396    i.HAL_HRTIM_MspInit  stm32g4xx_hal_msp.o
    0x08002420   0x08002420   0x000000bc   Code   RO          397    i.HAL_HRTIM_MspPostInit  stm32g4xx_hal_msp.o
    0x080024dc   0x080024dc   0x00000002   Code   RO         2199    i.HAL_HRTIM_Output1ResetCallback  stm32g4xx_hal_hrtim.o
    0x080024de   0x080024de   0x00000002   Code   RO         2200    i.HAL_HRTIM_Output1SetCallback  stm32g4xx_hal_hrtim.o
    0x080024e0   0x080024e0   0x00000002   Code   RO         2201    i.HAL_HRTIM_Output2ResetCallback  stm32g4xx_hal_hrtim.o
    0x080024e2   0x080024e2   0x00000002   Code   RO         2202    i.HAL_HRTIM_Output2SetCallback  stm32g4xx_hal_hrtim.o
    0x080024e4   0x080024e4   0x00000042   Code   RO         2205    i.HAL_HRTIM_PollForDLLCalibration  stm32g4xx_hal_hrtim.o
    0x08002526   0x08002526   0x00000002   Code   RO         2206    i.HAL_HRTIM_RegistersUpdateCallback  stm32g4xx_hal_hrtim.o
    0x08002528   0x08002528   0x0000003c   Code   RO           16    i.HAL_HRTIM_RepetitionEventCallback  main.o
    0x08002564   0x08002564   0x00000002   Code   RO         2245    i.HAL_HRTIM_SynchronizationEventCallback  stm32g4xx_hal_hrtim.o
    0x08002566   0x08002566   0x00000002   Code   RO         2246    i.HAL_HRTIM_SystemFaultCallback  stm32g4xx_hal_hrtim.o
    0x08002568   0x08002568   0x0000007a   Code   RO         2247    i.HAL_HRTIM_TimeBaseConfig  stm32g4xx_hal_hrtim.o
    0x080025e2   0x080025e2   0x00000134   Code   RO         2253    i.HAL_HRTIM_WaveformCompareConfig  stm32g4xx_hal_hrtim.o
    0x08002716   0x08002716   0x0000002c   Code   RO         2254    i.HAL_HRTIM_WaveformCountStart  stm32g4xx_hal_hrtim.o
    0x08002742   0x08002742   0x0000002c   Code   RO         2257    i.HAL_HRTIM_WaveformCountStop  stm32g4xx_hal_hrtim.o
    0x0800276e   0x0800276e   0x00000036   Code   RO         2262    i.HAL_HRTIM_WaveformOutputConfig  stm32g4xx_hal_hrtim.o
    0x080027a4   0x080027a4   0x00000030   Code   RO         2263    i.HAL_HRTIM_WaveformOutputStart  stm32g4xx_hal_hrtim.o
    0x080027d4   0x080027d4   0x00000030   Code   RO         2264    i.HAL_HRTIM_WaveformOutputStop  stm32g4xx_hal_hrtim.o
    0x08002804   0x08002804   0x00000090   Code   RO         2266    i.HAL_HRTIM_WaveformTimerConfig  stm32g4xx_hal_hrtim.o
    0x08002894   0x08002894   0x0000007a   Code   RO         2267    i.HAL_HRTIM_WaveformTimerControl  stm32g4xx_hal_hrtim.o
    0x0800290e   0x0800290e   0x00000002   PAD
    0x08002910   0x08002910   0x00000010   Code   RO          640    i.HAL_IncTick       stm32g4xx_hal.o
    0x08002920   0x08002920   0x0000001e   Code   RO          641    i.HAL_Init          stm32g4xx_hal.o
    0x0800293e   0x0800293e   0x00000002   PAD
    0x08002940   0x08002940   0x00000044   Code   RO          642    i.HAL_InitTick      stm32g4xx_hal.o
    0x08002984   0x08002984   0x00000030   Code   RO          398    i.HAL_MspInit       stm32g4xx_hal_msp.o
    0x080029b4   0x080029b4   0x0000001a   Code   RO         2004    i.HAL_NVIC_EnableIRQ  stm32g4xx_hal_cortex.o
    0x080029ce   0x080029ce   0x00000002   PAD
    0x080029d0   0x080029d0   0x00000040   Code   RO         2010    i.HAL_NVIC_SetPriority  stm32g4xx_hal_cortex.o
    0x08002a10   0x08002a10   0x00000024   Code   RO         2011    i.HAL_NVIC_SetPriorityGrouping  stm32g4xx_hal_cortex.o
    0x08002a34   0x08002a34   0x000000bc   Code   RO         1758    i.HAL_PWREx_ControlVoltageScaling  stm32g4xx_hal_pwr_ex.o
    0x08002af0   0x08002af0   0x00000010   Code   RO         1770    i.HAL_PWREx_DisableUCPDDeadBattery  stm32g4xx_hal_pwr_ex.o
    0x08002b00   0x08002b00   0x00000300   Code   RO         1001    i.HAL_RCCEx_PeriphCLKConfig  stm32g4xx_hal_rcc_ex.o
    0x08002e00   0x08002e00   0x000001dc   Code   RO          876    i.HAL_RCC_ClockConfig  stm32g4xx_hal_rcc.o
    0x08002fdc   0x08002fdc   0x00000024   Code   RO          884    i.HAL_RCC_GetPCLK1Freq  stm32g4xx_hal_rcc.o
    0x08003000   0x08003000   0x00000024   Code   RO          885    i.HAL_RCC_GetPCLK2Freq  stm32g4xx_hal_rcc.o
    0x08003024   0x08003024   0x00000070   Code   RO          886    i.HAL_RCC_GetSysClockFreq  stm32g4xx_hal_rcc.o
    0x08003094   0x08003094   0x00000404   Code   RO          889    i.HAL_RCC_OscConfig  stm32g4xx_hal_rcc.o
    0x08003498   0x08003498   0x00000002   Code   RO         2999    i.HAL_SPI_ErrorCallback  stm32g4xx_hal_spi.o
    0x0800349a   0x0800349a   0x000000ea   Code   RO         3003    i.HAL_SPI_Init      stm32g4xx_hal_spi.o
    0x08003584   0x08003584   0x000000d0   Code   RO          400    i.HAL_SPI_MspInit   stm32g4xx_hal_msp.o
    0x08003654   0x08003654   0x00000002   Code   RO         3009    i.HAL_SPI_RxCpltCallback  stm32g4xx_hal_spi.o
    0x08003656   0x08003656   0x00000002   Code   RO         3010    i.HAL_SPI_RxHalfCpltCallback  stm32g4xx_hal_spi.o
    0x08003658   0x08003658   0x000001b4   Code   RO         3013    i.HAL_SPI_TransmitReceive_DMA  stm32g4xx_hal_spi.o
    0x0800380c   0x0800380c   0x00000070   Code   RO           17    i.HAL_SPI_TxRxCpltCallback  main.o
    0x0800387c   0x0800387c   0x00000002   Code   RO         3020    i.HAL_SPI_TxRxHalfCpltCallback  stm32g4xx_hal_spi.o
    0x0800387e   0x0800387e   0x00000028   Code   RO         2015    i.HAL_SYSTICK_Config  stm32g4xx_hal_cortex.o
    0x080038a6   0x080038a6   0x00000002   Code   RO         4059    i.HAL_TIMEx_Break2Callback  stm32g4xx_hal_tim_ex.o
    0x080038a8   0x080038a8   0x00000002   Code   RO         4060    i.HAL_TIMEx_BreakCallback  stm32g4xx_hal_tim_ex.o
    0x080038aa   0x080038aa   0x00000002   Code   RO         4061    i.HAL_TIMEx_CommutCallback  stm32g4xx_hal_tim_ex.o
    0x080038ac   0x080038ac   0x00000002   Code   RO         4072    i.HAL_TIMEx_DirectionChangeCallback  stm32g4xx_hal_tim_ex.o
    0x080038ae   0x080038ae   0x00000002   Code   RO         4086    i.HAL_TIMEx_EncoderIndexCallback  stm32g4xx_hal_tim_ex.o
    0x080038b0   0x080038b0   0x00000002   Code   RO         4100    i.HAL_TIMEx_IndexErrorCallback  stm32g4xx_hal_tim_ex.o
    0x080038b2   0x080038b2   0x00000002   PAD
    0x080038b4   0x080038b4   0x000000b8   Code   RO         4101    i.HAL_TIMEx_MasterConfigSynchronization  stm32g4xx_hal_tim_ex.o
    0x0800396c   0x0800396c   0x00000002   Code   RO         4122    i.HAL_TIMEx_TransitionErrorCallback  stm32g4xx_hal_tim_ex.o
    0x0800396e   0x0800396e   0x00000062   Code   RO         3345    i.HAL_TIM_Base_Init  stm32g4xx_hal_tim.o
    0x080039d0   0x080039d0   0x00000064   Code   RO          402    i.HAL_TIM_Base_MspInit  stm32g4xx_hal_msp.o
    0x08003a34   0x08003a34   0x0000008c   Code   RO         3350    i.HAL_TIM_Base_Start_IT  stm32g4xx_hal_tim.o
    0x08003ac0   0x08003ac0   0x000000f0   Code   RO         3354    i.HAL_TIM_ConfigClockSource  stm32g4xx_hal_tim.o
    0x08003bb0   0x08003bb0   0x000000a8   Code   RO         3366    i.HAL_TIM_Encoder_Init  stm32g4xx_hal_tim.o
    0x08003c58   0x08003c58   0x00000070   Code   RO          404    i.HAL_TIM_Encoder_MspInit  stm32g4xx_hal_msp.o
    0x08003cc8   0x08003cc8   0x0000008e   Code   RO         3369    i.HAL_TIM_Encoder_Start  stm32g4xx_hal_tim.o
    0x08003d56   0x08003d56   0x00000002   Code   RO         3379    i.HAL_TIM_IC_CaptureCallback  stm32g4xx_hal_tim.o
    0x08003d58   0x08003d58   0x000001a2   Code   RO         3393    i.HAL_TIM_IRQHandler  stm32g4xx_hal_tim.o
    0x08003efa   0x08003efa   0x00000002   Code   RO         3396    i.HAL_TIM_OC_DelayElapsedCallback  stm32g4xx_hal_tim.o
    0x08003efc   0x08003efc   0x00000002   Code   RO         3423    i.HAL_TIM_PWM_PulseFinishedCallback  stm32g4xx_hal_tim.o
    0x08003efe   0x08003efe   0x00000002   PAD
    0x08003f00   0x08003f00   0x0000003c   Code   RO           18    i.HAL_TIM_PeriodElapsedCallback  main.o
    0x08003f3c   0x08003f3c   0x00000002   Code   RO         3436    i.HAL_TIM_TriggerCallback  stm32g4xx_hal_tim.o
    0x08003f3e   0x08003f3e   0x0000003e   Code   RO         4908    i.HAL_UARTEx_DisableFifoMode  stm32g4xx_hal_uart_ex.o
    0x08003f7c   0x08003f7c   0x00000002   Code   RO         4497    i.HAL_UARTEx_RxEventCallback  stm32g4xx_hal_uart.o
    0x08003f7e   0x08003f7e   0x00000002   Code   RO         4916    i.HAL_UARTEx_RxFifoFullCallback  stm32g4xx_hal_uart_ex.o
    0x08003f80   0x08003f80   0x0000004c   Code   RO         4917    i.HAL_UARTEx_SetRxFifoThreshold  stm32g4xx_hal_uart_ex.o
    0x08003fcc   0x08003fcc   0x0000004c   Code   RO         4918    i.HAL_UARTEx_SetTxFifoThreshold  stm32g4xx_hal_uart_ex.o
    0x08004018   0x08004018   0x00000002   Code   RO         4920    i.HAL_UARTEx_TxFifoEmptyCallback  stm32g4xx_hal_uart_ex.o
    0x0800401a   0x0800401a   0x00000002   Code   RO         4921    i.HAL_UARTEx_WakeupCallback  stm32g4xx_hal_uart_ex.o
    0x0800401c   0x0800401c   0x00000002   Code   RO         4513    i.HAL_UART_ErrorCallback  stm32g4xx_hal_uart.o
    0x0800401e   0x0800401e   0x00000002   PAD
    0x08004020   0x08004020   0x0000031c   Code   RO         4516    i.HAL_UART_IRQHandler  stm32g4xx_hal_uart.o
    0x0800433c   0x0800433c   0x0000006a   Code   RO         4517    i.HAL_UART_Init     stm32g4xx_hal_uart.o
    0x080043a6   0x080043a6   0x00000002   PAD
    0x080043a8   0x080043a8   0x000000f4   Code   RO          406    i.HAL_UART_MspInit  stm32g4xx_hal_msp.o
    0x0800449c   0x0800449c   0x00000090   Code   RO         4527    i.HAL_UART_Transmit_DMA  stm32g4xx_hal_uart.o
    0x0800452c   0x0800452c   0x00000018   Code   RO           19    i.HAL_UART_TxCpltCallback  main.o
    0x08004544   0x08004544   0x00000002   Code   RO         4530    i.HAL_UART_TxHalfCpltCallback  stm32g4xx_hal_uart.o
    0x08004546   0x08004546   0x00000002   PAD
    0x08004548   0x08004548   0x0000000c   Code   RO          263    i.HRTIM1_TIMA_IRQHandler  stm32g4xx_it.o
    0x08004554   0x08004554   0x0000000c   Code   RO          264    i.HRTIM1_TIMD_IRQHandler  stm32g4xx_it.o
    0x08004560   0x08004560   0x00000068   Code   RO         2274    i.HRTIM_ForceRegistersUpdate  stm32g4xx_hal_hrtim.o
    0x080045c8   0x080045c8   0x000000a8   Code   RO         2278    i.HRTIM_HRTIM_ISR   stm32g4xx_hal_hrtim.o
    0x08004670   0x08004670   0x00000092   Code   RO         2279    i.HRTIM_MasterWaveform_Config  stm32g4xx_hal_hrtim.o
    0x08004702   0x08004702   0x000000f0   Code   RO         2280    i.HRTIM_Master_ISR  stm32g4xx_hal_hrtim.o
    0x080047f2   0x080047f2   0x000000de   Code   RO         2281    i.HRTIM_OutputConfig  stm32g4xx_hal_hrtim.o
    0x080048d0   0x080048d0   0x00000166   Code   RO         2283    i.HRTIM_Timer_ISR   stm32g4xx_hal_hrtim.o
    0x08004a36   0x08004a36   0x00000002   PAD
    0x08004a38   0x08004a38   0x00000198   Code   RO         2284    i.HRTIM_TimingUnitWaveform_Config  stm32g4xx_hal_hrtim.o
    0x08004bd0   0x08004bd0   0x00000002   Code   RO          265    i.HardFault_Handler  stm32g4xx_it.o
    0x08004bd2   0x08004bd2   0x0000003c   Code   RO         5135    i.MT6826_DMACompleteCallback  mt6826.o
    0x08004c0e   0x08004c0e   0x0000000a   Code   RO         5136    i.MT6826_GetAngleRaw  mt6826.o
    0x08004c18   0x08004c18   0x00000040   Code   RO         5138    i.MT6826_Init       mt6826.o
    0x08004c58   0x08004c58   0x00000026   Code   RO         5140    i.MT6826_StartDMARead  mt6826.o
    0x08004c7e   0x08004c7e   0x00000002   PAD
    0x08004c80   0x08004c80   0x0000006c   Code   RO           20    i.MX_DMA_Init       main.o
    0x08004cec   0x08004cec   0x00000090   Code   RO           21    i.MX_GPIO_Init      main.o
    0x08004d7c   0x08004d7c   0x000004a8   Code   RO           22    i.MX_HRTIM1_Init    main.o
    0x08005224   0x08005224   0x0000004c   Code   RO           23    i.MX_SPI1_Init      main.o
    0x08005270   0x08005270   0x0000006c   Code   RO           24    i.MX_TIM3_Init      main.o
    0x080052dc   0x080052dc   0x0000006c   Code   RO           25    i.MX_TIM8_Init      main.o
    0x08005348   0x08005348   0x00000064   Code   RO           26    i.MX_USART1_UART_Init  main.o
    0x080053ac   0x080053ac   0x00000002   Code   RO          266    i.MemManage_Handler  stm32g4xx_it.o
    0x080053ae   0x080053ae   0x00000002   PAD
    0x080053b0   0x080053b0   0x00000120   Code   RO         5064    i.Motor_ApplySPWM   motor.o
    0x080054d0   0x080054d0   0x00000018   Code   RO         5065    i.Motor_ClampCmp    motor.o
    0x080054e8   0x080054e8   0x0000002c   Code   RO         5066    i.Motor_EncoderReadCompleteCallback  motor.o
    0x08005514   0x08005514   0x00000104   Code   RO         5067    i.Motor_Init        motor.o
    0x08005618   0x08005618   0x00000004   Code   RO         5069    i.Motor_SetElecOffset  motor.o
    0x0800561c   0x0800561c   0x00000032   Code   RO         5071    i.Motor_Start       motor.o
    0x0800564e   0x0800564e   0x00000032   Code   RO         5072    i.Motor_Stop        motor.o
    0x08005680   0x08005680   0x00000002   Code   RO          267    i.NMI_Handler       stm32g4xx_it.o
    0x08005682   0x08005682   0x00000002   Code   RO          268    i.PendSV_Handler    stm32g4xx_it.o
    0x08005684   0x08005684   0x00000022   Code   RO         3031    i.SPI_DMAError      stm32g4xx_hal_spi.o
    0x080056a6   0x080056a6   0x0000000a   Code   RO         3032    i.SPI_DMAHalfReceiveCplt  stm32g4xx_hal_spi.o
    0x080056b0   0x080056b0   0x0000000a   Code   RO         3034    i.SPI_DMAHalfTransmitReceiveCplt  stm32g4xx_hal_spi.o
    0x080056ba   0x080056ba   0x0000006c   Code   RO         3035    i.SPI_DMAReceiveCplt  stm32g4xx_hal_spi.o
    0x08005726   0x08005726   0x0000005c   Code   RO         3038    i.SPI_DMATransmitReceiveCplt  stm32g4xx_hal_spi.o
    0x08005782   0x08005782   0x00000074   Code   RO         3040    i.SPI_EndRxTransaction  stm32g4xx_hal_spi.o
    0x080057f6   0x080057f6   0x00000048   Code   RO         3041    i.SPI_EndRxTxTransaction  stm32g4xx_hal_spi.o
    0x0800583e   0x0800583e   0x00000002   PAD
    0x08005840   0x08005840   0x000000e0   Code   RO         3046    i.SPI_WaitFifoStateUntilTimeout  stm32g4xx_hal_spi.o
    0x08005920   0x08005920   0x000000bc   Code   RO         3047    i.SPI_WaitFlagStateUntilTimeout  stm32g4xx_hal_spi.o
    0x080059dc   0x080059dc   0x00000060   Code   RO         5195    i.SPWM_AlignToZero  spwm.o
    0x08005a3c   0x08005a3c   0x00000060   Code   RO         5196    i.SPWM_EncoderReadCompleteCallback  spwm.o
    0x08005a9c   0x08005a9c   0x00000074   Code   RO         5197    i.SPWM_Init         spwm.o
    0x08005b10   0x08005b10   0x00000128   Code   RO         5198    i.SPWM_PIDCallback  spwm.o
    0x08005c38   0x08005c38   0x0000000c   Code   RO         5199    i.SPWM_SetPID       spwm.o
    0x08005c44   0x08005c44   0x0000004c   Code   RO         5200    i.SPWM_SetTarget    spwm.o
    0x08005c90   0x08005c90   0x00000058   Code   RO         5201    i.SPWM_Start        spwm.o
    0x08005ce8   0x08005ce8   0x00000002   Code   RO          269    i.SVC_Handler       stm32g4xx_it.o
    0x08005cea   0x08005cea   0x00000004   Code   RO          270    i.SysTick_Handler   stm32g4xx_it.o
    0x08005cee   0x08005cee   0x0000006e   Code   RO           27    i.SystemClock_Config  main.o
    0x08005d5c   0x08005d5c   0x00000010   Code   RO         5027    i.SystemInit        system_stm32g4xx.o
    0x08005d6c   0x08005d6c   0x0000000c   Code   RO          271    i.TIM1_TRG_COM_TIM17_IRQHandler  stm32g4xx_it.o
    0x08005d78   0x08005d78   0x0000000c   Code   RO          272    i.TIM3_IRQHandler   stm32g4xx_it.o
    0x08005d84   0x08005d84   0x0000000c   Code   RO          273    i.TIM8_UP_IRQHandler  stm32g4xx_it.o
    0x08005d90   0x08005d90   0x000000dc   Code   RO         3438    i.TIM_Base_SetConfig  stm32g4xx_hal_tim.o
    0x08005e6c   0x08005e6c   0x0000001a   Code   RO         3439    i.TIM_CCxChannelCmd  stm32g4xx_hal_tim.o
    0x08005e86   0x08005e86   0x00000014   Code   RO         3449    i.TIM_ETR_SetConfig  stm32g4xx_hal_tim.o
    0x08005e9a   0x08005e9a   0x00000002   PAD
    0x08005e9c   0x08005e9c   0x00000014   Code   RO         3450    i.TIM_ITRx_SetConfig  stm32g4xx_hal_tim.o
    0x08005eb0   0x08005eb0   0x00000068   Code   RO         3458    i.TIM_TI1_ConfigInputStage  stm32g4xx_hal_tim.o
    0x08005f18   0x08005f18   0x0000004c   Code   RO         3460    i.TIM_TI2_ConfigInputStage  stm32g4xx_hal_tim.o
    0x08005f64   0x08005f64   0x00000044   Code   RO         4922    i.UARTEx_SetNbDataToProcess  stm32g4xx_hal_uart_ex.o
    0x08005fa8   0x08005fa8   0x000000c8   Code   RO         4531    i.UART_AdvFeatureConfig  stm32g4xx_hal_uart.o
    0x08006070   0x08006070   0x000000ac   Code   RO         4532    i.UART_CheckIdleState  stm32g4xx_hal_uart.o
    0x0800611c   0x0800611c   0x0000000a   Code   RO         4533    i.UART_DMAAbortOnError  stm32g4xx_hal_uart.o
    0x08006126   0x08006126   0x00000044   Code   RO         4534    i.UART_DMAError     stm32g4xx_hal_uart.o
    0x0800616a   0x0800616a   0x00000042   Code   RO         4539    i.UART_DMATransmitCplt  stm32g4xx_hal_uart.o
    0x080061ac   0x080061ac   0x0000000a   Code   RO         4541    i.UART_DMATxHalfCplt  stm32g4xx_hal_uart.o
    0x080061b6   0x080061b6   0x00000002   PAD
    0x080061b8   0x080061b8   0x00000054   Code   RO         4543    i.UART_EndRxTransfer  stm32g4xx_hal_uart.o
    0x0800620c   0x0800620c   0x0000002e   Code   RO         4544    i.UART_EndTxTransfer  stm32g4xx_hal_uart.o
    0x0800623a   0x0800623a   0x00000002   PAD
    0x0800623c   0x0800623c   0x00000298   Code   RO         4549    i.UART_SetConfig    stm32g4xx_hal_uart.o
    0x080064d4   0x080064d4   0x00000094   Code   RO         4556    i.UART_WaitOnFlagUntilTimeout  stm32g4xx_hal_uart.o
    0x08006568   0x08006568   0x0000002e   Code   RO         5263    i.UI_Init           ui.o
    0x08006596   0x08006596   0x00000002   PAD
    0x08006598   0x08006598   0x000000cc   Code   RO         5264    i.UI_Poll           ui.o
    0x08006664   0x08006664   0x000000c8   Code   RO         5265    i.UI_TIM8Callback   ui.o
    0x0800672c   0x0800672c   0x00000006   Code   RO         5266    i.UI_TxCpltCallback  ui.o
    0x08006732   0x08006732   0x00000002   PAD
    0x08006734   0x08006734   0x0000000c   Code   RO          274    i.USART1_IRQHandler  stm32g4xx_it.o
    0x08006740   0x08006740   0x00000002   Code   RO          275    i.UsageFault_Handler  stm32g4xx_it.o
    0x08006742   0x08006742   0x00000030   Code   RO         5431    i.__ARM_fpclassify  m_wm.l(fpclassify.o)
    0x08006772   0x08006772   0x00000020   Code   RO         2017    i.__NVIC_SetPriority  stm32g4xx_hal_cortex.o
    0x08006792   0x08006792   0x0000000e   Code   RO         5327    i._is_digit         c_w.l(__printf_wp.o)
    0x080067a0   0x080067a0   0x0000019c   Code   RO           28    i.main              main.o
    0x0800693c   0x0800693c   0x0000002c   Code   RO         5427    locale$$code        c_w.l(lc_numeric_c.o)
    0x08006968   0x08006968   0x0000000c   Code   RO         5368    x$fpl$dretinf       fz_wm.l(dretinf.o)
    0x08006974   0x08006974   0x00000056   Code   RO         5348    x$fpl$f2d           fz_wm.l(f2d.o)
    0x080069ca   0x080069ca   0x0000008c   Code   RO         5370    x$fpl$fnaninf       fz_wm.l(fnaninf.o)
    0x08006a56   0x08006a56   0x0000000a   Code   RO         5507    x$fpl$fpinit        fz_wm.l(fpinit.o)
    0x08006a60   0x08006a60   0x00000004   Code   RO         5350    x$fpl$printf1       fz_wm.l(printf1.o)
    0x08006a64   0x08006a64   0x00000000   Code   RO         5372    x$fpl$usenofp       fz_wm.l(usenofp.o)
    0x08006a64   0x08006a64   0x00000030   Data   RO           34    .constdata          main.o
    0x08006a94   0x08006a94   0x00000018   Data   RO         4557    .constdata          stm32g4xx_hal_uart.o
    0x08006aac   0x08006aac   0x00000010   Data   RO         4923    .constdata          stm32g4xx_hal_uart_ex.o
    0x08006abc   0x08006abc   0x00000010   Data   RO         5028    .constdata          system_stm32g4xx.o
    0x08006acc   0x08006acc   0x00000008   Data   RO         5029    .constdata          system_stm32g4xx.o
    0x08006ad4   0x08006ad4   0x00000094   Data   RO         5402    .constdata          c_w.l(bigflt0.o)
    0x08006b68   0x08006b68   0x00000020   Data   RO         5576    Region$$Table       anon$$obj.o
    0x08006b88   0x08006b88   0x0000001c   Data   RO         5426    locale$$data        c_w.l(lc_numeric_c.o)


    Execution Region RW_IRAM1 (Exec base: 0x20000000, Load base: 0x08006ba4, Size: 0x00000ca8, Max: 0x00020000, ABSOLUTE)

    Exec Addr    Load Addr    Size         Type   Attr      Idx    E Section Name        Object

    0x20000000   0x08006ba4   0x00000008   Data   RW           35    .data               main.o
    0x20000008   0x08006bac   0x0000000c   Data   RW          661    .data               stm32g4xx_hal.o
    0x20000014   0x08006bb8   0x00000004   Data   RW         5030    .data               system_stm32g4xx.o
    0x20000018   0x08006bbc   0x00000001   Data   RW         5203    .data               spwm.o
    0x20000019   0x08006bbd   0x00000003   PAD
    0x2000001c        -       0x000004a8   Zero   RW           29    .bss                main.o
    0x200004c4        -       0x00000060   Zero   RW           30    .bss                main.o
    0x20000524        -       0x00000060   Zero   RW           31    .bss                main.o
    0x20000584        -       0x00000060   Zero   RW           32    .bss                main.o
    0x200005e4        -       0x00000060   Zero   RW           33    .bss                main.o
    0x20000644        -       0x00000060   Zero   RW         5434    .bss                c_w.l(libspace.o)
    0x200006a4   0x08006bbd   0x00000004   PAD
    0x200006a8        -       0x00000200   Zero   RW            2    HEAP                startup_stm32g474xx.o
    0x200008a8        -       0x00000400   Zero   RW            1    STACK               startup_stm32g474xx.o


==============================================================================

Image component sizes


      Code (inc. data)   RO Data    RW Data    ZI Data      Debug   Object Name

      2720        156         48          8       1576    1037702   main.o
       720         40          0          0          0       5324   motor.o
       172          0          0          0          0       2626   mt6826.o
       780         62          0          1          0       5389   spwm.o
        64         26        472          0       1536        840   startup_stm32g474xx.o
       162         24          0         12          0       4305   stm32g4xx_hal.o
       124          6          0          0          0       1885   stm32g4xx_hal_cordic.o
       198         14          0          0          0      33823   stm32g4xx_hal_cortex.o
       928         30          0          0          0       6674   stm32g4xx_hal_dma.o
       574         32          0          0          0       2300   stm32g4xx_hal_gpio.o
      4266         32          0          0          0      38564   stm32g4xx_hal_hrtim.o
      1112        118          0          0          0       6347   stm32g4xx_hal_msp.o
       204         18          0          0          0       1401   stm32g4xx_hal_pwr_ex.o
      1688         92          0          0          0       6284   stm32g4xx_hal_rcc.o
       768         10          0          0          0       1976   stm32g4xx_hal_rcc_ex.o
      1532         32          0          0          0      11774   stm32g4xx_hal_spi.o
      1680        126          0          0          0      12968   stm32g4xx_hal_tim.o
       198         34          0          0          0       5416   stm32g4xx_hal_tim_ex.o
      2520        102         24          0          0      32732   stm32g4xx_hal_uart.o
       288          6         16          0          0       5358   stm32g4xx_hal_uart_ex.o
       140         56          0          0          0       8907   stm32g4xx_it.o
        16          4         24          4          0       1123   system_stm32g4xx.o
       456         44          0          0          0       3206   ui.o

    ----------------------------------------------------------------------
     21352       1064        616         28       3112    1236924   Object Totals
         0          0         32          0          0          0   (incl. Generated)
        42          0          0          3          0          0   (incl. Padding)

    ----------------------------------------------------------------------

      Code (inc. data)   RO Data    RW Data    ZI Data      Debug   Library Member Name

        56          6          0          0          0         88   __2snprintf.o
         8          0          0          0          0         68   __main.o
       284          0          0          0          0        156   __printf_wp.o
         0          0          0          0          0          0   __rtentry.o
        12          0          0          0          0          0   __rtentry2.o
         6          0          0          0          0          0   __rtentry4.o
        52          8          0          0          0          0   __scatter.o
        26          0          0          0          0          0   __scatter_copy.o
        28          0          0          0          0          0   __scatter_zi.o
        48          6          0          0          0         96   _printf_char_common.o
         6          0          0          0          0          0   _printf_d.o
       120         16          0          0          0         92   _printf_dec.o
         6          0          0          0          0          0   _printf_f.o
      1054          0          0          0          0        216   _printf_fp_dec.o
       128         16          0          0          0         84   _printf_fp_infnan.o
       178          0          0          0          0         88   _printf_intcommon.o
         0          0          0          0          0          0   _printf_percent.o
         4          0          0          0          0          0   _printf_percent_end.o
        16          0          0          0          0         68   _snputc.o
        10          0          0          0          0         68   _sputc.o
       228          4        148          0          0         96   bigflt0.o
      1936        128          0          0          0        672   btod.o
        18          0          0          0          0         80   exit.o
         6          0          0          0          0        152   heapauxi.o
         0          0          0          0          0          0   indicate_semi.o
        44         10         28          0          0         76   lc_numeric_c.o
         2          0          0          0          0          0   libinit.o
        22          0          0          0          0          0   libinit2.o
         2          0          0          0          0          0   libshutdown.o
         2          0          0          0          0          0   libshutdown2.o
         8          4          0          0         96         68   libspace.o
       138          0          0          0          0         80   lludiv10.o
       238          0          0          0          0        100   lludivv7m.o
         8          4          0          0          0         68   rt_locale_intlibspace.o
        78          0          0          0          0         80   rt_memclr_w.o
       100          0          0          0          0         80   rt_memcpy_w.o
         2          0          0          0          0          0   rtexit.o
        10          0          0          0          0          0   rtexit2.o
       128          0          0          0          0         68   strcmpv7m.o
        12          4          0          0          0         68   sys_exit.o
        74          0          0          0          0         80   sys_stackheap_outer.o
         2          0          0          0          0         68   use_no_semi.o
        12          0          0          0          0        116   dretinf.o
        86          4          0          0          0        132   f2d.o
       140          4          0          0          0        132   fnaninf.o
        10          0          0          0          0        116   fpinit.o
         4          0          0          0          0        116   printf1.o
         0          0          0          0          0          0   usenofp.o
        48          0          0          0          0        124   fpclassify.o

    ----------------------------------------------------------------------
      5412        214        176          0        100       3596   Library Totals
        12          0          0          0          4          0   (incl. Padding)

    ----------------------------------------------------------------------

      Code (inc. data)   RO Data    RW Data    ZI Data      Debug   Library Name

      5100        206        176          0         96       2860   c_w.l
       252          8          0          0          0        612   fz_wm.l
        48          0          0          0          0        124   m_wm.l

    ----------------------------------------------------------------------
      5412        214        176          0        100       3596   Library Totals

    ----------------------------------------------------------------------

==============================================================================


      Code (inc. data)   RO Data    RW Data    ZI Data      Debug   

     26764       1278        792         28       3212    1218660   Grand Totals
     26764       1278        792         28       3212    1218660   ELF Image Totals
     26764       1278        792         28          0          0   ROM Totals

==============================================================================

    Total RO  Size (Code + RO Data)                27556 (  26.91kB)
    Total RW  Size (RW Data + ZI Data)              3240 (   3.16kB)
    Total ROM Size (Code + RO Data + RW Data)      27584 (  26.94kB)

==============================================================================

