Component: ARM Compiler 5.06 update 5 (build 528) Tool: armlink [4d35e2]

==============================================================================

Section Cross References

    startup_stm32g474xx.o(STACK) refers (Special) to heapauxi.o(.text) for __use_two_region_memory
    startup_stm32g474xx.o(HEAP) refers (Special) to heapauxi.o(.text) for __use_two_region_memory
    startup_stm32g474xx.o(RESET) refers (Special) to heapauxi.o(.text) for __use_two_region_memory
    startup_stm32g474xx.o(RESET) refers to startup_stm32g474xx.o(STACK) for __initial_sp
    startup_stm32g474xx.o(RESET) refers to startup_stm32g474xx.o(.text) for Reset_Handler
    startup_stm32g474xx.o(RESET) refers to stm32g4xx_it.o(i.NMI_Handler) for NMI_Handler
    startup_stm32g474xx.o(RESET) refers to stm32g4xx_it.o(i.HardFault_Handler) for HardFault_Handler
    startup_stm32g474xx.o(RESET) refers to stm32g4xx_it.o(i.MemManage_Handler) for MemManage_Handler
    startup_stm32g474xx.o(RESET) refers to stm32g4xx_it.o(i.BusFault_Handler) for BusFault_Handler
    startup_stm32g474xx.o(RESET) refers to stm32g4xx_it.o(i.UsageFault_Handler) for UsageFault_Handler
    startup_stm32g474xx.o(RESET) refers to stm32g4xx_it.o(i.SVC_Handler) for SVC_Handler
    startup_stm32g474xx.o(RESET) refers to stm32g4xx_it.o(i.DebugMon_Handler) for DebugMon_Handler
    startup_stm32g474xx.o(RESET) refers to stm32g4xx_it.o(i.PendSV_Handler) for PendSV_Handler
    startup_stm32g474xx.o(RESET) refers to stm32g4xx_it.o(i.SysTick_Handler) for SysTick_Handler
    startup_stm32g474xx.o(RESET) refers to stm32g4xx_it.o(i.DMA1_Channel1_IRQHandler) for DMA1_Channel1_IRQHandler
    startup_stm32g474xx.o(RESET) refers to stm32g4xx_it.o(i.DMA1_Channel2_IRQHandler) for DMA1_Channel2_IRQHandler
    startup_stm32g474xx.o(RESET) refers to stm32g4xx_it.o(i.DMA1_Channel3_IRQHandler) for DMA1_Channel3_IRQHandler
    startup_stm32g474xx.o(RESET) refers to stm32g4xx_it.o(i.HRTIM1_TIMA_IRQHandler) for HRTIM1_TIMA_IRQHandler
    startup_stm32g474xx.o(.text) refers (Special) to heapauxi.o(.text) for __use_two_region_memory
    startup_stm32g474xx.o(.text) refers to system_stm32g4xx.o(i.SystemInit) for SystemInit
    startup_stm32g474xx.o(.text) refers to __main.o(!!!main) for __main
    startup_stm32g474xx.o(.text) refers to startup_stm32g474xx.o(HEAP) for Heap_Mem
    startup_stm32g474xx.o(.text) refers to startup_stm32g474xx.o(STACK) for Stack_Mem
    main.o(i.HAL_HRTIM_RepetitionEventCallback) refers to motor.o(i.Motor_PeriodElapsedCallback) for Motor_PeriodElapsedCallback
    main.o(i.HAL_HRTIM_RepetitionEventCallback) refers to main.o(.bss) for .bss
    main.o(i.HAL_SPI_TxRxCpltCallback) refers to mt6826.o(i.MT6826_DMACompleteCallback) for MT6826_DMACompleteCallback
    main.o(i.HAL_SPI_TxRxCpltCallback) refers to motor.o(i.Motor_EncoderReadCompleteCallback) for Motor_EncoderReadCompleteCallback
    main.o(i.HAL_SPI_TxRxCpltCallback) refers to main.o(.bss) for .bss
    main.o(i.MX_DMA_Init) refers to stm32g4xx_hal_cortex.o(i.HAL_NVIC_SetPriority) for HAL_NVIC_SetPriority
    main.o(i.MX_DMA_Init) refers to stm32g4xx_hal_cortex.o(i.HAL_NVIC_EnableIRQ) for HAL_NVIC_EnableIRQ
    main.o(i.MX_GPIO_Init) refers to rt_memclr_w.o(.text) for __aeabi_memclr4
    main.o(i.MX_GPIO_Init) refers to stm32g4xx_hal_gpio.o(i.HAL_GPIO_WritePin) for HAL_GPIO_WritePin
    main.o(i.MX_GPIO_Init) refers to stm32g4xx_hal_gpio.o(i.HAL_GPIO_Init) for HAL_GPIO_Init
    main.o(i.MX_HRTIM1_Init) refers to rt_memclr_w.o(.text) for __aeabi_memclr4
    main.o(i.MX_HRTIM1_Init) refers to stm32g4xx_hal_hrtim.o(i.HAL_HRTIM_Init) for HAL_HRTIM_Init
    main.o(i.MX_HRTIM1_Init) refers to stm32g4xx_hal_hrtim.o(i.HAL_HRTIM_DLLCalibrationStart) for HAL_HRTIM_DLLCalibrationStart
    main.o(i.MX_HRTIM1_Init) refers to stm32g4xx_hal_hrtim.o(i.HAL_HRTIM_PollForDLLCalibration) for HAL_HRTIM_PollForDLLCalibration
    main.o(i.MX_HRTIM1_Init) refers to stm32g4xx_hal_hrtim.o(i.HAL_HRTIM_FaultPrescalerConfig) for HAL_HRTIM_FaultPrescalerConfig
    main.o(i.MX_HRTIM1_Init) refers to stm32g4xx_hal_hrtim.o(i.HAL_HRTIM_FaultConfig) for HAL_HRTIM_FaultConfig
    main.o(i.MX_HRTIM1_Init) refers to stm32g4xx_hal_hrtim.o(i.HAL_HRTIM_FaultCounterConfig) for HAL_HRTIM_FaultCounterConfig
    main.o(i.MX_HRTIM1_Init) refers to stm32g4xx_hal_hrtim.o(i.HAL_HRTIM_FaultBlankingConfigAndEnable) for HAL_HRTIM_FaultBlankingConfigAndEnable
    main.o(i.MX_HRTIM1_Init) refers to stm32g4xx_hal_hrtim.o(i.HAL_HRTIM_FaultModeCtl) for HAL_HRTIM_FaultModeCtl
    main.o(i.MX_HRTIM1_Init) refers to stm32g4xx_hal_hrtim.o(i.HAL_HRTIM_TimeBaseConfig) for HAL_HRTIM_TimeBaseConfig
    main.o(i.MX_HRTIM1_Init) refers to stm32g4xx_hal_hrtim.o(i.HAL_HRTIM_WaveformTimerConfig) for HAL_HRTIM_WaveformTimerConfig
    main.o(i.MX_HRTIM1_Init) refers to stm32g4xx_hal_hrtim.o(i.HAL_HRTIM_WaveformTimerControl) for HAL_HRTIM_WaveformTimerControl
[...]
    i.HAL_NVIC_SetPriorityGrouping           0x080027f8   Section        0  stm32g4xx_hal_cortex.o(i.HAL_NVIC_SetPriorityGrouping)
    i.HAL_PWREx_ControlVoltageScaling        0x0800281c   Section        0  stm32g4xx_hal_pwr_ex.o(i.HAL_PWREx_ControlVoltageScaling)
    i.HAL_PWREx_DisableUCPDDeadBattery       0x080028d8   Section        0  stm32g4xx_hal_pwr_ex.o(i.HAL_PWREx_DisableUCPDDeadBattery)
    i.HAL_RCCEx_PeriphCLKConfig              0x080028e8   Section        0  stm32g4xx_hal_rcc_ex.o(i.HAL_RCCEx_PeriphCLKConfig)
    i.HAL_RCC_ClockConfig                    0x08002be8   Section        0  stm32g4xx_hal_rcc.o(i.HAL_RCC_ClockConfig)
    i.HAL_RCC_GetPCLK1Freq                   0x08002dc4   Section        0  stm32g4xx_hal_rcc.o(i.HAL_RCC_GetPCLK1Freq)
    i.HAL_RCC_GetPCLK2Freq                   0x08002de8   Section        0  stm32g4xx_hal_rcc.o(i.HAL_RCC_GetPCLK2Freq)
    i.HAL_RCC_GetSysClockFreq                0x08002e0c   Section        0  stm32g4xx_hal_rcc.o(i.HAL_RCC_GetSysClockFreq)
    i.HAL_RCC_OscConfig                      0x08002e7c   Section        0  stm32g4xx_hal_rcc.o(i.HAL_RCC_OscConfig)
    i.HAL_SPI_ErrorCallback                  0x08003280   Section        0  stm32g4xx_hal_spi.o(i.HAL_SPI_ErrorCallback)
    i.HAL_SPI_Init                           0x08003282   Section        0  stm32g4xx_hal_spi.o(i.HAL_SPI_Init)
    i.HAL_SPI_MspInit                        0x0800336c   Section        0  stm32g4xx_hal_msp.o(i.HAL_SPI_MspInit)
    i.HAL_SPI_RxCpltCallback                 0x08003430   Section        0  stm32g4xx_hal_spi.o(i.HAL_SPI_RxCpltCallback)
    i.HAL_SPI_RxHalfCpltCallback             0x08003432   Section        0  stm32g4xx_hal_spi.o(i.HAL_SPI_RxHalfCpltCallback)
    i.HAL_SPI_TransmitReceive_DMA            0x08003434   Section        0  stm32g4xx_hal_spi.o(i.HAL_SPI_TransmitReceive_DMA)
    i.HAL_SPI_TxRxCpltCallback               0x080035e8   Section        0  main.o(i.HAL_SPI_TxRxCpltCallback)
    i.HAL_SPI_TxRxHalfCpltCallback           0x08003610   Section        0  stm32g4xx_hal_spi.o(i.HAL_SPI_TxRxHalfCpltCallback)
    i.HAL_SYSTICK_Config                     0x08003612   Section        0  stm32g4xx_hal_cortex.o(i.HAL_SYSTICK_Config)
    i.HAL_UARTEx_DisableFifoMode             0x0800363a   Section        0  stm32g4xx_hal_uart_ex.o(i.HAL_UARTEx_DisableFifoMode)
    i.HAL_UARTEx_SetRxFifoThreshold          0x08003678   Section        0  stm32g4xx_hal_uart_ex.o(i.HAL_UARTEx_SetRxFifoThreshold)
    i.HAL_UARTEx_SetTxFifoThreshold          0x080036c4   Section        0  stm32g4xx_hal_uart_ex.o(i.HAL_UARTEx_SetTxFifoThreshold)
    i.HAL_UART_Init                          0x08003710   Section        0  stm32g4xx_hal_uart.o(i.HAL_UART_Init)
    i.HAL_UART_MspInit                       0x0800377c   Section        0  stm32g4xx_hal_msp.o(i.HAL_UART_MspInit)
    i.HAL_UART_Transmit                      0x080037f8   Section        0  stm32g4xx_hal_uart.o(i.HAL_UART_Transmit)
    i.HRTIM1_TIMA_IRQHandler                 0x080038b0   Section        0  stm32g4xx_it.o(i.HRTIM1_TIMA_IRQHandler)
    i.HRTIM_ForceRegistersUpdate             0x080038bc   Section        0  stm32g4xx_hal_hrtim.o(i.HRTIM_ForceRegistersUpdate)
    HRTIM_ForceRegistersUpdate               0x080038bd   Thumb Code   104  stm32g4xx_hal_hrtim.o(i.HRTIM_ForceRegistersUpdate)
    i.HRTIM_HRTIM_ISR                        0x08003924   Section        0  stm32g4xx_hal_hrtim.o(i.HRTIM_HRTIM_ISR)
    HRTIM_HRTIM_ISR                          0x08003925   Thumb Code   168  stm32g4xx_hal_hrtim.o(i.HRTIM_HRTIM_ISR)
    i.HRTIM_MasterWaveform_Config            0x080039cc   Section        0  stm32g4xx_hal_hrtim.o(i.HRTIM_MasterWaveform_Config)
    HRTIM_MasterWaveform_Config              0x080039cd   Thumb Code   146  stm32g4xx_hal_hrtim.o(i.HRTIM_MasterWaveform_Config)
    i.HRTIM_Master_ISR                       0x08003a5e   Section        0  stm32g4xx_hal_hrtim.o(i.HRTIM_Master_ISR)
    HRTIM_Master_ISR                         0x08003a5f   Thumb Code   240  stm32g4xx_hal_hrtim.o(i.HRTIM_Master_ISR)
    i.HRTIM_OutputConfig                     0x08003b4e   Section        0  stm32g4xx_hal_hrtim.o(i.HRTIM_OutputConfig)
    HRTIM_OutputConfig                       0x08003b4f   Thumb Code   222  stm32g4xx_hal_hrtim.o(i.HRTIM_OutputConfig)
    i.HRTIM_Timer_ISR                        0x08003c2c   Section        0  stm32g4xx_hal_hrtim.o(i.HRTIM_Timer_ISR)
    HRTIM_Timer_ISR                          0x08003c2d   Thumb Code   358  stm32g4xx_hal_hrtim.o(i.HRTIM_Timer_ISR)
    i.HRTIM_TimingUnitWaveform_Config        0x08003d94   Section        0  stm32g4xx_hal_hrtim.o(i.HRTIM_TimingUnitWaveform_Config)
    HRTIM_TimingUnitWaveform_Config          0x08003d95   Thumb Code   402  stm32g4xx_hal_hrtim.o(i.HRTIM_TimingUnitWaveform_Config)
    i.HardFault_Handler                      0x08003f2c   Section        0  stm32g4xx_it.o(i.HardFault_Handler)
    i.MT6826_DMACompleteCallback             0x08003f2e   Section        0  mt6826.o(i.MT6826_DMACompleteCallback)
    i.MT6826_GetAngleRaw                     0x08003f56   Section        0  mt6826.o(i.MT6826_GetAngleRaw)
    i.MT6826_Init                            0x08003f5a   Section        0  mt6826.o(i.MT6826_Init)
    i.MT6826_StartDMARead                    0x08003f8e   Section        0  mt6826.o(i.MT6826_StartDMARead)
    i.MX_DMA_Init                            0x08003fb4   Section        0  main.o(i.MX_DMA_Init)
    MX_DMA_Init                              0x08003fb5   Thumb Code    88  main.o(i.MX_DMA_Init)
    i.MX_GPIO_Init                           0x08004010   Section        0  main.o(i.MX_GPIO_Init)
    MX_GPIO_Init                             0x08004011   Thumb Code   118  main.o(i.MX_GPIO_Init)
    i.MX_HRTIM1_Init                         0x0800408c   Section        0  main.o(i.MX_HRTIM1_Init)
    MX_HRTIM1_Init                           0x0800408d   Thumb Code   828  main.o(i.MX_HRTIM1_Init)
    i.MX_SPI1_Init                           0x080043d0   Section        0  main.o(i.MX_SPI1_Init)
    MX_SPI1_Init                             0x080043d1   Thumb Code    68  main.o(i.MX_SPI1_Init)
    i.MX_USART1_UART_Init                    0x0800441c   Section        0  main.o(i.MX_USART1_UART_Init)
    MX_USART1_UART_Init                      0x0800441d   Thumb Code    90  main.o(i.MX_USART1_UART_Init)
    i.MemManage_Handler                      0x08004480   Section        0  stm32g4xx_it.o(i.MemManage_Handler)
    i.Motor_ClampCmp                         0x08004482   Section        0  motor.o(i.Motor_ClampCmp)
    Motor_ClampCmp                           0x08004483   Thumb Code    24  motor.o(i.Motor_ClampCmp)
    i.Motor_EncoderReadCompleteCallback      0x0800449c   Section        0  motor.o(i.Motor_EncoderReadCompleteCallback)
    i.Motor_Init                             0x08004574   Section        0  motor.o(i.Motor_Init)
    i.Motor_PeriodElapsedCallback            0x080045ec   Section        0  motor.o(i.Motor_PeriodElapsedCallback)
    i.Motor_SetModulation                    0x08004600   Section        0  motor.o(i.Motor_SetModulation)
    i.Motor_Start                            0x08004628   Section        0  motor.o(i.Motor_Start)
    i.NMI_Handler                            0x08004654   Section        0  stm32g4xx_it.o(i.NMI_Handler)
    i.PendSV_Handler                         0x08004656   Section        0  stm32g4xx_it.o(i.PendSV_Handler)
    i.SPI_DMAError                           0x08004658   Section        0  stm32g4xx_hal_spi.o(i.SPI_DMAError)
    SPI_DMAError                             0x08004659   Thumb Code    34  stm32g4xx_hal_spi.o(i.SPI_DMAError)
    i.SPI_DMAHalfReceiveCplt                 0x0800467a   Section        0  stm32g4xx_hal_spi.o(i.SPI_DMAHalfReceiveCplt)
    SPI_DMAHalfReceiveCplt                   0x0800467b   Thumb Code    10  stm32g4xx_hal_spi.o(i.SPI_DMAHalfReceiveCplt)
    i.SPI_DMAHalfTransmitReceiveCplt         0x08004684   Section        0  stm32g4xx_hal_spi.o(i.SPI_DMAHalfTransmitReceiveCplt)
    SPI_DMAHalfTransmitReceiveCplt           0x08004685   Thumb Code    10  stm32g4xx_hal_spi.o(i.SPI_DMAHalfTransmitReceiveCplt)
    i.SPI_DMAReceiveCplt                     0x0800468e   Section        0  stm32g4xx_hal_spi.o(i.SPI_DMAReceiveCplt)
    SPI_DMAReceiveCplt                       0x0800468f   Thumb Code   108  stm32g4xx_hal_spi.o(i.SPI_DMAReceiveCplt)
    i.SPI_DMATransmitReceiveCplt             0x080046fa   Section        0  stm32g4xx_hal_spi.o(i.SPI_DMATransmitReceiveCplt)
    SPI_DMATransmitReceiveCplt               0x080046fb   Thumb Code    92  stm32g4xx_hal_spi.o(i.SPI_DMATransmitReceiveCplt)
    i.SPI_EndRxTransaction                   0x08004756   Section        0  stm32g4xx_hal_spi.o(i.SPI_EndRxTransaction)
    SPI_EndRxTransaction                     0x08004757   Thumb Code   116  stm32g4xx_hal_spi.o(i.SPI_EndRxTransaction)
    i.SPI_EndRxTxTransaction                 0x080047ca   Section        0  stm32g4xx_hal_spi.o(i.SPI_EndRxTxTransaction)
    SPI_EndRxTxTransaction                   0x080047cb   Thumb Code    72  stm32g4xx_hal_spi.o(i.SPI_EndRxTxTransaction)
    i.SPI_WaitFifoStateUntilTimeout          0x08004814   Section        0  stm32g4xx_hal_spi.o(i.SPI_WaitFifoStateUntilTimeout)
    SPI_WaitFifoStateUntilTimeout            0x08004815   Thumb Code   220  stm32g4xx_hal_spi.o(i.SPI_WaitFifoStateUntilTimeout)
    i.SPI_WaitFlagStateUntilTimeout          0x080048f4   Section        0  stm32g4xx_hal_spi.o(i.SPI_WaitFlagStateUntilTimeout)
    SPI_WaitFlagStateUntilTimeout            0x080048f5   Thumb Code   182  stm32g4xx_hal_spi.o(i.SPI_WaitFlagStateUntilTimeout)
    i.SVC_Handler                            0x080049b0   Section        0  stm32g4xx_it.o(i.SVC_Handler)
    i.SysTick_Handler                        0x080049b2   Section        0  stm32g4xx_it.o(i.SysTick_Handler)
    i.SystemClock_Config                     0x080049b6   Section        0  main.o(i.SystemClock_Config)
    i.SystemInit                             0x08004a24   Section        0  system_stm32g4xx.o(i.SystemInit)
    i.UARTEx_SetNbDataToProcess              0x08004a34   Section        0  stm32g4xx_hal_uart_ex.o(i.UARTEx_SetNbDataToProcess)
    UARTEx_SetNbDataToProcess                0x08004a35   Thumb Code    62  stm32g4xx_hal_uart_ex.o(i.UARTEx_SetNbDataToProcess)
    i.UART_AdvFeatureConfig                  0x08004a78   Section        0  stm32g4xx_hal_uart.o(i.UART_AdvFeatureConfig)
    i.UART_CheckIdleState                    0x08004b40   Section        0  stm32g4xx_hal_uart.o(i.UART_CheckIdleState)
    i.UART_EndRxTransfer                     0x08004bec   Section        0  stm32g4xx_hal_uart.o(i.UART_EndRxTransfer)
    UART_EndRxTransfer                       0x08004bed   Thumb Code    78  stm32g4xx_hal_uart.o(i.UART_EndRxTransfer)
    i.UART_SetConfig                         0x08004c40   Section        0  stm32g4xx_hal_uart.o(i.UART_SetConfig)
    i.UART_WaitOnFlagUntilTimeout            0x08004ed8   Section        0  stm32g4xx_hal_uart.o(i.UART_WaitOnFlagUntilTimeout)
    i.UsageFault_Handler                     0x08004f6c   Section        0  stm32g4xx_it.o(i.UsageFault_Handler)
    i.__ARM_fpclassify                       0x08004f6e   Section        0  fpclassify.o(i.__ARM_fpclassify)
    i.__NVIC_SetPriority                     0x08004f9e   Section        0  stm32g4xx_hal_cortex.o(i.__NVIC_SetPriority)
    __NVIC_SetPriority                       0x08004f9f   Thumb Code    32  stm32g4xx_hal_cortex.o(i.__NVIC_SetPriority)
    i._is_digit                              0x08004fbe   Section        0  __printf_wp.o(i._is_digit)
    i.main                                   0x08004fcc   Section        0  main.o(i.main)
    locale$$code                             0x080050e0   Section       44  lc_numeric_c.o(locale$$code)
    x$fpl$dretinf                            0x0800510c   Section       12  dretinf.o(x$fpl$dretinf)
    $v0                                      0x0800510c   Number         0  dretinf.o(x$fpl$dretinf)
    x$fpl$f2d                                0x08005118   Section       86  f2d.o(x$fpl$f2d)
    $v0                                      0x08005118   Number         0  f2d.o(x$fpl$f2d)
    x$fpl$fnaninf                            0x0800516e   Section      140  fnaninf.o(x$fpl$fnaninf)
    $v0                                      0x0800516e   Number         0  fnaninf.o(x$fpl$fnaninf)
    x$fpl$fpinit                             0x080051fa   Section       10  fpinit.o(x$fpl$fpinit)
    $v0                                      0x080051fa   Number         0  fpinit.o(x$fpl$fpinit)
    x$fpl$printf1                            0x08005204   Section        4  printf1.o(x$fpl$printf1)
    $v0                                      0x08005204   Number         0  printf1.o(x$fpl$printf1)
    .constdata                               0x08005208   Section       24  stm32g4xx_hal_uart.o(.constdata)
    x$fpl$usenofp                            0x08005208   Section        0  usenofp.o(x$fpl$usenofp)
    .constdata                               0x08005220   Section       16  stm32g4xx_hal_uart_ex.o(.constdata)
    numerator                                0x08005220   Data           8  stm32g4xx_hal_uart_ex.o(.constdata)
    denominator                              0x08005228   Data           8  stm32g4xx_hal_uart_ex.o(.constdata)
    .constdata                               0x08005230   Section       16  system_stm32g4xx.o(.constdata)
    .constdata                               0x08005240   Section        8  system_stm32g4xx.o(.constdata)
    .constdata                               0x08005248   Section      148  bigflt0.o(.constdata)
    tenpwrs_x                                0x08005248   Data          60  bigflt0.o(.constdata)
    tenpwrs_i                                0x08005284   Data          64  bigflt0.o(.constdata)
    locale$$data                             0x080052fc   Section       28  lc_numeric_c.o(locale$$data)
    __lcnum_c_name                           0x08005300   Data           2  lc_numeric_c.o(locale$$data)
    __lcnum_c_start                          0x08005308   Data           0  lc_numeric_c.o(locale$$data)
    __lcnum_c_point                          0x08005314   Data           0  lc_numeric_c.o(locale$$data)
    __lcnum_c_thousands                      0x08005316   Data           0  lc_numeric_c.o(locale$$data)
    __lcnum_c_grouping                       0x08005317   Data           0  lc_numeric_c.o(locale$$data)
    __lcnum_c_end                            0x08005318   Data           0  lc_numeric_c.o(locale$$data)
    .data                                    0x20000000   Section       12  stm32g4xx_hal.o(.data)
    .data                                    0x2000000c   Section        4  system_stm32g4xx.o(.data)
    .bss                                     0x20000010   Section      656  main.o(.bss)
    uart_buf                                 0x2000022c   Data          64  main.o(.bss)
    .bss                                     0x200002a0   Section       96  main.o(.bss)
    .bss                                     0x20000300   Section       96  main.o(.bss)
    .bss                                     0x20000360   Section       96  main.o(.bss)
    .bss                                     0x200003c0   Section       96  libspace.o(.bss)
    HEAP                                     0x20000420   Section      512  startup_stm32g474xx.o(HEAP)
    Heap_Mem                                 0x20000420   Data         512  startup_stm32g474xx.o(HEAP)
    STACK                                    0x20000620   Section     1024  startup_stm32g474xx.o(STACK)
    Stack_Mem                                0x20000620   Data        1024  startup_stm32g474xx.o(STACK)
    __initial_sp                             0x20000a20   Data           0  startup_stm32g474xx.o(STACK)

    Global Symbols

    Symbol Name                              Value     Ov Type        Size  Object(Section)

    BuildAttributes$$THM_ISAv4$E$P$D$K$B$S$7EM$VFPi3$EXTD16$VFPS$VFMA$PE$A:L22UL41UL21$X:L11$S22US41US21$IEEE1$IW$USESV6$~STKCKD$USESV7$~SHL$OTIME$ROPI$IEEEJ$EBA8$UX$STANDARDLIB$REQ8$PRES8$EABIv2 0x00000000   Number         0  anon$$obj.o ABSOLUTE
    __ARM_use_no_argv                        0x00000000   Number         0  main.o ABSOLUTE
    _printf_flags                            0x00000000   Number         0  printf_stubs.o ABSOLUTE
    _printf_return_value                     0x00000000   Number         0  printf_stubs.o ABSOLUTE
    _printf_sizespec                         0x00000000   Number         0  printf_stubs.o ABSOLUTE
    _printf_widthprec                        0x00000000   Number         0  printf_stubs.o ABSOLUTE
    __ARM_exceptions_init                     - Undefined Weak Reference
    __alloca_initialize                       - Undefined Weak Reference
    __arm_preinit_                            - Undefined Weak Reference
    __cpp_initialize__aeabi_                  - Undefined Weak Reference
    __cxa_finalize                            - Undefined Weak Reference
    __sigvec_lookup                           - Undefined Weak Reference
    _atexit_init                              - Undefined Weak Reference
    _call_atexit_fns                          - Undefined Weak Reference
    _clock_init                               - Undefined Weak Reference
    _fp_trap_init                             - Undefined Weak Reference
    _fp_trap_shutdown                         - Undefined Weak Reference
    _get_lc_collate                           - Undefined Weak Reference
    _get_lc_ctype                             - Undefined Weak Reference
    _get_lc_monetary                          - Undefined Weak Reference
    _get_lc_time                              - Undefined Weak Reference
    _getenv_init                              - Undefined Weak Reference
    _handle_redirection                       - Undefined Weak Reference
    _init_alloc                               - Undefined Weak Reference
    _init_user_alloc                          - Undefined Weak Reference
    _initio                                   - Undefined Weak Reference
    _printf_truncate_signed                   - Undefined Weak Reference
    _printf_truncate_unsigned                 - Undefined Weak Reference
    _rand_init                                - Undefined Weak Reference
    _signal_finish                            - Undefined Weak Reference
    _signal_init                              - Undefined Weak Reference
    _terminate_alloc                          - Undefined Weak Reference
    _terminate_user_alloc                     - Undefined Weak Reference
    _terminateio                              - Undefined Weak Reference
    __Vectors_Size                           0x000001d8   Number         0  startup_stm32g474xx.o ABSOLUTE
    __Vectors                                0x08000000   Data           4  startup_stm32g474xx.o(RESET)
    __Vectors_End                            0x080001d8   Data           0  startup_stm32g474xx.o(RESET)
    __main                                   0x080001d9   Thumb Code     8  __main.o(!!!main)
    __scatterload                            0x080001e1   Thumb Code     0  __scatter.o(!!!scatter)
    __scatterload_rt2                        0x080001e1   Thumb Code    44  __scatter.o(!!!scatter)
    __scatterload_rt2_thumb_only             0x080001e1   Thumb Code     0  __scatter.o(!!!scatter)
    __scatterload_null                       0x080001ef   Thumb Code     0  __scatter.o(!!!scatter)
    __scatterload_copy                       0x08000215   Thumb Code    26  __scatter_copy.o(!!handler_copy)
    __scatterload_zeroinit                   0x08000231   Thumb Code    28  __scatter_zi.o(!!handler_zi)
    _printf_f                                0x0800024d   Thumb Code     0  _printf_f.o(.ARM.Collect$$_printf_percent$$00000003)
    _printf_percent                          0x0800024d   Thumb Code     0  _printf_percent.o(.ARM.Collect$$_printf_percent$$00000000)
    _printf_u                                0x08000253   Thumb Code     0  _printf_u.o(.ARM.Collect$$_printf_percent$$0000000A)
    _printf_percent_end                      0x08000259   Thumb Code     0  _printf_percent_end.o(.ARM.Collect$$_printf_percent$$00000017)
    __rt_lib_init                            0x0800025d   Thumb Code     0  libinit.o(.ARM.Collect$$libinit$$00000000)
    __rt_lib_init_fp_1                       0x0800025f   Thumb Code     0  libinit2.o(.ARM.Collect$$libinit$$00000001)
    __rt_lib_init_heap_1                     0x08000263   Thumb Code     0  libinit2.o(.ARM.Collect$$libinit$$0000000A)
    __rt_lib_init_lc_common                  0x08000263   Thumb Code     0  libinit2.o(.ARM.Collect$$libinit$$0000000F)
    __rt_lib_init_preinit_1                  0x08000263   Thumb Code     0  libinit2.o(.ARM.Collect$$libinit$$00000004)
    __rt_lib_init_rand_1                     0x08000263   Thumb Code     0  libinit2.o(.ARM.Collect$$libinit$$0000000E)
    __rt_lib_init_user_alloc_1               0x08000263   Thumb Code     0  libinit2.o(.ARM.Collect$$libinit$$0000000C)
    __rt_lib_init_lc_collate_1               0x08000269   Thumb Code     0  libinit2.o(.ARM.Collect$$libinit$$00000011)
    __rt_lib_init_lc_ctype_1                 0x08000269   Thumb Code     0  libinit2.o(.ARM.Collect$$libinit$$00000013)
    __rt_lib_init_lc_monetary_1              0x08000269   Thumb Code     0  libinit2.o(.ARM.Collect$$libinit$$00000015)
    __rt_lib_init_lc_numeric_2               0x08000269   Thumb Code     0  libinit2.o(.ARM.Collect$$libinit$$00000016)
    __rt_lib_init_alloca_1                   0x08000273   Thumb Code     0  libinit2.o(.ARM.Collect$$libinit$$0000002E)
    __rt_lib_init_argv_1                     0x08000273   Thumb Code     0  libinit2.o(.ARM.Collect$$libinit$$0000002C)
    __rt_lib_init_atexit_1                   0x08000273   Thumb Code     0  libinit2.o(.ARM.Collect$$libinit$$0000001B)
    __rt_lib_init_clock_1                    0x08000273   Thumb Code     0  libinit2.o(.ARM.Collect$$libinit$$00000021)
    __rt_lib_init_cpp_1                      0x08000273   Thumb Code     0  libinit2.o(.ARM.Collect$$libinit$$00000032)
    __rt_lib_init_exceptions_1               0x08000273   Thumb Code     0  libinit2.o(.ARM.Collect$$libinit$$00000030)
    __rt_lib_init_fp_trap_1                  0x08000273   Thumb Code     0  libinit2.o(.ARM.Collect$$libinit$$0000001F)
    __rt_lib_init_getenv_1                   0x08000273   Thumb Code     0  libinit2.o(.ARM.Collect$$libinit$$00000023)
    __rt_lib_init_lc_numeric_1               0x08000273   Thumb Code     0  libinit2.o(.ARM.Collect$$libinit$$00000017)
    __rt_lib_init_lc_time_1                  0x08000273   Thumb Code     0  libinit2.o(.ARM.Collect$$libinit$$00000019)
    __rt_lib_init_return                     0x08000273   Thumb Code     0  libinit2.o(.ARM.Collect$$libinit$$00000033)
    __rt_lib_init_signal_1                   0x08000273   Thumb Code     0  libinit2.o(.ARM.Collect$$libinit$$0000001D)
    __rt_lib_init_stdio_1                    0x08000273   Thumb Code     0  libinit2.o(.ARM.Collect$$libinit$$00000025)
    __rt_lib_shutdown                        0x08000275   Thumb Code     0  libshutdown.o(.ARM.Collect$$libshutdown$$00000000)
    __rt_lib_shutdown_cpp_1                  0x08000277   Thumb Code     0  libshutdown2.o(.ARM.Collect$$libshutdown$$00000002)
    __rt_lib_shutdown_fp_trap_1              0x08000277   Thumb Code     0  libshutdown2.o(.ARM.Collect$$libshutdown$$00000007)
    __rt_lib_shutdown_heap_1                 0x08000277   Thumb Code     0  libshutdown2.o(.ARM.Collect$$libshutdown$$0000000F)
    __rt_lib_shutdown_return                 0x08000277   Thumb Code     0  libshutdown2.o(.ARM.Collect$$libshutdown$$00000010)
    __rt_lib_shutdown_signal_1               0x08000277   Thumb Code     0  libshutdown2.o(.ARM.Collect$$libshutdown$$0000000A)
    __rt_lib_shutdown_stdio_1                0x08000277   Thumb Code     0  libshutdown2.o(.ARM.Collect$$libshutdown$$00000004)
    __rt_lib_shutdown_user_alloc_1           0x08000277   Thumb Code     0  libshutdown2.o(.ARM.Collect$$libshutdown$$0000000C)
    __rt_entry                               0x08000279   Thumb Code     0  __rtentry.o(.ARM.Collect$$rtentry$$00000000)
    __rt_entry_presh_1                       0x08000279   Thumb Code     0  __rtentry2.o(.ARM.Collect$$rtentry$$00000002)
    __rt_entry_sh                            0x08000279   Thumb Code     0  __rtentry4.o(.ARM.Collect$$rtentry$$00000004)
    __rt_entry_li                            0x0800027f   Thumb Code     0  __rtentry2.o(.ARM.Collect$$rtentry$$0000000A)
    __rt_entry_postsh_1                      0x0800027f   Thumb Code     0  __rtentry2.o(.ARM.Collect$$rtentry$$00000009)
    __rt_entry_main                          0x08000283   Thumb Code     0  __rtentry2.o(.ARM.Collect$$rtentry$$0000000D)
    __rt_entry_postli_1                      0x08000283   Thumb Code     0  __rtentry2.o(.ARM.Collect$$rtentry$$0000000C)
    __rt_exit                                0x0800028b   Thumb Code     0  rtexit.o(.ARM.Collect$$rtexit$$00000000)
    __rt_exit_ls                             0x0800028d   Thumb Code     0  rtexit2.o(.ARM.Collect$$rtexit$$00000003)
    __rt_exit_prels_1                        0x0800028d   Thumb Code     0  rtexit2.o(.ARM.Collect$$rtexit$$00000002)
    __rt_exit_exit                           0x08000291   Thumb Code     0  rtexit2.o(.ARM.Collect$$rtexit$$00000004)
    Reset_Handler                            0x08000299   Thumb Code     8  startup_stm32g474xx.o(.text)
    ADC1_2_IRQHandler                        0x080002b3   Thumb Code     0  startup_stm32g474xx.o(.text)
    ADC3_IRQHandler                          0x080002b3   Thumb Code     0  startup_stm32g474xx.o(.text)
    ADC4_IRQHandler                          0x080002b3   Thumb Code     0  startup_stm32g474xx.o(.text)
    ADC5_IRQHandler                          0x080002b3   Thumb Code     0  startup_stm32g474xx.o(.text)
    COMP1_2_3_IRQHandler                     0x080002b3   Thumb Code     0  startup_stm32g474xx.o(.text)
    COMP4_5_6_IRQHandler                     0x080002b3   Thumb Code     0  startup_stm32g474xx.o(.text)
    COMP7_IRQHandler                         0x080002b3   Thumb Code     0  startup_stm32g474xx.o(.text)
    CORDIC_IRQHandler                        0x080002b3   Thumb Code     0  startup_stm32g474xx.o(.text)
    CRS_IRQHandler                           0x080002b3   Thumb Code     0  startup_stm32g474xx.o(.text)
    DMA1_Channel4_IRQHandler                 0x080002b3   Thumb Code     0  startup_stm32g474xx.o(.text)
    DMA1_Channel5_IRQHandler                 0x080002b3   Thumb Code     0  startup_stm32g474xx.o(.text)
    DMA1_Channel6_IRQHandler                 0x080002b3   Thumb Code     0  startup_stm32g474xx.o(.text)
    DMA1_Channel7_IRQHandler                 0x080002b3   Thumb Code     0  startup_stm32g474xx.o(.text)
    DMA1_Channel8_IRQHandler                 0x080002b3   Thumb Code     0  startup_stm32g474xx.o(.text)
    DMA2_Channel1_IRQHandler                 0x080002b3   Thumb Code     0  startup_stm32g474xx.o(.text)
    DMA2_Channel2_IRQHandler                 0x080002b3   Thumb Code     0  startup_stm32g474xx.o(.text)
    DMA2_Channel3_IRQHandler                 0x080002b3   Thumb Code     0  startup_stm32g474xx.o(.text)
    DMA2_Channel4_IRQHandler                 0x080002b3   Thumb Code     0  startup_stm32g474xx.o(.text)
    DMA2_Channel5_IRQHandler                 0x080002b3   Thumb Code     0  startup_stm32g474xx.o(.text)
    DMA2_Channel6_IRQHandler                 0x080002b3   Thumb Code     0  startup_stm32g474xx.o(.text)
    DMA2_Channel7_IRQHandler                 0x080002b3   Thumb Code     0  startup_stm32g474xx.o(.text)
    DMA2_Channel8_IRQHandler                 0x080002b3   Thumb Code     0  startup_stm32g474xx.o(.text)
    DMAMUX_OVR_IRQHandler                    0x080002b3   Thumb Code     0  startup_stm32g474xx.o(.text)
    EXTI0_IRQHandler                         0x080002b3   Thumb Code     0  startup_stm32g474xx.o(.text)
    EXTI15_10_IRQHandler                     0x080002b3   Thumb Code     0  startup_stm32g474xx.o(.text)
    EXTI1_IRQHandler                         0x080002b3   Thumb Code     0  startup_stm32g474xx.o(.text)
    EXTI2_IRQHandler                         0x080002b3   Thumb Code     0  startup_stm32g474xx.o(.text)
    EXTI3_IRQHandler                         0x080002b3   Thumb Code     0  startup_stm32g474xx.o(.text)
    EXTI4_IRQHandler                         0x080002b3   Thumb Code     0  startup_stm32g474xx.o(.text)
    EXTI9_5_IRQHandler                       0x080002b3   Thumb Code     0  startup_stm32g474xx.o(.text)
    FDCAN1_IT0_IRQHandler                    0x080002b3   Thumb Code     0  startup_stm32g474xx.o(.text)
    FDCAN1_IT1_IRQHandler                    0x080002b3   Thumb Code     0  startup_stm32g474xx.o(.text)
    FDCAN2_IT0_IRQHandler                    0x080002b3   Thumb Code     0  startup_stm32g474xx.o(.text)
    FDCAN2_IT1_IRQHandler                    0x080002b3   Thumb Code     0  startup_stm32g474xx.o(.text)
    FDCAN3_IT0_IRQHandler                    0x080002b3   Thumb Code     0  startup_stm32g474xx.o(.text)
    FDCAN3_IT1_IRQHandler                    0x080002b3   Thumb Code     0  startup_stm32g474xx.o(.text)
    FLASH_IRQHandler                         0x080002b3   Thumb Code     0  startup_stm32g474xx.o(.text)
    FMAC_IRQHandler                          0x080002b3   Thumb Code     0  startup_stm32g474xx.o(.text)
    FMC_IRQHandler                           0x080002b3   Thumb Code     0  startup_stm32g474xx.o(.text)
    FPU_IRQHandler                           0x080002b3   Thumb Code     0  startup_stm32g474xx.o(.text)
    HRTIM1_FLT_IRQHandler                    0x080002b3   Thumb Code     0  startup_stm32g474xx.o(.text)
    HRTIM1_Master_IRQHandler                 0x080002b3   Thumb Code     0  startup_stm32g474xx.o(.text)
    HRTIM1_TIMB_IRQHandler                   0x080002b3   Thumb Code     0  startup_stm32g474xx.o(.text)
    HRTIM1_TIMC_IRQHandler                   0x080002b3   Thumb Code     0  startup_stm32g474xx.o(.text)
    HRTIM1_TIMD_IRQHandler                   0x080002b3   Thumb Code     0  startup_stm32g474xx.o(.text)
    HRTIM1_TIME_IRQHandler                   0x080002b3   Thumb Code     0  startup_stm32g474xx.o(.text)
    HRTIM1_TIMF_IRQHandler                   0x080002b3   Thumb Code     0  startup_stm32g474xx.o(.text)
    I2C1_ER_IRQHandler                       0x080002b3   Thumb Code     0  startup_stm32g474xx.o(.text)
    I2C1_EV_IRQHandler                       0x080002b3   Thumb Code     0  startup_stm32g474xx.o(.text)
    I2C2_ER_IRQHandler                       0x080002b3   Thumb Code     0  startup_stm32g474xx.o(.text)
    I2C2_EV_IRQHandler                       0x080002b3   Thumb Code     0  startup_stm32g474xx.o(.text)
    I2C3_ER_IRQHandler                       0x080002b3   Thumb Code     0  startup_stm32g474xx.o(.text)
    I2C3_EV_IRQHandler                       0x080002b3   Thumb Code     0  startup_stm32g474xx.o(.text)
    I2C4_ER_IRQHandler                       0x080002b3   Thumb Code     0  startup_stm32g474xx.o(.text)
    I2C4_EV_IRQHandler                       0x080002b3   Thumb Code     0  startup_stm32g474xx.o(.text)
    LPTIM1_IRQHandler                        0x080002b3   Thumb Code     0  startup_stm32g474xx.o(.text)
    LPUART1_IRQHandler                       0x080002b3   Thumb Code     0  startup_stm32g474xx.o(.text)
    PVD_PVM_IRQHandler                       0x080002b3   Thumb Code     0  startup_stm32g474xx.o(.text)
    QUADSPI_IRQHandler                       0x080002b3   Thumb Code     0  startup_stm32g474xx.o(.text)
    RCC_IRQHandler                           0x080002b3   Thumb Code     0  startup_stm32g474xx.o(.text)
    RNG_IRQHandler                           0x080002b3   Thumb Code     0  startup_stm32g474xx.o(.text)
    RTC_Alarm_IRQHandler                     0x080002b3   Thumb Code     0  startup_stm32g474xx.o(.text)
    RTC_TAMP_LSECSS_IRQHandler               0x080002b3   Thumb Code     0  startup_stm32g474xx.o(.text)
    RTC_WKUP_IRQHandler                      0x080002b3   Thumb Code     0  startup_stm32g474xx.o(.text)
    SAI1_IRQHandler                          0x080002b3   Thumb Code     0  startup_stm32g474xx.o(.text)
    SPI1_IRQHandler                          0x080002b3   Thumb Code     0  startup_stm32g474xx.o(.text)
    SPI2_IRQHandler                          0x080002b3   Thumb Code     0  startup_stm32g474xx.o(.text)
    SPI3_IRQHandler                          0x080002b3   Thumb Code     0  startup_stm32g474xx.o(.text)
    SPI4_IRQHandler                          0x080002b3   Thumb Code     0  startup_stm32g474xx.o(.text)
    TIM1_BRK_TIM15_IRQHandler                0x080002b3   Thumb Code     0  startup_stm32g474xx.o(.text)
    TIM1_CC_IRQHandler                       0x080002b3   Thumb Code     0  startup_stm32g474xx.o(.text)
    TIM1_TRG_COM_TIM17_IRQHandler            0x080002b3   Thumb Code     0  startup_stm32g474xx.o(.text)
    TIM1_UP_TIM16_IRQHandler                 0x080002b3   Thumb Code     0  startup_stm32g474xx.o(.text)
    TIM20_BRK_IRQHandler                     0x080002b3   Thumb Code     0  startup_stm32g474xx.o(.text)
    TIM20_CC_IRQHandler                      0x080002b3   Thumb Code     0  startup_stm32g474xx.o(.text)
    TIM20_TRG_COM_IRQHandler                 0x080002b3   Thumb Code     0  startup_stm32g474xx.o(.text)
    TIM20_UP_IRQHandler                      0x080002b3   Thumb Code     0  startup_stm32g474xx.o(.text)
    TIM2_IRQHandler                          0x080002b3   Thumb Code     0  startup_stm32g474xx.o(.text)
    TIM3_IRQHandler                          0x080002b3   Thumb Code     0  startup_stm32g474xx.o(.text)
    TIM4_IRQHandler                          0x080002b3   Thumb Code     0  startup_stm32g474xx.o(.text)
    TIM5_IRQHandler                          0x080002b3   Thumb Code     0  startup_stm32g474xx.o(.text)
    TIM6_DAC_IRQHandler                      0x080002b3   Thumb Code     0  startup_stm32g474xx.o(.text)
    TIM7_DAC_IRQHandler                      0x080002b3   Thumb Code     0  startup_stm32g474xx.o(.text)
    TIM8_BRK_IRQHandler                      0x080002b3   Thumb Code     0  startup_stm32g474xx.o(.text)
    TIM8_CC_IRQHandler                       0x080002b3   Thumb Code     0  startup_stm32g474xx.o(.text)
    TIM8_TRG_COM_IRQHandler                  0x080002b3   Thumb Code     0  startup_stm32g474xx.o(.text)
    TIM8_UP_IRQHandler                       0x080002b3   Thumb Code     0  startup_stm32g474xx.o(.text)
    UART4_IRQHandler                         0x080002b3   Thumb Code     0  startup_stm32g474xx.o(.text)
    UART5_IRQHandler                         0x080002b3   Thumb Code     0  startup_stm32g474xx.o(.text)
    UCPD1_IRQHandler                         0x080002b3   Thumb Code     0  startup_stm32g474xx.o(.text)
    USART1_IRQHandler                        0x080002b3   Thumb Code     0  startup_stm32g474xx.o(.text)
    USART2_IRQHandler                        0x080002b3   Thumb Code     0  startup_stm32g474xx.o(.text)
    USART3_IRQHandler                        0x080002b3   Thumb Code     0  startup_stm32g474xx.o(.text)
    USBWakeUp_IRQHandler                     0x080002b3   Thumb Code     0  startup_stm32g474xx.o(.text)
    USB_HP_IRQHandler                        0x080002b3   Thumb Code     0  startup_stm32g474xx.o(.text)
    USB_LP_IRQHandler                        0x080002b3   Thumb Code     0  startup_stm32g474xx.o(.text)
    WWDG_IRQHandler                          0x080002b3   Thumb Code     0  startup_stm32g474xx.o(.text)
    __user_initial_stackheap                 0x080002b5   Thumb Code     0  startup_stm32g474xx.o(.text)
    __aeabi_uldivmod                         0x080002d9   Thumb Code     0  lludivv7m.o(.text)
    _ll_udiv                                 0x080002d9   Thumb Code   238  lludivv7m.o(.text)
    __2snprintf                              0x080003c9   Thumb Code    50  __2snprintf.o(.text)
    _printf_pre_padding                      0x08000401   Thumb Code    44  _printf_pad.o(.text)
    _printf_post_padding                     0x0800042d   Thumb Code    34  _printf_pad.o(.text)
    _printf_int_dec                          0x08000451   Thumb Code   104  _printf_dec.o(.text)
    __printf                                 0x080004c9   Thumb Code   270  __printf_wp.o(.text)
    __aeabi_memclr4                          0x080005d7   Thumb Code     0  rt_memclr_w.o(.text)
    __aeabi_memclr8                          0x080005d7   Thumb Code     0  rt_memclr_w.o(.text)
    __rt_memclr_w                            0x080005d7   Thumb Code    78  rt_memclr_w.o(.text)
    _memset_w                                0x080005db   Thumb Code     0  rt_memclr_w.o(.text)
    __use_two_region_memory                  0x08000625   Thumb Code     2  heapauxi.o(.text)
    __rt_heap_escrow$2region                 0x08000627   Thumb Code     2  heapauxi.o(.text)
    __rt_heap_expand$2region                 0x08000629   Thumb Code     2  heapauxi.o(.text)
    _printf_int_common                       0x0800062b   Thumb Code   178  _printf_intcommon.o(.text)
    __lib_sel_fp_printf                      0x080006dd   Thumb Code     2  _printf_fp_dec.o(.text)
    _printf_fp_dec_real                      0x0800088f   Thumb Code   620  _printf_fp_dec.o(.text)
    _printf_char_common                      0x08000b07   Thumb Code    32  _printf_char_common.o(.text)
    _sputc                                   0x08000b2d   Thumb Code    10  _sputc.o(.text)
    _snputc                                  0x08000b37   Thumb Code    16  _snputc.o(.text)
    __rt_locale                              0x08000b49   Thumb Code     8  rt_locale_intlibspace.o(.text)
    _ll_udiv10                               0x08000b51   Thumb Code   138  lludiv10.o(.text)
    _printf_fp_infnan                        0x08000bdd   Thumb Code   112  _printf_fp_infnan.o(.text)
    _btod_etento                             0x08000c5d   Thumb Code   224  bigflt0.o(.text)
    __user_libspace                          0x08000d41   Thumb Code     8  libspace.o(.text)
    __user_perproc_libspace                  0x08000d41   Thumb Code     0  libspace.o(.text)
    __user_perthread_libspace                0x08000d41   Thumb Code     0  libspace.o(.text)
    __user_setup_stackheap                   0x08000d49   Thumb Code    74  sys_stackheap_outer.o(.text)
    exit                                     0x08000d93   Thumb Code    18  exit.o(.text)
    strcmp                                   0x08000da5   Thumb Code   128  strcmpv7m.o(.text)
    _sys_exit                                0x08000e25   Thumb Code     8  sys_exit.o(.text)
    __I$use$semihosting                      0x08000e31   Thumb Code     0  use_no_semi.o(.text)
    __use_no_semihosting_swi                 0x08000e31   Thumb Code     2  use_no_semi.o(.text)
    __semihosting_library_function           0x08000e33   Thumb Code     0  indicate_semi.o(.text)
    _btod_d2e                                0x08000e33   Thumb Code    62  btod.o(CL$$btod_d2e)
    _d2e_denorm_low                          0x08000e71   Thumb Code    70  btod.o(CL$$btod_d2e_denorm_low)
    _d2e_norm_op1                            0x08000eb7   Thumb Code    96  btod.o(CL$$btod_d2e_norm_op1)
    __btod_div_common                        0x08000f17   Thumb Code   696  btod.o(CL$$btod_div_common)
    _e2e                                     0x0800124f   Thumb Code   220  btod.o(CL$$btod_e2e)
    _btod_ediv                               0x0800132b   Thumb Code    42  btod.o(CL$$btod_ediv)
    _btod_emul                               0x08001355   Thumb Code    42  btod.o(CL$$btod_emul)
    __btod_mult_common                       0x0800137f   Thumb Code   580  btod.o(CL$$btod_mult_common)
    BusFault_Handler                         0x080015c3   Thumb Code     2  stm32g4xx_it.o(i.BusFault_Handler)
    DMA1_Channel1_IRQHandler                 0x080015c5   Thumb Code     6  stm32g4xx_it.o(i.DMA1_Channel1_IRQHandler)
    DMA1_Channel2_IRQHandler                 0x080015d1   Thumb Code     6  stm32g4xx_it.o(i.DMA1_Channel2_IRQHandler)
    DMA1_Channel3_IRQHandler                 0x080015dd   Thumb Code     6  stm32g4xx_it.o(i.DMA1_Channel3_IRQHandler)
    DebugMon_Handler                         0x08001697   Thumb Code     2  stm32g4xx_it.o(i.DebugMon_Handler)
    Error_Handler                            0x08001699   Thumb Code     4  main.o(i.Error_Handler)
    HAL_CORDIC_Configure                     0x0800169d   Thumb Code    66  stm32g4xx_hal_cordic.o(i.HAL_CORDIC_Configure)
    HAL_CORDIC_Init                          0x080016e5   Thumb Code    52  stm32g4xx_hal_cordic.o(i.HAL_CORDIC_Init)
    HAL_CORDIC_MspInit                       0x08001719   Thumb Code    80  stm32g4xx_hal_msp.o(i.HAL_CORDIC_MspInit)
    HAL_DMA_IRQHandler                       0x08001779   Thumb Code   186  stm32g4xx_hal_dma.o(i.HAL_DMA_IRQHandler)
    HAL_DMA_Init                             0x08001835   Thumb Code   182  stm32g4xx_hal_dma.o(i.HAL_DMA_Init)
    HAL_DMA_Start_IT                         0x080018f9   Thumb Code   140  stm32g4xx_hal_dma.o(i.HAL_DMA_Start_IT)
    HAL_Delay                                0x08001985   Thumb Code    32  stm32g4xx_hal.o(i.HAL_Delay)
    HAL_GPIO_Init                            0x080019a9   Thumb Code   532  stm32g4xx_hal_gpio.o(i.HAL_GPIO_Init)
    HAL_GPIO_WritePin                        0x08001bdd   Thumb Code    10  stm32g4xx_hal_gpio.o(i.HAL_GPIO_WritePin)
    HAL_GetTick                              0x08001be9   Thumb Code     6  stm32g4xx_hal.o(i.HAL_GetTick)
    HAL_HRTIM_BurstModePeriodCallback        0x08001bf5   Thumb Code     2  stm32g4xx_hal_hrtim.o(i.HAL_HRTIM_BurstModePeriodCallback)
    HAL_HRTIM_Capture1EventCallback          0x08001bf7   Thumb Code     2  stm32g4xx_hal_hrtim.o(i.HAL_HRTIM_Capture1EventCallback)
    HAL_HRTIM_Capture2EventCallback          0x08001bf9   Thumb Code     2  stm32g4xx_hal_hrtim.o(i.HAL_HRTIM_Capture2EventCallback)
    HAL_HRTIM_Compare1EventCallback          0x08001bfb   Thumb Code     2  stm32g4xx_hal_hrtim.o(i.HAL_HRTIM_Compare1EventCallback)
    HAL_HRTIM_Compare2EventCallback          0x08001bfd   Thumb Code     2  stm32g4xx_hal_hrtim.o(i.HAL_HRTIM_Compare2EventCallback)
    HAL_HRTIM_Compare3EventCallback          0x08001bff   Thumb Code     2  stm32g4xx_hal_hrtim.o(i.HAL_HRTIM_Compare3EventCallback)
    HAL_HRTIM_Compare4EventCallback          0x08001c01   Thumb Code     2  stm32g4xx_hal_hrtim.o(i.HAL_HRTIM_Compare4EventCallback)
    HAL_HRTIM_CounterResetCallback           0x08001c03   Thumb Code     2  stm32g4xx_hal_hrtim.o(i.HAL_HRTIM_CounterResetCallback)
    HAL_HRTIM_DLLCalibrationReadyCallback    0x08001c05   Thumb Code     2  stm32g4xx_hal_hrtim.o(i.HAL_HRTIM_DLLCalibrationReadyCallback)
    HAL_HRTIM_DLLCalibrationStart            0x08001c07   Thumb Code    98  stm32g4xx_hal_hrtim.o(i.HAL_HRTIM_DLLCalibrationStart)
    HAL_HRTIM_DeadTimeConfig                 0x08001c69   Thumb Code   136  stm32g4xx_hal_hrtim.o(i.HAL_HRTIM_DeadTimeConfig)
    HAL_HRTIM_DelayedProtectionCallback      0x08001cf5   Thumb Code     2  stm32g4xx_hal_hrtim.o(i.HAL_HRTIM_DelayedProtectionCallback)
    HAL_HRTIM_Fault1Callback                 0x08001cf7   Thumb Code     2  stm32g4xx_hal_hrtim.o(i.HAL_HRTIM_Fault1Callback)
    HAL_HRTIM_Fault2Callback                 0x08001cf9   Thumb Code     2  stm32g4xx_hal_hrtim.o(i.HAL_HRTIM_Fault2Callback)
    HAL_HRTIM_Fault3Callback                 0x08001cfb   Thumb Code     2  stm32g4xx_hal_hrtim.o(i.HAL_HRTIM_Fault3Callback)
    HAL_HRTIM_Fault4Callback                 0x08001cfd   Thumb Code     2  stm32g4xx_hal_hrtim.o(i.HAL_HRTIM_Fault4Callback)
    HAL_HRTIM_Fault5Callback                 0x08001cff   Thumb Code     2  stm32g4xx_hal_hrtim.o(i.HAL_HRTIM_Fault5Callback)
    HAL_HRTIM_Fault6Callback                 0x08001d01   Thumb Code     2  stm32g4xx_hal_hrtim.o(i.HAL_HRTIM_Fault6Callback)
    HAL_HRTIM_FaultBlankingConfigAndEnable   0x08001d05   Thumb Code   236  stm32g4xx_hal_hrtim.o(i.HAL_HRTIM_FaultBlankingConfigAndEnable)
    HAL_HRTIM_FaultConfig                    0x08001df1   Thumb Code   468  stm32g4xx_hal_hrtim.o(i.HAL_HRTIM_FaultConfig)
    HAL_HRTIM_FaultCounterConfig             0x08001fc5   Thumb Code   244  stm32g4xx_hal_hrtim.o(i.HAL_HRTIM_FaultCounterConfig)
    HAL_HRTIM_FaultModeCtl                   0x080020b9   Thumb Code   112  stm32g4xx_hal_hrtim.o(i.HAL_HRTIM_FaultModeCtl)
    HAL_HRTIM_FaultPrescalerConfig           0x08002129   Thumb Code    64  stm32g4xx_hal_hrtim.o(i.HAL_HRTIM_FaultPrescalerConfig)
    HAL_HRTIM_IRQHandler                     0x08002169   Thumb Code    20  stm32g4xx_hal_hrtim.o(i.HAL_HRTIM_IRQHandler)
    HAL_HRTIM_Init                           0x0800217d   Thumb Code   184  stm32g4xx_hal_hrtim.o(i.HAL_HRTIM_Init)
    HAL_HRTIM_MspInit                        0x0800223d   Thumb Code   142  stm32g4xx_hal_msp.o(i.HAL_HRTIM_MspInit)
    HAL_HRTIM_MspPostInit                    0x080022d9   Thumb Code   102  stm32g4xx_hal_msp.o(i.HAL_HRTIM_MspPostInit)
    HAL_HRTIM_Output1ResetCallback           0x0800234d   Thumb Code     2  stm32g4xx_hal_hrtim.o(i.HAL_HRTIM_Output1ResetCallback)
    HAL_HRTIM_Output1SetCallback             0x0800234f   Thumb Code     2  stm32g4xx_hal_hrtim.o(i.HAL_HRTIM_Output1SetCallback)
    HAL_HRTIM_Output2ResetCallback           0x08002351   Thumb Code     2  stm32g4xx_hal_hrtim.o(i.HAL_HRTIM_Output2ResetCallback)
    HAL_HRTIM_Output2SetCallback             0x08002353   Thumb Code     2  stm32g4xx_hal_hrtim.o(i.HAL_HRTIM_Output2SetCallback)
    HAL_HRTIM_PollForDLLCalibration          0x08002355   Thumb Code    66  stm32g4xx_hal_hrtim.o(i.HAL_HRTIM_PollForDLLCalibration)
    HAL_HRTIM_RegistersUpdateCallback        0x08002397   Thumb Code     2  stm32g4xx_hal_hrtim.o(i.HAL_HRTIM_RegistersUpdateCallback)
    HAL_HRTIM_RepetitionEventCallback        0x08002399   Thumb Code    12  main.o(i.HAL_HRTIM_RepetitionEventCallback)
    HAL_HRTIM_SynchronizationEventCallback   0x080023a9   Thumb Code     2  stm32g4xx_hal_hrtim.o(i.HAL_HRTIM_SynchronizationEventCallback)
    HAL_HRTIM_SystemFaultCallback            0x080023ab   Thumb Code     2  stm32g4xx_hal_hrtim.o(i.HAL_HRTIM_SystemFaultCallback)
    HAL_HRTIM_TimeBaseConfig                 0x080023ad   Thumb Code   122  stm32g4xx_hal_hrtim.o(i.HAL_HRTIM_TimeBaseConfig)
    HAL_HRTIM_WaveformCompareConfig          0x08002427   Thumb Code   308  stm32g4xx_hal_hrtim.o(i.HAL_HRTIM_WaveformCompareConfig)
    HAL_HRTIM_WaveformCountStart             0x0800255b   Thumb Code    44  stm32g4xx_hal_hrtim.o(i.HAL_HRTIM_WaveformCountStart)
    HAL_HRTIM_WaveformOutputConfig           0x08002587   Thumb Code    54  stm32g4xx_hal_hrtim.o(i.HAL_HRTIM_WaveformOutputConfig)
    HAL_HRTIM_WaveformOutputStart            0x080025bd   Thumb Code    48  stm32g4xx_hal_hrtim.o(i.HAL_HRTIM_WaveformOutputStart)
    HAL_HRTIM_WaveformTimerConfig            0x080025ed   Thumb Code   144  stm32g4xx_hal_hrtim.o(i.HAL_HRTIM_WaveformTimerConfig)
    HAL_HRTIM_WaveformTimerControl           0x0800267d   Thumb Code   122  stm32g4xx_hal_hrtim.o(i.HAL_HRTIM_WaveformTimerControl)
    HAL_IncTick                              0x080026f9   Thumb Code    12  stm32g4xx_hal.o(i.HAL_IncTick)
    HAL_Init                                 0x08002709   Thumb Code    30  stm32g4xx_hal.o(i.HAL_Init)
    HAL_InitTick                             0x08002729   Thumb Code    58  stm32g4xx_hal.o(i.HAL_InitTick)
    HAL_MspInit                              0x0800276d   Thumb Code    42  stm32g4xx_hal_msp.o(i.HAL_MspInit)
    HAL_NVIC_EnableIRQ                       0x0800279d   Thumb Code    26  stm32g4xx_hal_cortex.o(i.HAL_NVIC_EnableIRQ)
    HAL_NVIC_SetPriority                     0x080027b9   Thumb Code    60  stm32g4xx_hal_cortex.o(i.HAL_NVIC_SetPriority)
    HAL_NVIC_SetPriorityGrouping             0x080027f9   Thumb Code    26  stm32g4xx_hal_cortex.o(i.HAL_NVIC_SetPriorityGrouping)
    HAL_PWREx_ControlVoltageScaling          0x0800281d   Thumb Code   174  stm32g4xx_hal_pwr_ex.o(i.HAL_PWREx_ControlVoltageScaling)
    HAL_PWREx_DisableUCPDDeadBattery         0x080028d9   Thumb Code    12  stm32g4xx_hal_pwr_ex.o(i.HAL_PWREx_DisableUCPDDeadBattery)
    HAL_RCCEx_PeriphCLKConfig                0x080028e9   Thumb Code   758  stm32g4xx_hal_rcc_ex.o(i.HAL_RCCEx_PeriphCLKConfig)
    HAL_RCC_ClockConfig                      0x08002be9   Thumb Code   444  stm32g4xx_hal_rcc.o(i.HAL_RCC_ClockConfig)
    HAL_RCC_GetPCLK1Freq                     0x08002dc5   Thumb Code    24  stm32g4xx_hal_rcc.o(i.HAL_RCC_GetPCLK1Freq)
    HAL_RCC_GetPCLK2Freq                     0x08002de9   Thumb Code    24  stm32g4xx_hal_rcc.o(i.HAL_RCC_GetPCLK2Freq)
    HAL_RCC_GetSysClockFreq                  0x08002e0d   Thumb Code    98  stm32g4xx_hal_rcc.o(i.HAL_RCC_GetSysClockFreq)
    HAL_RCC_OscConfig                        0x08002e7d   Thumb Code  1028  stm32g4xx_hal_rcc.o(i.HAL_RCC_OscConfig)
    HAL_SPI_ErrorCallback                    0x08003281   Thumb Code     2  stm32g4xx_hal_spi.o(i.HAL_SPI_ErrorCallback)
    HAL_SPI_Init                             0x08003283   Thumb Code   234  stm32g4xx_hal_spi.o(i.HAL_SPI_Init)
    HAL_SPI_MspInit                          0x0800336d   Thumb Code   176  stm32g4xx_hal_msp.o(i.HAL_SPI_MspInit)
    HAL_SPI_RxCpltCallback                   0x08003431   Thumb Code     2  stm32g4xx_hal_spi.o(i.HAL_SPI_RxCpltCallback)
    HAL_SPI_RxHalfCpltCallback               0x08003433   Thumb Code     2  stm32g4xx_hal_spi.o(i.HAL_SPI_RxHalfCpltCallback)
    HAL_SPI_TransmitReceive_DMA              0x08003435   Thumb Code   414  stm32g4xx_hal_spi.o(i.HAL_SPI_TransmitReceive_DMA)
    HAL_SPI_TxRxCpltCallback                 0x080035e9   Thumb Code    30  main.o(i.HAL_SPI_TxRxCpltCallback)
    HAL_SPI_TxRxHalfCpltCallback             0x08003611   Thumb Code     2  stm32g4xx_hal_spi.o(i.HAL_SPI_TxRxHalfCpltCallback)
    HAL_SYSTICK_Config                       0x08003613   Thumb Code    40  stm32g4xx_hal_cortex.o(i.HAL_SYSTICK_Config)
    HAL_UARTEx_DisableFifoMode               0x0800363b   Thumb Code    62  stm32g4xx_hal_uart_ex.o(i.HAL_UARTEx_DisableFifoMode)
    HAL_UARTEx_SetRxFifoThreshold            0x08003679   Thumb Code    76  stm32g4xx_hal_uart_ex.o(i.HAL_UARTEx_SetRxFifoThreshold)
    HAL_UARTEx_SetTxFifoThreshold            0x080036c5   Thumb Code    76  stm32g4xx_hal_uart_ex.o(i.HAL_UARTEx_SetTxFifoThreshold)
    HAL_UART_Init                            0x08003711   Thumb Code   106  stm32g4xx_hal_uart.o(i.HAL_UART_Init)
    HAL_UART_MspInit                         0x0800377d   Thumb Code   112  stm32g4xx_hal_msp.o(i.HAL_UART_MspInit)
    HAL_UART_Transmit                        0x080037f9   Thumb Code   182  stm32g4xx_hal_uart.o(i.HAL_UART_Transmit)
    HRTIM1_TIMA_IRQHandler                   0x080038b1   Thumb Code     8  stm32g4xx_it.o(i.HRTIM1_TIMA_IRQHandler)
    HardFault_Handler                        0x08003f2d   Thumb Code     2  stm32g4xx_it.o(i.HardFault_Handler)
    MT6826_DMACompleteCallback               0x08003f2f   Thumb Code    40  mt6826.o(i.MT6826_DMACompleteCallback)
    MT6826_GetAngleRaw                       0x08003f57   Thumb Code     4  mt6826.o(i.MT6826_GetAngleRaw)
    MT6826_Init                              0x08003f5b   Thumb Code    52  mt6826.o(i.MT6826_Init)
    MT6826_StartDMARead                      0x08003f8f   Thumb Code    36  mt6826.o(i.MT6826_StartDMARead)
    MemManage_Handler                        0x08004481   Thumb Code     2  stm32g4xx_it.o(i.MemManage_Handler)
    Motor_EncoderReadCompleteCallback        0x0800449d   Thumb Code   204  motor.o(i.Motor_EncoderReadCompleteCallback)
    Motor_Init                               0x08004575   Thumb Code   116  motor.o(i.Motor_Init)
    Motor_PeriodElapsedCallback              0x080045ed   Thumb Code    20  motor.o(i.Motor_PeriodElapsedCallback)
    Motor_SetModulation                      0x08004601   Thumb Code    36  motor.o(i.Motor_SetModulation)
    Motor_Start                              0x08004629   Thumb Code    44  motor.o(i.Motor_Start)
    NMI_Handler                              0x08004655   Thumb Code     2  stm32g4xx_it.o(i.NMI_Handler)
    PendSV_Handler                           0x08004657   Thumb Code     2  stm32g4xx_it.o(i.PendSV_Handler)
    SVC_Handler                              0x080049b1   Thumb Code     2  stm32g4xx_it.o(i.SVC_Handler)
    SysTick_Handler                          0x080049b3   Thumb Code     4  stm32g4xx_it.o(i.SysTick_Handler)
    SystemClock_Config                       0x080049b7   Thumb Code   110  main.o(i.SystemClock_Config)
    SystemInit                               0x08004a25   Thumb Code    12  system_stm32g4xx.o(i.SystemInit)
    UART_AdvFeatureConfig                    0x08004a79   Thumb Code   200  stm32g4xx_hal_uart.o(i.UART_AdvFeatureConfig)
    UART_CheckIdleState                      0x08004b41   Thumb Code   172  stm32g4xx_hal_uart.o(i.UART_CheckIdleState)
    UART_SetConfig                           0x08004c41   Thumb Code   614  stm32g4xx_hal_uart.o(i.UART_SetConfig)
    UART_WaitOnFlagUntilTimeout              0x08004ed9   Thumb Code   148  stm32g4xx_hal_uart.o(i.UART_WaitOnFlagUntilTimeout)
    UsageFault_Handler                       0x08004f6d   Thumb Code     2  stm32g4xx_it.o(i.UsageFault_Handler)
    __ARM_fpclassify                         0x08004f6f   Thumb Code    48  fpclassify.o(i.__ARM_fpclassify)
    _is_digit                                0x08004fbf   Thumb Code    14  __printf_wp.o(i._is_digit)
    main                                     0x08004fcd   Thumb Code   216  main.o(i.main)
    _get_lc_numeric                          0x080050e1   Thumb Code    44  lc_numeric_c.o(locale$$code)
    __fpl_dretinf                            0x0800510d   Thumb Code    12  dretinf.o(x$fpl$dretinf)
    __aeabi_f2d                              0x08005119   Thumb Code     0  f2d.o(x$fpl$f2d)
    _f2d                                     0x08005119   Thumb Code    86  f2d.o(x$fpl$f2d)
    __fpl_fnaninf                            0x0800516f   Thumb Code   140  fnaninf.o(x$fpl$fnaninf)
    _fp_init                                 0x080051fb   Thumb Code    10  fpinit.o(x$fpl$fpinit)
    __fplib_config_fpu_vfp                   0x08005203   Thumb Code     0  fpinit.o(x$fpl$fpinit)
    __fplib_config_pureend_doubles           0x08005203   Thumb Code     0  fpinit.o(x$fpl$fpinit)
    _printf_fp_dec                           0x08005205   Thumb Code     4  printf1.o(x$fpl$printf1)
    UARTPrescTable                           0x08005208   Data          24  stm32g4xx_hal_uart.o(.constdata)
    __I$use$fp                               0x08005208   Number         0  usenofp.o(x$fpl$usenofp)
    AHBPrescTable                            0x08005230   Data          16  system_stm32g4xx.o(.constdata)
    APBPrescTable                            0x08005240   Data           8  system_stm32g4xx.o(.constdata)
    Region$$Table$$Base                      0x080052dc   Number         0  anon$$obj.o(Region$$Table)
    Region$$Table$$Limit                     0x080052fc   Number         0  anon$$obj.o(Region$$Table)
    uwTickPrio                               0x20000000   Data           4  stm32g4xx_hal.o(.data)
    uwTickFreq                               0x20000004   Data           4  stm32g4xx_hal.o(.data)
    uwTick                                   0x20000008   Data           4  stm32g4xx_hal.o(.data)
    SystemCoreClock                          0x2000000c   Data           4  system_stm32g4xx.o(.data)
    hcordic                                  0x20000010   Data          40  main.o(.bss)
    hhrtim1                                  0x20000038   Data         252  main.o(.bss)
    hspi1                                    0x20000134   Data         100  main.o(.bss)
    huart1                                   0x20000198   Data         148  main.o(.bss)
    hencoder                                 0x2000026c   Data          28  main.o(.bss)
    hmotor                                   0x20000288   Data          24  main.o(.bss)
    hdma_cordic_read                         0x200002a0   Data          96  main.o(.bss)
    hdma_spi1_rx                             0x20000300   Data          96  main.o(.bss)
    hdma_spi1_tx                             0x20000360   Data          96  main.o(.bss)
    __libspace_start                         0x200003c0   Data          96  libspace.o(.bss)
    __temporary_stack_top$libspace           0x20000420   Data           0  libspace.o(.bss)



==============================================================================

Memory Map of the image

  Image Entry point : 0x080001d9

  Load Region LR_IROM1 (Base: 0x08000000, Size: 0x00005328, Max: 0x00080000, ABSOLUTE)

    Execution Region ER_IROM1 (Exec base: 0x08000000, Load base: 0x08000000, Size: 0x00005318, Max: 0x00080000, ABSOLUTE)

    Exec Addr    Load Addr    Size         Type   Attr      Idx    E Section Name        Object

    0x08000000   0x08000000   0x000001d8   Data   RO            3    RESET               startup_stm32g474xx.o
    0x080001d8   0x080001d8   0x00000008   Code   RO         3963  * !!!main             c_w.l(__main.o)
    0x080001e0   0x080001e0   0x00000034   Code   RO         4195    !!!scatter          c_w.l(__scatter.o)
    0x08000214   0x08000214   0x0000001a   Code   RO         4197    !!handler_copy      c_w.l(__scatter_copy.o)
    0x0800022e   0x0800022e   0x00000002   PAD
    0x08000230   0x08000230   0x0000001c   Code   RO         4199    !!handler_zi        c_w.l(__scatter_zi.o)
    0x0800024c   0x0800024c   0x00000000   Code   RO         3958    .ARM.Collect$$_printf_percent$$00000000  c_w.l(_printf_percent.o)
    0x0800024c   0x0800024c   0x00000006   Code   RO         3957    .ARM.Collect$$_printf_percent$$00000003  c_w.l(_printf_f.o)
    0x08000252   0x08000252   0x00000006   Code   RO         3956    .ARM.Collect$$_printf_percent$$0000000A  c_w.l(_printf_u.o)
    0x08000258   0x08000258   0x00000004   Code   RO         3984    .ARM.Collect$$_printf_percent$$00000017  c_w.l(_printf_percent_end.o)
    0x0800025c   0x0800025c   0x00000002   Code   RO         4068    .ARM.Collect$$libinit$$00000000  c_w.l(libinit.o)
    0x0800025e   0x0800025e   0x00000004   Code   RO         4069    .ARM.Collect$$libinit$$00000001  c_w.l(libinit2.o)
    0x08000262   0x08000262   0x00000000   Code   RO         4072    .ARM.Collect$$libinit$$00000004  c_w.l(libinit2.o)
    0x08000262   0x08000262   0x00000000   Code   RO         4075    .ARM.Collect$$libinit$$0000000A  c_w.l(libinit2.o)
    0x08000262   0x08000262   0x00000000   Code   RO         4077    .ARM.Collect$$libinit$$0000000C  c_w.l(libinit2.o)
    0x08000262   0x08000262   0x00000000   Code   RO         4079    .ARM.Collect$$libinit$$0000000E  c_w.l(libinit2.o)
    0x08000262   0x08000262   0x00000006   Code   RO         4080    .ARM.Collect$$libinit$$0000000F  c_w.l(libinit2.o)
    0x08000268   0x08000268   0x00000000   Code   RO         4082    .ARM.Collect$$libinit$$00000011  c_w.l(libinit2.o)
    0x08000268   0x08000268   0x00000000   Code   RO         4084    .ARM.Collect$$libinit$$00000013  c_w.l(libinit2.o)
    0x08000268   0x08000268   0x00000000   Code   RO         4086    .ARM.Collect$$libinit$$00000015  c_w.l(libinit2.o)
    0x08000268   0x08000268   0x0000000a   Code   RO         4087    .ARM.Collect$$libinit$$00000016  c_w.l(libinit2.o)
    0x08000272   0x08000272   0x00000000   Code   RO         4088    .ARM.Collect$$libinit$$00000017  c_w.l(libinit2.o)
    0x08000272   0x08000272   0x00000000   Code   RO         4090    .ARM.Collect$$libinit$$00000019  c_w.l(libinit2.o)
    0x08000272   0x08000272   0x00000000   Code   RO         4092    .ARM.Collect$$libinit$$0000001B  c_w.l(libinit2.o)
    0x08000272   0x08000272   0x00000000   Code   RO         4094    .ARM.Collect$$libinit$$0000001D  c_w.l(libinit2.o)
    0x08000272   0x08000272   0x00000000   Code   RO         4096    .ARM.Collect$$libinit$$0000001F  c_w.l(libinit2.o)
    0x08000272   0x08000272   0x00000000   Code   RO         4098    .ARM.Collect$$libinit$$00000021  c_w.l(libinit2.o)
    0x08000272   0x08000272   0x00000000   Code   RO         4100    .ARM.Collect$$libinit$$00000023  c_w.l(libinit2.o)
    0x08000272   0x08000272   0x00000000   Code   RO         4102    .ARM.Collect$$libinit$$00000025  c_w.l(libinit2.o)
    0x08000272   0x08000272   0x00000000   Code   RO         4106    .ARM.Collect$$libinit$$0000002C  c_w.l(libinit2.o)
    0x08000272   0x08000272   0x00000000   Code   RO         4108    .ARM.Collect$$libinit$$0000002E  c_w.l(libinit2.o)
    0x08000272   0x08000272   0x00000000   Code   RO         4110    .ARM.Collect$$libinit$$00000030  c_w.l(libinit2.o)
    0x08000272   0x08000272   0x00000000   Code   RO         4112    .ARM.Collect$$libinit$$00000032  c_w.l(libinit2.o)
    0x08000272   0x08000272   0x00000002   Code   RO         4113    .ARM.Collect$$libinit$$00000033  c_w.l(libinit2.o)
    0x08000274   0x08000274   0x00000002   Code   RO         4160    .ARM.Collect$$libshutdown$$00000000  c_w.l(libshutdown.o)
    0x08000276   0x08000276   0x00000000   Code   RO         4178    .ARM.Collect$$libshutdown$$00000002  c_w.l(libshutdown2.o)
    0x08000276   0x08000276   0x00000000   Code   RO         4180    .ARM.Collect$$libshutdown$$00000004  c_w.l(libshutdown2.o)
    0x08000276   0x08000276   0x00000000   Code   RO         4183    .ARM.Collect$$libshutdown$$00000007  c_w.l(libshutdown2.o)
    0x08000276   0x08000276   0x00000000   Code   RO         4186    .ARM.Collect$$libshutdown$$0000000A  c_w.l(libshutdown2.o)
    0x08000276   0x08000276   0x00000000   Code   RO         4188    .ARM.Collect$$libshutdown$$0000000C  c_w.l(libshutdown2.o)
    0x08000276   0x08000276   0x00000000   Code   RO         4191    .ARM.Collect$$libshutdown$$0000000F  c_w.l(libshutdown2.o)
    0x08000276   0x08000276   0x00000002   Code   RO         4192    .ARM.Collect$$libshutdown$$00000010  c_w.l(libshutdown2.o)
    0x08000278   0x08000278   0x00000000   Code   RO         3969    .ARM.Collect$$rtentry$$00000000  c_w.l(__rtentry.o)
    0x08000278   0x08000278   0x00000000   Code   RO         3991    .ARM.Collect$$rtentry$$00000002  c_w.l(__rtentry2.o)
    0x08000278   0x08000278   0x00000006   Code   RO         4003    .ARM.Collect$$rtentry$$00000004  c_w.l(__rtentry4.o)
    0x0800027e   0x0800027e   0x00000000   Code   RO         3993    .ARM.Collect$$rtentry$$00000009  c_w.l(__rtentry2.o)
    0x0800027e   0x0800027e   0x00000004   Code   RO         3994    .ARM.Collect$$rtentry$$0000000A  c_w.l(__rtentry2.o)
    0x08000282   0x08000282   0x00000000   Code   RO         3996    .ARM.Collect$$rtentry$$0000000C  c_w.l(__rtentry2.o)
    0x08000282   0x08000282   0x00000008   Code   RO         3997    .ARM.Collect$$rtentry$$0000000D  c_w.l(__rtentry2.o)
    0x0800028a   0x0800028a   0x00000002   Code   RO         4114    .ARM.Collect$$rtexit$$00000000  c_w.l(rtexit.o)
    0x0800028c   0x0800028c   0x00000000   Code   RO         4129    .ARM.Collect$$rtexit$$00000002  c_w.l(rtexit2.o)
    0x0800028c   0x0800028c   0x00000004   Code   RO         4130    .ARM.Collect$$rtexit$$00000003  c_w.l(rtexit2.o)
    0x08000290   0x08000290   0x00000006   Code   RO         4131    .ARM.Collect$$rtexit$$00000004  c_w.l(rtexit2.o)
    0x08000296   0x08000296   0x00000002   PAD
    0x08000298   0x08000298   0x00000040   Code   RO            4    .text               startup_stm32g474xx.o
    0x080002d8   0x080002d8   0x000000ee   Code   RO         3924    .text               c_w.l(lludivv7m.o)
    0x080003c6   0x080003c6   0x00000002   PAD
    0x080003c8   0x080003c8   0x00000038   Code   RO         3926    .text               c_w.l(__2snprintf.o)
    0x08000400   0x08000400   0x0000004e   Code   RO         3932    .text               c_w.l(_printf_pad.o)
    0x0800044e   0x0800044e   0x00000002   PAD
    0x08000450   0x08000450   0x00000078   Code   RO         3934    .text               c_w.l(_printf_dec.o)
    0x080004c8   0x080004c8   0x0000010e   Code   RO         3944    .text               c_w.l(__printf_wp.o)
    0x080005d6   0x080005d6   0x0000004e   Code   RO         3959    .text               c_w.l(rt_memclr_w.o)
    0x08000624   0x08000624   0x00000006   Code   RO         3961    .text               c_w.l(heapauxi.o)
    0x0800062a   0x0800062a   0x000000b2   Code   RO         3974    .text               c_w.l(_printf_intcommon.o)
    0x080006dc   0x080006dc   0x0000041e   Code   RO         3976    .text               c_w.l(_printf_fp_dec.o)
    0x08000afa   0x08000afa   0x00000002   PAD
    0x08000afc   0x08000afc   0x00000030   Code   RO         3978    .text               c_w.l(_printf_char_common.o)
    0x08000b2c   0x08000b2c   0x0000000a   Code   RO         3980    .text               c_w.l(_sputc.o)
    0x08000b36   0x08000b36   0x00000010   Code   RO         3982    .text               c_w.l(_snputc.o)
    0x08000b46   0x08000b46   0x00000002   PAD
    0x08000b48   0x08000b48   0x00000008   Code   RO         4010    .text               c_w.l(rt_locale_intlibspace.o)
    0x08000b50   0x08000b50   0x0000008a   Code   RO         4012    .text               c_w.l(lludiv10.o)
    0x08000bda   0x08000bda   0x00000002   PAD
    0x08000bdc   0x08000bdc   0x00000080   Code   RO         4014    .text               c_w.l(_printf_fp_infnan.o)
    0x08000c5c   0x08000c5c   0x000000e4   Code   RO         4018    .text               c_w.l(bigflt0.o)
    0x08000d40   0x08000d40   0x00000008   Code   RO         4050    .text               c_w.l(libspace.o)
    0x08000d48   0x08000d48   0x0000004a   Code   RO         4053    .text               c_w.l(sys_stackheap_outer.o)
    0x08000d92   0x08000d92   0x00000012   Code   RO         4055    .text               c_w.l(exit.o)
    0x08000da4   0x08000da4   0x00000080   Code   RO         4061    .text               c_w.l(strcmpv7m.o)
    0x08000e24   0x08000e24   0x0000000c   Code   RO         4126    .text               c_w.l(sys_exit.o)
    0x08000e30   0x08000e30   0x00000002   Code   RO         4147    .text               c_w.l(use_no_semi.o)
    0x08000e32   0x08000e32   0x00000000   Code   RO         4149    .text               c_w.l(indicate_semi.o)
    0x08000e32   0x08000e32   0x0000003e   Code   RO         4021    CL$$btod_d2e        c_w.l(btod.o)
    0x08000e70   0x08000e70   0x00000046   Code   RO         4023    CL$$btod_d2e_denorm_low  c_w.l(btod.o)
    0x08000eb6   0x08000eb6   0x00000060   Code   RO         4022    CL$$btod_d2e_norm_op1  c_w.l(btod.o)
    0x08000f16   0x08000f16   0x00000338   Code   RO         4031    CL$$btod_div_common  c_w.l(btod.o)
    0x0800124e   0x0800124e   0x000000dc   Code   RO         4028    CL$$btod_e2e        c_w.l(btod.o)
    0x0800132a   0x0800132a   0x0000002a   Code   RO         4025    CL$$btod_ediv       c_w.l(btod.o)
    0x08001354   0x08001354   0x0000002a   Code   RO         4024    CL$$btod_emul       c_w.l(btod.o)
    0x0800137e   0x0800137e   0x00000244   Code   RO         4030    CL$$btod_mult_common  c_w.l(btod.o)
    0x080015c2   0x080015c2   0x00000002   Code   RO          210    i.BusFault_Handler  stm32g4xx_it.o
    0x080015c4   0x080015c4   0x0000000c   Code   RO          211    i.DMA1_Channel1_IRQHandler  stm32g4xx_it.o
    0x080015d0   0x080015d0   0x0000000c   Code   RO          212    i.DMA1_Channel2_IRQHandler  stm32g4xx_it.o
    0x080015dc   0x080015dc   0x0000000c   Code   RO          213    i.DMA1_Channel3_IRQHandler  stm32g4xx_it.o
    0x080015e8   0x080015e8   0x00000048   Code   RO         1383    i.DMA_CalcDMAMUXChannelBaseAndMask  stm32g4xx_hal_dma.o
    0x08001630   0x08001630   0x00000028   Code   RO         1384    i.DMA_CalcDMAMUXRequestGenBaseAndMask  stm32g4xx_hal_dma.o
    0x08001658   0x08001658   0x0000003e   Code   RO         1385    i.DMA_SetConfig     stm32g4xx_hal_dma.o
    0x08001696   0x08001696   0x00000002   Code   RO          214    i.DebugMon_Handler  stm32g4xx_it.o
    0x08001698   0x08001698   0x00000004   Code   RO           13    i.Error_Handler     main.o
    0x0800169c   0x0800169c   0x00000048   Code   RO          399    i.HAL_CORDIC_Configure  stm32g4xx_hal_cordic.o
    0x080016e4   0x080016e4   0x00000034   Code   RO          405    i.HAL_CORDIC_Init   stm32g4xx_hal_cordic.o
    0x08001718   0x08001718   0x00000060   Code   RO          311    i.HAL_CORDIC_MspInit  stm32g4xx_hal_msp.o
    0x08001778   0x08001778   0x000000ba   Code   RO         1391    i.HAL_DMA_IRQHandler  stm32g4xx_hal_dma.o
    0x08001832   0x08001832   0x00000002   PAD
    0x08001834   0x08001834   0x000000c4   Code   RO         1392    i.HAL_DMA_Init      stm32g4xx_hal_dma.o
    0x080018f8   0x080018f8   0x0000008c   Code   RO         1396    i.HAL_DMA_Start_IT  stm32g4xx_hal_dma.o
    0x08001984   0x08001984   0x00000024   Code   RO          523    i.HAL_Delay         stm32g4xx_hal.o
    0x080019a8   0x080019a8   0x00000234   Code   RO         1248    i.HAL_GPIO_Init     stm32g4xx_hal_gpio.o
    0x08001bdc   0x08001bdc   0x0000000a   Code   RO         1252    i.HAL_GPIO_WritePin  stm32g4xx_hal_gpio.o
    0x08001be6   0x08001be6   0x00000002   PAD
    0x08001be8   0x08001be8   0x0000000c   Code   RO          527    i.HAL_GetTick       stm32g4xx_hal.o
    0x08001bf4   0x08001bf4   0x00000002   Code   RO         2045    i.HAL_HRTIM_BurstModePeriodCallback  stm32g4xx_hal_hrtim.o
    0x08001bf6   0x08001bf6   0x00000002   Code   RO         2047    i.HAL_HRTIM_Capture1EventCallback  stm32g4xx_hal_hrtim.o
    0x08001bf8   0x08001bf8   0x00000002   Code   RO         2048    i.HAL_HRTIM_Capture2EventCallback  stm32g4xx_hal_hrtim.o
    0x08001bfa   0x08001bfa   0x00000002   Code   RO         2050    i.HAL_HRTIM_Compare1EventCallback  stm32g4xx_hal_hrtim.o
    0x08001bfc   0x08001bfc   0x00000002   Code   RO         2051    i.HAL_HRTIM_Compare2EventCallback  stm32g4xx_hal_hrtim.o
    0x08001bfe   0x08001bfe   0x00000002   Code   RO         2052    i.HAL_HRTIM_Compare3EventCallback  stm32g4xx_hal_hrtim.o
    0x08001c00   0x08001c00   0x00000002   Code   RO         2053    i.HAL_HRTIM_Compare4EventCallback  stm32g4xx_hal_hrtim.o
    0x08001c02   0x08001c02   0x00000002   Code   RO         2054    i.HAL_HRTIM_CounterResetCallback  stm32g4xx_hal_hrtim.o
    0x08001c04   0x08001c04   0x00000002   Code   RO         2055    i.HAL_HRTIM_DLLCalibrationReadyCallback  stm32g4xx_hal_hrtim.o
    0x08001c06   0x08001c06   0x00000062   Code   RO         2056    i.HAL_HRTIM_DLLCalibrationStart  stm32g4xx_hal_hrtim.o
    0x08001c68   0x08001c68   0x0000008c   Code   RO         2059    i.HAL_HRTIM_DeadTimeConfig  stm32g4xx_hal_hrtim.o
    0x08001cf4   0x08001cf4   0x00000002   Code   RO         2060    i.HAL_HRTIM_DelayedProtectionCallback  stm32g4xx_hal_hrtim.o
    0x08001cf6   0x08001cf6   0x00000002   Code   RO         2068    i.HAL_HRTIM_Fault1Callback  stm32g4xx_hal_hrtim.o
    0x08001cf8   0x08001cf8   0x00000002   Code   RO         2069    i.HAL_HRTIM_Fault2Callback  stm32g4xx_hal_hrtim.o
    0x08001cfa   0x08001cfa   0x00000002   Code   RO         2070    i.HAL_HRTIM_Fault3Callback  stm32g4xx_hal_hrtim.o
    0x08001cfc   0x08001cfc   0x00000002   Code   RO         2071    i.HAL_HRTIM_Fault4Callback  stm32g4xx_hal_hrtim.o
    0x08001cfe   0x08001cfe   0x00000002   Code   RO         2072    i.HAL_HRTIM_Fault5Callback  stm32g4xx_hal_hrtim.o
    0x08001d00   0x08001d00   0x00000002   Code   RO         2073    i.HAL_HRTIM_Fault6Callback  stm32g4xx_hal_hrtim.o
    0x08001d02   0x08001d02   0x00000002   PAD
    0x08001d04   0x08001d04   0x000000ec   Code   RO         2074    i.HAL_HRTIM_FaultBlankingConfigAndEnable  stm32g4xx_hal_hrtim.o
    0x08001df0   0x08001df0   0x000001d4   Code   RO         2075    i.HAL_HRTIM_FaultConfig  stm32g4xx_hal_hrtim.o
    0x08001fc4   0x08001fc4   0x000000f4   Code   RO         2076    i.HAL_HRTIM_FaultCounterConfig  stm32g4xx_hal_hrtim.o
    0x080020b8   0x080020b8   0x00000070   Code   RO         2078    i.HAL_HRTIM_FaultModeCtl  stm32g4xx_hal_hrtim.o
    0x08002128   0x08002128   0x00000040   Code   RO         2079    i.HAL_HRTIM_FaultPrescalerConfig  stm32g4xx_hal_hrtim.o
    0x08002168   0x08002168   0x00000014   Code   RO         2088    i.HAL_HRTIM_IRQHandler  stm32g4xx_hal_hrtim.o
    0x0800217c   0x0800217c   0x000000c0   Code   RO         2089    i.HAL_HRTIM_Init    stm32g4xx_hal_hrtim.o
    0x0800223c   0x0800223c   0x0000009c   Code   RO          313    i.HAL_HRTIM_MspInit  stm32g4xx_hal_msp.o
    0x080022d8   0x080022d8   0x00000074   Code   RO          314    i.HAL_HRTIM_MspPostInit  stm32g4xx_hal_msp.o
    0x0800234c   0x0800234c   0x00000002   Code   RO         2092    i.HAL_HRTIM_Output1ResetCallback  stm32g4xx_hal_hrtim.o
    0x0800234e   0x0800234e   0x00000002   Code   RO         2093    i.HAL_HRTIM_Output1SetCallback  stm32g4xx_hal_hrtim.o
    0x08002350   0x08002350   0x00000002   Code   RO         2094    i.HAL_HRTIM_Output2ResetCallback  stm32g4xx_hal_hrtim.o
    0x08002352   0x08002352   0x00000002   Code   RO         2095    i.HAL_HRTIM_Output2SetCallback  stm32g4xx_hal_hrtim.o
    0x08002354   0x08002354   0x00000042   Code   RO         2098    i.HAL_HRTIM_PollForDLLCalibration  stm32g4xx_hal_hrtim.o
    0x08002396   0x08002396   0x00000002   Code   RO         2099    i.HAL_HRTIM_RegistersUpdateCallback  stm32g4xx_hal_hrtim.o
    0x08002398   0x08002398   0x00000010   Code   RO           14    i.HAL_HRTIM_RepetitionEventCallback  main.o
    0x080023a8   0x080023a8   0x00000002   Code   RO         2138    i.HAL_HRTIM_SynchronizationEventCallback  stm32g4xx_hal_hrtim.o
    0x080023aa   0x080023aa   0x00000002   Code   RO         2139    i.HAL_HRTIM_SystemFaultCallback  stm32g4xx_hal_hrtim.o
    0x080023ac   0x080023ac   0x0000007a   Code   RO         2140    i.HAL_HRTIM_TimeBaseConfig  stm32g4xx_hal_hrtim.o
    0x08002426   0x08002426   0x00000134   Code   RO         2146    i.HAL_HRTIM_WaveformCompareConfig  stm32g4xx_hal_hrtim.o
    0x0800255a   0x0800255a   0x0000002c   Code   RO         2147    i.HAL_HRTIM_WaveformCountStart  stm32g4xx_hal_hrtim.o
    0x08002586   0x08002586   0x00000036   Code   RO         2155    i.HAL_HRTIM_WaveformOutputConfig  stm32g4xx_hal_hrtim.o
    0x080025bc   0x080025bc   0x00000030   Code   RO         2156    i.HAL_HRTIM_WaveformOutputStart  stm32g4xx_hal_hrtim.o
    0x080025ec   0x080025ec   0x00000090   Code   RO         2159    i.HAL_HRTIM_WaveformTimerConfig  stm32g4xx_hal_hrtim.o
    0x0800267c   0x0800267c   0x0000007a   Code   RO         2160    i.HAL_HRTIM_WaveformTimerControl  stm32g4xx_hal_hrtim.o
    0x080026f6   0x080026f6   0x00000002   PAD
    0x080026f8   0x080026f8   0x00000010   Code   RO          533    i.HAL_IncTick       stm32g4xx_hal.o
    0x08002708   0x08002708   0x0000001e   Code   RO          534    i.HAL_Init          stm32g4xx_hal.o
    0x08002726   0x08002726   0x00000002   PAD
    0x08002728   0x08002728   0x00000044   Code   RO          535    i.HAL_InitTick      stm32g4xx_hal.o
    0x0800276c   0x0800276c   0x00000030   Code   RO          315    i.HAL_MspInit       stm32g4xx_hal_msp.o
    0x0800279c   0x0800279c   0x0000001a   Code   RO         1897    i.HAL_NVIC_EnableIRQ  stm32g4xx_hal_cortex.o
    0x080027b6   0x080027b6   0x00000002   PAD
    0x080027b8   0x080027b8   0x00000040   Code   RO         1903    i.HAL_NVIC_SetPriority  stm32g4xx_hal_cortex.o
    0x080027f8   0x080027f8   0x00000024   Code   RO         1904    i.HAL_NVIC_SetPriorityGrouping  stm32g4xx_hal_cortex.o
    0x0800281c   0x0800281c   0x000000bc   Code   RO         1651    i.HAL_PWREx_ControlVoltageScaling  stm32g4xx_hal_pwr_ex.o
    0x080028d8   0x080028d8   0x00000010   Code   RO         1663    i.HAL_PWREx_DisableUCPDDeadBattery  stm32g4xx_hal_pwr_ex.o
    0x080028e8   0x080028e8   0x00000300   Code   RO          894    i.HAL_RCCEx_PeriphCLKConfig  stm32g4xx_hal_rcc_ex.o
    0x08002be8   0x08002be8   0x000001dc   Code   RO          769    i.HAL_RCC_ClockConfig  stm32g4xx_hal_rcc.o
    0x08002dc4   0x08002dc4   0x00000024   Code   RO          777    i.HAL_RCC_GetPCLK1Freq  stm32g4xx_hal_rcc.o
    0x08002de8   0x08002de8   0x00000024   Code   RO          778    i.HAL_RCC_GetPCLK2Freq  stm32g4xx_hal_rcc.o
    0x08002e0c   0x08002e0c   0x00000070   Code   RO          779    i.HAL_RCC_GetSysClockFreq  stm32g4xx_hal_rcc.o
    0x08002e7c   0x08002e7c   0x00000404   Code   RO          782    i.HAL_RCC_OscConfig  stm32g4xx_hal_rcc.o
    0x08003280   0x08003280   0x00000002   Code   RO         2892    i.HAL_SPI_ErrorCallback  stm32g4xx_hal_spi.o
    0x08003282   0x08003282   0x000000ea   Code   RO         2896    i.HAL_SPI_Init      stm32g4xx_hal_spi.o
    0x0800336c   0x0800336c   0x000000c4   Code   RO          317    i.HAL_SPI_MspInit   stm32g4xx_hal_msp.o
    0x08003430   0x08003430   0x00000002   Code   RO         2902    i.HAL_SPI_RxCpltCallback  stm32g4xx_hal_spi.o
    0x08003432   0x08003432   0x00000002   Code   RO         2903    i.HAL_SPI_RxHalfCpltCallback  stm32g4xx_hal_spi.o
    0x08003434   0x08003434   0x000001b4   Code   RO         2906    i.HAL_SPI_TransmitReceive_DMA  stm32g4xx_hal_spi.o
    0x080035e8   0x080035e8   0x00000028   Code   RO           15    i.HAL_SPI_TxRxCpltCallback  main.o
    0x08003610   0x08003610   0x00000002   Code   RO         2913    i.HAL_SPI_TxRxHalfCpltCallback  stm32g4xx_hal_spi.o
    0x08003612   0x08003612   0x00000028   Code   RO         1908    i.HAL_SYSTICK_Config  stm32g4xx_hal_cortex.o
    0x0800363a   0x0800363a   0x0000003e   Code   RO         3656    i.HAL_UARTEx_DisableFifoMode  stm32g4xx_hal_uart_ex.o
    0x08003678   0x08003678   0x0000004c   Code   RO         3665    i.HAL_UARTEx_SetRxFifoThreshold  stm32g4xx_hal_uart_ex.o
    0x080036c4   0x080036c4   0x0000004c   Code   RO         3666    i.HAL_UARTEx_SetTxFifoThreshold  stm32g4xx_hal_uart_ex.o
    0x08003710   0x08003710   0x0000006a   Code   RO         3265    i.HAL_UART_Init     stm32g4xx_hal_uart.o
    0x0800377a   0x0800377a   0x00000002   PAD
    0x0800377c   0x0800377c   0x0000007c   Code   RO          319    i.HAL_UART_MspInit  stm32g4xx_hal_msp.o
    0x080037f8   0x080037f8   0x000000b6   Code   RO         3274    i.HAL_UART_Transmit  stm32g4xx_hal_uart.o
    0x080038ae   0x080038ae   0x00000002   PAD
    0x080038b0   0x080038b0   0x0000000c   Code   RO          215    i.HRTIM1_TIMA_IRQHandler  stm32g4xx_it.o
    0x080038bc   0x080038bc   0x00000068   Code   RO         2167    i.HRTIM_ForceRegistersUpdate  stm32g4xx_hal_hrtim.o
    0x08003924   0x08003924   0x000000a8   Code   RO         2171    i.HRTIM_HRTIM_ISR   stm32g4xx_hal_hrtim.o
    0x080039cc   0x080039cc   0x00000092   Code   RO         2172    i.HRTIM_MasterWaveform_Config  stm32g4xx_hal_hrtim.o
    0x08003a5e   0x08003a5e   0x000000f0   Code   RO         2173    i.HRTIM_Master_ISR  stm32g4xx_hal_hrtim.o
    0x08003b4e   0x08003b4e   0x000000de   Code   RO         2174    i.HRTIM_OutputConfig  stm32g4xx_hal_hrtim.o
    0x08003c2c   0x08003c2c   0x00000166   Code   RO         2176    i.HRTIM_Timer_ISR   stm32g4xx_hal_hrtim.o
    0x08003d92   0x08003d92   0x00000002   PAD
    0x08003d94   0x08003d94   0x00000198   Code   RO         2177    i.HRTIM_TimingUnitWaveform_Config  stm32g4xx_hal_hrtim.o
    0x08003f2c   0x08003f2c   0x00000002   Code   RO          216    i.HardFault_Handler  stm32g4xx_it.o
    0x08003f2e   0x08003f2e   0x00000028   Code   RO         3871    i.MT6826_DMACompleteCallback  mt6826.o
    0x08003f56   0x08003f56   0x00000004   Code   RO         3872    i.MT6826_GetAngleRaw  mt6826.o
    0x08003f5a   0x08003f5a   0x00000034   Code   RO         3873    i.MT6826_Init       mt6826.o
    0x08003f8e   0x08003f8e   0x00000024   Code   RO         3875    i.MT6826_StartDMARead  mt6826.o
    0x08003fb2   0x08003fb2   0x00000002   PAD
    0x08003fb4   0x08003fb4   0x0000005c   Code   RO           16    i.MX_DMA_Init       main.o
    0x08004010   0x08004010   0x0000007c   Code   RO           17    i.MX_GPIO_Init      main.o
    0x0800408c   0x0800408c   0x00000344   Code   RO           18    i.MX_HRTIM1_Init    main.o
    0x080043d0   0x080043d0   0x0000004c   Code   RO           19    i.MX_SPI1_Init      main.o
    0x0800441c   0x0800441c   0x00000064   Code   RO           20    i.MX_USART1_UART_Init  main.o
    0x08004480   0x08004480   0x00000002   Code   RO          217    i.MemManage_Handler  stm32g4xx_it.o
    0x08004482   0x08004482   0x00000018   Code   RO         3812    i.Motor_ClampCmp    motor.o
    0x0800449a   0x0800449a   0x00000002   PAD
    0x0800449c   0x0800449c   0x000000d8   Code   RO         3813    i.Motor_EncoderReadCompleteCallback  motor.o
    0x08004574   0x08004574   0x00000078   Code   RO         3814    i.Motor_Init        motor.o
    0x080045ec   0x080045ec   0x00000014   Code   RO         3815    i.Motor_PeriodElapsedCallback  motor.o
    0x08004600   0x08004600   0x00000028   Code   RO         3816    i.Motor_SetModulation  motor.o
    0x08004628   0x08004628   0x0000002c   Code   RO         3817    i.Motor_Start       motor.o
    0x08004654   0x08004654   0x00000002   Code   RO          218    i.NMI_Handler       stm32g4xx_it.o
    0x08004656   0x08004656   0x00000002   Code   RO          219    i.PendSV_Handler    stm32g4xx_it.o
    0x08004658   0x08004658   0x00000022   Code   RO         2924    i.SPI_DMAError      stm32g4xx_hal_spi.o
    0x0800467a   0x0800467a   0x0000000a   Code   RO         2925    i.SPI_DMAHalfReceiveCplt  stm32g4xx_hal_spi.o
    0x08004684   0x08004684   0x0000000a   Code   RO         2927    i.SPI_DMAHalfTransmitReceiveCplt  stm32g4xx_hal_spi.o
    0x0800468e   0x0800468e   0x0000006c   Code   RO         2928    i.SPI_DMAReceiveCplt  stm32g4xx_hal_spi.o
    0x080046fa   0x080046fa   0x0000005c   Code   RO         2931    i.SPI_DMATransmitReceiveCplt  stm32g4xx_hal_spi.o
    0x08004756   0x08004756   0x00000074   Code   RO         2933    i.SPI_EndRxTransaction  stm32g4xx_hal_spi.o
    0x080047ca   0x080047ca   0x00000048   Code   RO         2934    i.SPI_EndRxTxTransaction  stm32g4xx_hal_spi.o
    0x08004812   0x08004812   0x00000002   PAD
    0x08004814   0x08004814   0x000000e0   Code   RO         2939    i.SPI_WaitFifoStateUntilTimeout  stm32g4xx_hal_spi.o
    0x080048f4   0x080048f4   0x000000bc   Code   RO         2940    i.SPI_WaitFlagStateUntilTimeout  stm32g4xx_hal_spi.o
    0x080049b0   0x080049b0   0x00000002   Code   RO          220    i.SVC_Handler       stm32g4xx_it.o
    0x080049b2   0x080049b2   0x00000004   Code   RO          221    i.SysTick_Handler   stm32g4xx_it.o
    0x080049b6   0x080049b6   0x0000006e   Code   RO           21    i.SystemClock_Config  main.o
    0x08004a24   0x08004a24   0x00000010   Code   RO         3775    i.SystemInit        system_stm32g4xx.o
    0x08004a34   0x08004a34   0x00000044   Code   RO         3670    i.UARTEx_SetNbDataToProcess  stm32g4xx_hal_uart_ex.o
    0x08004a78   0x08004a78   0x000000c8   Code   RO         3279    i.UART_AdvFeatureConfig  stm32g4xx_hal_uart.o
    0x08004b40   0x08004b40   0x000000ac   Code   RO         3280    i.UART_CheckIdleState  stm32g4xx_hal_uart.o
    0x08004bec   0x08004bec   0x00000054   Code   RO         3291    i.UART_EndRxTransfer  stm32g4xx_hal_uart.o
    0x08004c40   0x08004c40   0x00000298   Code   RO         3297    i.UART_SetConfig    stm32g4xx_hal_uart.o
    0x08004ed8   0x08004ed8   0x00000094   Code   RO         3304    i.UART_WaitOnFlagUntilTimeout  stm32g4xx_hal_uart.o
    0x08004f6c   0x08004f6c   0x00000002   Code   RO          222    i.UsageFault_Handler  stm32g4xx_it.o
    0x08004f6e   0x08004f6e   0x00000030   Code   RO         4048    i.__ARM_fpclassify  m_wm.l(fpclassify.o)
    0x08004f9e   0x08004f9e   0x00000020   Code   RO         1910    i.__NVIC_SetPriority  stm32g4xx_hal_cortex.o
    0x08004fbe   0x08004fbe   0x0000000e   Code   RO         3946    i._is_digit         c_w.l(__printf_wp.o)
    0x08004fcc   0x08004fcc   0x00000114   Code   RO           22    i.main              main.o
    0x080050e0   0x080050e0   0x0000002c   Code   RO         4044    locale$$code        c_w.l(lc_numeric_c.o)
    0x0800510c   0x0800510c   0x0000000c   Code   RO         3985    x$fpl$dretinf       fz_wm.l(dretinf.o)
    0x08005118   0x08005118   0x00000056   Code   RO         3965    x$fpl$f2d           fz_wm.l(f2d.o)
    0x0800516e   0x0800516e   0x0000008c   Code   RO         3987    x$fpl$fnaninf       fz_wm.l(fnaninf.o)
    0x080051fa   0x080051fa   0x0000000a   Code   RO         4124    x$fpl$fpinit        fz_wm.l(fpinit.o)
    0x08005204   0x08005204   0x00000004   Code   RO         3967    x$fpl$printf1       fz_wm.l(printf1.o)
    0x08005208   0x08005208   0x00000000   Code   RO         3989    x$fpl$usenofp       fz_wm.l(usenofp.o)
    0x08005208   0x08005208   0x00000018   Data   RO         3305    .constdata          stm32g4xx_hal_uart.o
    0x08005220   0x08005220   0x00000010   Data   RO         3671    .constdata          stm32g4xx_hal_uart_ex.o
    0x08005230   0x08005230   0x00000010   Data   RO         3776    .constdata          system_stm32g4xx.o
    0x08005240   0x08005240   0x00000008   Data   RO         3777    .constdata          system_stm32g4xx.o
    0x08005248   0x08005248   0x00000094   Data   RO         4019    .constdata          c_w.l(bigflt0.o)
    0x080052dc   0x080052dc   0x00000020   Data   RO         4193    Region$$Table       anon$$obj.o
    0x080052fc   0x080052fc   0x0000001c   Data   RO         4043    locale$$data        c_w.l(lc_numeric_c.o)


    Execution Region RW_IRAM1 (Exec base: 0x20000000, Load base: 0x08005318, Size: 0x00000a20, Max: 0x00020000, ABSOLUTE)

    Exec Addr    Load Addr    Size         Type   Attr      Idx    E Section Name        Object

    0x20000000   0x08005318   0x0000000c   Data   RW          554    .data               stm32g4xx_hal.o
    0x2000000c   0x08005324   0x00000004   Data   RW         3778    .data               system_stm32g4xx.o
    0x20000010        -       0x00000290   Zero   RW           23    .bss                main.o
    0x200002a0        -       0x00000060   Zero   RW           24    .bss                main.o
    0x20000300        -       0x00000060   Zero   RW           25    .bss                main.o
    0x20000360        -       0x00000060   Zero   RW           26    .bss                main.o
    0x200003c0        -       0x00000060   Zero   RW         4051    .bss                c_w.l(libspace.o)
    0x20000420        -       0x00000200   Zero   RW            2    HEAP                startup_stm32g474xx.o
    0x20000620        -       0x00000400   Zero   RW            1    STACK               startup_stm32g474xx.o


==============================================================================

Image component sizes


      Code (inc. data)   RO Data    RW Data    ZI Data      Debug   Object Name

      1674        110          0          0        944     957666   main.o
       464         20          0          0          0       4207   motor.o
       132          0          0          0          0       2590   mt6826.o
        64         26        472          0       1536        848   startup_stm32g474xx.o
       162         24          0         12          0       4341   stm32g4xx_hal.o
       124          6          0          0          0       1897   stm32g4xx_hal_cordic.o
       198         14          0          0          0      33847   stm32g4xx_hal_cortex.o
       696         30          0          0          0       5159   stm32g4xx_hal_dma.o
       574         32          0          0          0       2320   stm32g4xx_hal_gpio.o
      4174         32          0          0          0      37291   stm32g4xx_hal_hrtim.o
       736         82          0          0          0       4773   stm32g4xx_hal_msp.o
       204         18          0          0          0       1409   stm32g4xx_hal_pwr_ex.o
      1688         92          0          0          0       6308   stm32g4xx_hal_rcc.o
       768         10          0          0          0       1988   stm32g4xx_hal_rcc_ex.o
      1532         32          0          0          0      11862   stm32g4xx_hal_spi.o
      1556         76         24          0          0      26266   stm32g4xx_hal_uart.o
       282          6         16          0          0       3693   stm32g4xx_hal_uart_ex.o
        68         22          0          0          0       6120   stm32g4xx_it.o
        16          4         24          4          0       1139   system_stm32g4xx.o

    ----------------------------------------------------------------------
     15136        636        568         16       2480    1113724   Object Totals
         0          0         32          0          0          0   (incl. Generated)
        24          0          0          0          0          0   (incl. Padding)

    ----------------------------------------------------------------------

      Code (inc. data)   RO Data    RW Data    ZI Data      Debug   Library Member Name

        56          6          0          0          0         88   __2snprintf.o
         8          0          0          0          0         68   __main.o
       284          0          0          0          0        156   __printf_wp.o
         0          0          0          0          0          0   __rtentry.o
        12          0          0          0          0          0   __rtentry2.o
         6          0          0          0          0          0   __rtentry4.o
        52          8          0          0          0          0   __scatter.o
        26          0          0          0          0          0   __scatter_copy.o
        28          0          0          0          0          0   __scatter_zi.o
        48          6          0          0          0         96   _printf_char_common.o
       120         16          0          0          0         92   _printf_dec.o
         6          0          0          0          0          0   _printf_f.o
      1054          0          0          0          0        216   _printf_fp_dec.o
       128         16          0          0          0         84   _printf_fp_infnan.o
       178          0          0          0          0         88   _printf_intcommon.o
        78          0          0          0          0        108   _printf_pad.o
         0          0          0          0          0          0   _printf_percent.o
         4          0          0          0          0          0   _printf_percent_end.o
         6          0          0          0          0          0   _printf_u.o
        16          0          0          0          0         68   _snputc.o
        10          0          0          0          0         68   _sputc.o
       228          4        148          0          0         96   bigflt0.o
      1936        128          0          0          0        672   btod.o
        18          0          0          0          0         80   exit.o
         6          0          0          0          0        152   heapauxi.o
         0          0          0          0          0          0   indicate_semi.o
        44         10         28          0          0         76   lc_numeric_c.o
         2          0          0          0          0          0   libinit.o
        22          0          0          0          0          0   libinit2.o
         2          0          0          0          0          0   libshutdown.o
         2          0          0          0          0          0   libshutdown2.o
         8          4          0          0         96         68   libspace.o
       138          0          0          0          0         80   lludiv10.o
       238          0          0          0          0        100   lludivv7m.o
         8          4          0          0          0         68   rt_locale_intlibspace.o
        78          0          0          0          0         80   rt_memclr_w.o
         2          0          0          0          0          0   rtexit.o
        10          0          0          0          0          0   rtexit2.o
       128          0          0          0          0         68   strcmpv7m.o
        12          4          0          0          0         68   sys_exit.o
        74          0          0          0          0         80   sys_stackheap_outer.o
         2          0          0          0          0         68   use_no_semi.o
        12          0          0          0          0        116   dretinf.o
        86          4          0          0          0        132   f2d.o
       140          4          0          0          0        132   fnaninf.o
        10          0          0          0          0        116   fpinit.o
         4          0          0          0          0        116   printf1.o
         0          0          0          0          0          0   usenofp.o
        48          0          0          0          0        124   fpclassify.o

    ----------------------------------------------------------------------
      5392        214        176          0         96       3624   Library Totals
        14          0          0          0          0          0   (incl. Padding)

    ----------------------------------------------------------------------

      Code (inc. data)   RO Data    RW Data    ZI Data      Debug   Library Name

      5078        206        176          0         96       2888   c_w.l
       252          8          0          0          0        612   fz_wm.l
        48          0          0          0          0        124   m_wm.l

    ----------------------------------------------------------------------
      5392        214        176          0         96       3624   Library Totals

    ----------------------------------------------------------------------

==============================================================================


      Code (inc. data)   RO Data    RW Data    ZI Data      Debug   

     20528        850        744         16       2576    1101988   Grand Totals
     20528        850        744         16       2576    1101988   ELF Image Totals
     20528        850        744         16          0          0   ROM Totals

==============================================================================

    Total RO  Size (Code + RO Data)                21272 (  20.77kB)
    Total RW  Size (RW Data + ZI Data)              2592 (   2.53kB)
    Total ROM Size (Code + RO Data + RW Data)      21288 (  20.79kB)

==============================================================================

