Component: ARM Compiler 5.06 update 5 (build 528) Tool: armlink [4d35e2]

==============================================================================

Section Cross References

    startup_stm32g474xx.o(STACK) refers (Special) to heapauxi.o(.text) for __use_two_region_memory
    startup_stm32g474xx.o(HEAP) refers (Special) to heapauxi.o(.text) for __use_two_region_memory
    startup_stm32g474xx.o(RESET) refers (Special) to heapauxi.o(.text) for __use_two_region_memory
    startup_stm32g474xx.o(RESET) refers to startup_stm32g474xx.o(STACK) for __initial_sp
    startup_stm32g474xx.o(RESET) refers to startup_stm32g474xx.o(.text) for Reset_Handler
    startup_stm32g474xx.o(RESET) refers to stm32g4xx_it.o(i.NMI_Handler) for NMI_Handler
    startup_stm32g474xx.o(RESET) refers to stm32g4xx_it.o(i.HardFault_Handler) for HardFault_Handler
    startup_stm32g474xx.o(RESET) refers to stm32g4xx_it.o(i.MemManage_Handler) for MemManage_Handler
    startup_stm32g474xx.o(RESET) refers to stm32g4xx_it.o(i.BusFault_Handler) for BusFault_Handler
    startup_stm32g474xx.o(RESET) refers to stm32g4xx_it.o(i.UsageFault_Handler) for UsageFault_Handler
    startup_stm32g474xx.o(RESET) refers to stm32g4xx_it.o(i.SVC_Handler) for SVC_Handler
    startup_stm32g474xx.o(RESET) refers to stm32g4xx_it.o(i.DebugMon_Handler) for DebugMon_Handler
    startup_stm32g474xx.o(RESET) refers to stm32g4xx_it.o(i.PendSV_Handler) for PendSV_Handler
    startup_stm32g474xx.o(RESET) refers to stm32g4xx_it.o(i.SysTick_Handler) for SysTick_Handler
    startup_stm32g474xx.o(RESET) refers to stm32g4xx_it.o(i.DMA1_Channel1_IRQHandler) for DMA1_Channel1_IRQHandler
    startup_stm32g474xx.o(RESET) refers to stm32g4xx_it.o(i.DMA1_Channel2_IRQHandler) for DMA1_Channel2_IRQHandler
    startup_stm32g474xx.o(RESET) refers to stm32g4xx_it.o(i.DMA1_Channel4_IRQHandler) for DMA1_Channel4_IRQHandler
    startup_stm32g474xx.o(RESET) refers to stm32g4xx_it.o(i.DMA1_Channel5_IRQHandler) for DMA1_Channel5_IRQHandler
    startup_stm32g474xx.o(RESET) refers to stm32g4xx_it.o(i.TIM1_TRG_COM_TIM17_IRQHandler) for TIM1_TRG_COM_TIM17_IRQHandler
    startup_stm32g474xx.o(RESET) refers to stm32g4xx_it.o(i.TIM3_IRQHandler) for TIM3_IRQHandler
    startup_stm32g474xx.o(RESET) refers to stm32g4xx_it.o(i.USART1_IRQHandler) for USART1_IRQHandler
    startup_stm32g474xx.o(RESET) refers to stm32g4xx_it.o(i.TIM8_UP_IRQHandler) for TIM8_UP_IRQHandler
    startup_stm32g474xx.o(RESET) refers to stm32g4xx_it.o(i.HRTIM1_TIMA_IRQHandler) for HRTIM1_TIMA_IRQHandler
    startup_stm32g474xx.o(.text) refers (Special) to heapauxi.o(.text) for __use_two_region_memory
    startup_stm32g474xx.o(.text) refers to system_stm32g4xx.o(i.SystemInit) for SystemInit
    startup_stm32g474xx.o(.text) refers to __main.o(!!!main) for __main
    startup_stm32g474xx.o(.text) refers to startup_stm32g474xx.o(HEAP) for Heap_Mem
    startup_stm32g474xx.o(.text) refers to startup_stm32g474xx.o(STACK) for Stack_Mem
    main.o(i.HAL_HRTIM_RepetitionEventCallback) refers to motor.o(i.Motor_PeriodElapsedCallback) for Motor_PeriodElapsedCallback
    main.o(i.HAL_HRTIM_RepetitionEventCallback) refers to main.o(.bss) for .bss
    main.o(i.HAL_SPI_TxRxCpltCallback) refers to mt6826.o(i.MT6826_DMACompleteCallback) for MT6826_DMACompleteCallback
    main.o(i.HAL_SPI_TxRxCpltCallback) refers to spwm.o(i.SPWM_EncoderReadCompleteCallback) for SPWM_EncoderReadCompleteCallback
    main.o(i.HAL_SPI_TxRxCpltCallback) refers to motor.o(i.Motor_EncoderReadCompleteCallback) for Motor_EncoderReadCompleteCallback
    main.o(i.HAL_SPI_TxRxCpltCallback) refers to main.o(.bss) for .bss
    main.o(i.HAL_TIM_PeriodElapsedCallback) refers to spwm.o(i.SPWM_PIDCallback) for SPWM_PIDCallback
    main.o(i.HAL_TIM_PeriodElapsedCallback) refers to ui.o(i.UI_TIM8Callback) for UI_TIM8Callback
    main.o(i.HAL_TIM_PeriodElapsedCallback) refers to main.o(.bss) for .bss
    main.o(i.HAL_UART_TxCpltCallback) refers to ui.o(i.UI_TxCpltCallback) for UI_TxCpltCallback
    main.o(i.HAL_UART_TxCpltCallback) refers to main.o(.bss) for .bss
    main.o(i.MX_DMA_Init) refers to stm32g4xx_hal_cortex.o(i.HAL_NVIC_SetPriority) for HAL_NVIC_SetPriority
    main.o(i.MX_DMA_Init) refers to stm32g4xx_hal_cortex.o(i.HAL_NVIC_EnableIRQ) for HAL_NVIC_EnableIRQ
    main.o(i.MX_GPIO_Init) refers to rt_memclr_w.o(.text) for __aeabi_memclr4
    main.o(i.MX_GPIO_Init) refers to stm32g4xx_hal_gpio.o(i.HAL_GPIO_WritePin) for HAL_GPIO_WritePin
    main.o(i.MX_GPIO_Init) refers to stm32g4xx_hal_gpio.o(i.HAL_GPIO_Init) for HAL_GPIO_Init
    main.o(i.MX_HRTIM1_Init) refers to rt_memclr_w.o(.text) for __aeabi_memclr4
    main.o(i.MX_HRTIM1_Init) refers to stm32g4xx_hal_hrtim.o(i.HAL_HRTIM_Init) for HAL_HRTIM_Init
    main.o(i.MX_HRTIM1_Init) refers to stm32g4xx_hal_hrtim.o(i.HAL_HRTIM_DLLCalibrationStart) for HAL_HRTIM_DLLCalibrationStart
    main.o(i.MX_HRTIM1_Init) refers to stm32g4xx_hal_hrtim.o(i.HAL_HRTIM_PollForDLLCalibration) for HAL_HRTIM_PollForDLLCalibration
[...]
    __lcnum_c_name                           0x08006740   Data           2  lc_numeric_c.o(locale$$data)
    __lcnum_c_start                          0x08006748   Data           0  lc_numeric_c.o(locale$$data)
    __lcnum_c_point                          0x08006754   Data           0  lc_numeric_c.o(locale$$data)
    __lcnum_c_thousands                      0x08006756   Data           0  lc_numeric_c.o(locale$$data)
    __lcnum_c_grouping                       0x08006757   Data           0  lc_numeric_c.o(locale$$data)
    __lcnum_c_end                            0x08006758   Data           0  lc_numeric_c.o(locale$$data)
    .data                                    0x20000000   Section       12  stm32g4xx_hal.o(.data)
    .data                                    0x2000000c   Section        4  system_stm32g4xx.o(.data)
    .bss                                     0x20000010   Section      992  main.o(.bss)
    .bss                                     0x200003f0   Section       96  main.o(.bss)
    .bss                                     0x20000450   Section       96  main.o(.bss)
    .bss                                     0x200004b0   Section       96  main.o(.bss)
    .bss                                     0x20000510   Section       96  main.o(.bss)
    .bss                                     0x20000570   Section       96  libspace.o(.bss)
    HEAP                                     0x200005d0   Section      512  startup_stm32g474xx.o(HEAP)
    Heap_Mem                                 0x200005d0   Data         512  startup_stm32g474xx.o(HEAP)
    STACK                                    0x200007d0   Section     1024  startup_stm32g474xx.o(STACK)
    Stack_Mem                                0x200007d0   Data        1024  startup_stm32g474xx.o(STACK)
    __initial_sp                             0x20000bd0   Data           0  startup_stm32g474xx.o(STACK)

    Global Symbols

    Symbol Name                              Value     Ov Type        Size  Object(Section)

    BuildAttributes$$THM_ISAv4$E$P$D$K$B$S$7EM$VFPi3$EXTD16$VFPS$VFMA$PE$A:L22UL41UL21$X:L11$S22US41US21$IEEE1$IW$USESV6$~STKCKD$USESV7$~SHL$OTIME$ROPI$IEEEJ$EBA8$UX$STANDARDLIB$REQ8$PRES8$EABIv2 0x00000000   Number         0  anon$$obj.o ABSOLUTE
    __ARM_use_no_argv                        0x00000000   Number         0  main.o ABSOLUTE
    _printf_flags                            0x00000000   Number         0  printf_stubs.o ABSOLUTE
    _printf_return_value                     0x00000000   Number         0  printf_stubs.o ABSOLUTE
    _printf_sizespec                         0x00000000   Number         0  printf_stubs.o ABSOLUTE
    _printf_widthprec                        0x00000000   Number         0  printf_stubs.o ABSOLUTE
    __ARM_exceptions_init                     - Undefined Weak Reference
    __alloca_initialize                       - Undefined Weak Reference
    __arm_preinit_                            - Undefined Weak Reference
    __cpp_initialize__aeabi_                  - Undefined Weak Reference
    __cxa_finalize                            - Undefined Weak Reference
    __sigvec_lookup                           - Undefined Weak Reference
    _atexit_init                              - Undefined Weak Reference
    _call_atexit_fns                          - Undefined Weak Reference
    _clock_init                               - Undefined Weak Reference
    _fp_trap_init                             - Undefined Weak Reference
    _fp_trap_shutdown                         - Undefined Weak Reference
    _get_lc_collate                           - Undefined Weak Reference
    _get_lc_ctype                             - Undefined Weak Reference
    _get_lc_monetary                          - Undefined Weak Reference
    _get_lc_time                              - Undefined Weak Reference
    _getenv_init                              - Undefined Weak Reference
    _handle_redirection                       - Undefined Weak Reference
    _init_alloc                               - Undefined Weak Reference
    _init_user_alloc                          - Undefined Weak Reference
    _initio                                   - Undefined Weak Reference
    _printf_post_padding                      - Undefined Weak Reference
    _printf_pre_padding                       - Undefined Weak Reference
    _printf_truncate_signed                   - Undefined Weak Reference
    _printf_truncate_unsigned                 - Undefined Weak Reference
    _rand_init                                - Undefined Weak Reference
    _signal_finish                            - Undefined Weak Reference
    _signal_init                              - Undefined Weak Reference
    _terminate_alloc                          - Undefined Weak Reference
    _terminate_user_alloc                     - Undefined Weak Reference
    _terminateio                              - Undefined Weak Reference
    __Vectors_Size                           0x000001d8   Number         0  startup_stm32g474xx.o ABSOLUTE
    __Vectors                                0x08000000   Data           4  startup_stm32g474xx.o(RESET)
    __Vectors_End                            0x080001d8   Data           0  startup_stm32g474xx.o(RESET)
    __main                                   0x080001d9   Thumb Code     8  __main.o(!!!main)
    __scatterload                            0x080001e1   Thumb Code     0  __scatter.o(!!!scatter)
    __scatterload_rt2                        0x080001e1   Thumb Code    44  __scatter.o(!!!scatter)
    __scatterload_rt2_thumb_only             0x080001e1   Thumb Code     0  __scatter.o(!!!scatter)
    __scatterload_null                       0x080001ef   Thumb Code     0  __scatter.o(!!!scatter)
    __scatterload_copy                       0x08000215   Thumb Code    26  __scatter_copy.o(!!handler_copy)
    __scatterload_zeroinit                   0x08000231   Thumb Code    28  __scatter_zi.o(!!handler_zi)
    _printf_f                                0x0800024d   Thumb Code     0  _printf_f.o(.ARM.Collect$$_printf_percent$$00000003)
    _printf_percent                          0x0800024d   Thumb Code     0  _printf_percent.o(.ARM.Collect$$_printf_percent$$00000000)
    _printf_d                                0x08000253   Thumb Code     0  _printf_d.o(.ARM.Collect$$_printf_percent$$00000009)
    _printf_percent_end                      0x08000259   Thumb Code     0  _printf_percent_end.o(.ARM.Collect$$_printf_percent$$00000017)
    __rt_lib_init                            0x0800025d   Thumb Code     0  libinit.o(.ARM.Collect$$libinit$$00000000)
    __rt_lib_init_fp_1                       0x0800025f   Thumb Code     0  libinit2.o(.ARM.Collect$$libinit$$00000001)
    __rt_lib_init_heap_1                     0x08000263   Thumb Code     0  libinit2.o(.ARM.Collect$$libinit$$0000000A)
    __rt_lib_init_lc_common                  0x08000263   Thumb Code     0  libinit2.o(.ARM.Collect$$libinit$$0000000F)
    __rt_lib_init_preinit_1                  0x08000263   Thumb Code     0  libinit2.o(.ARM.Collect$$libinit$$00000004)
    __rt_lib_init_rand_1                     0x08000263   Thumb Code     0  libinit2.o(.ARM.Collect$$libinit$$0000000E)
    __rt_lib_init_user_alloc_1               0x08000263   Thumb Code     0  libinit2.o(.ARM.Collect$$libinit$$0000000C)
    __rt_lib_init_lc_collate_1               0x08000269   Thumb Code     0  libinit2.o(.ARM.Collect$$libinit$$00000011)
    __rt_lib_init_lc_ctype_1                 0x08000269   Thumb Code     0  libinit2.o(.ARM.Collect$$libinit$$00000013)
    __rt_lib_init_lc_monetary_1              0x08000269   Thumb Code     0  libinit2.o(.ARM.Collect$$libinit$$00000015)
    __rt_lib_init_lc_numeric_2               0x08000269   Thumb Code     0  libinit2.o(.ARM.Collect$$libinit$$00000016)
    __rt_lib_init_alloca_1                   0x08000273   Thumb Code     0  libinit2.o(.ARM.Collect$$libinit$$0000002E)
    __rt_lib_init_argv_1                     0x08000273   Thumb Code     0  libinit2.o(.ARM.Collect$$libinit$$0000002C)
    __rt_lib_init_atexit_1                   0x08000273   Thumb Code     0  libinit2.o(.ARM.Collect$$libinit$$0000001B)
    __rt_lib_init_clock_1                    0x08000273   Thumb Code     0  libinit2.o(.ARM.Collect$$libinit$$00000021)
    __rt_lib_init_cpp_1                      0x08000273   Thumb Code     0  libinit2.o(.ARM.Collect$$libinit$$00000032)
    __rt_lib_init_exceptions_1               0x08000273   Thumb Code     0  libinit2.o(.ARM.Collect$$libinit$$00000030)
    __rt_lib_init_fp_trap_1                  0x08000273   Thumb Code     0  libinit2.o(.ARM.Collect$$libinit$$0000001F)
    __rt_lib_init_getenv_1                   0x08000273   Thumb Code     0  libinit2.o(.ARM.Collect$$libinit$$00000023)
    __rt_lib_init_lc_numeric_1               0x08000273   Thumb Code     0  libinit2.o(.ARM.Collect$$libinit$$00000017)
    __rt_lib_init_lc_time_1                  0x08000273   Thumb Code     0  libinit2.o(.ARM.Collect$$libinit$$00000019)
    __rt_lib_init_return                     0x08000273   Thumb Code     0  libinit2.o(.ARM.Collect$$libinit$$00000033)
    __rt_lib_init_signal_1                   0x08000273   Thumb Code     0  libinit2.o(.ARM.Collect$$libinit$$0000001D)
    __rt_lib_init_stdio_1                    0x08000273   Thumb Code     0  libinit2.o(.ARM.Collect$$libinit$$00000025)
    __rt_lib_shutdown                        0x08000275   Thumb Code     0  libshutdown.o(.ARM.Collect$$libshutdown$$00000000)
    __rt_lib_shutdown_cpp_1                  0x08000277   Thumb Code     0  libshutdown2.o(.ARM.Collect$$libshutdown$$00000002)
    __rt_lib_shutdown_fp_trap_1              0x08000277   Thumb Code     0  libshutdown2.o(.ARM.Collect$$libshutdown$$00000007)
    __rt_lib_shutdown_heap_1                 0x08000277   Thumb Code     0  libshutdown2.o(.ARM.Collect$$libshutdown$$0000000F)
    __rt_lib_shutdown_return                 0x08000277   Thumb Code     0  libshutdown2.o(.ARM.Collect$$libshutdown$$00000010)
    __rt_lib_shutdown_signal_1               0x08000277   Thumb Code     0  libshutdown2.o(.ARM.Collect$$libshutdown$$0000000A)
    __rt_lib_shutdown_stdio_1                0x08000277   Thumb Code     0  libshutdown2.o(.ARM.Collect$$libshutdown$$00000004)
    __rt_lib_shutdown_user_alloc_1           0x08000277   Thumb Code     0  libshutdown2.o(.ARM.Collect$$libshutdown$$0000000C)
    __rt_entry                               0x08000279   Thumb Code     0  __rtentry.o(.ARM.Collect$$rtentry$$00000000)
    __rt_entry_presh_1                       0x08000279   Thumb Code     0  __rtentry2.o(.ARM.Collect$$rtentry$$00000002)
    __rt_entry_sh                            0x08000279   Thumb Code     0  __rtentry4.o(.ARM.Collect$$rtentry$$00000004)
    __rt_entry_li                            0x0800027f   Thumb Code     0  __rtentry2.o(.ARM.Collect$$rtentry$$0000000A)
    __rt_entry_postsh_1                      0x0800027f   Thumb Code     0  __rtentry2.o(.ARM.Collect$$rtentry$$00000009)
    __rt_entry_main                          0x08000283   Thumb Code     0  __rtentry2.o(.ARM.Collect$$rtentry$$0000000D)
    __rt_entry_postli_1                      0x08000283   Thumb Code     0  __rtentry2.o(.ARM.Collect$$rtentry$$0000000C)
    __rt_exit                                0x0800028b   Thumb Code     0  rtexit.o(.ARM.Collect$$rtexit$$00000000)
    __rt_exit_ls                             0x0800028d   Thumb Code     0  rtexit2.o(.ARM.Collect$$rtexit$$00000003)
    __rt_exit_prels_1                        0x0800028d   Thumb Code     0  rtexit2.o(.ARM.Collect$$rtexit$$00000002)
    __rt_exit_exit                           0x08000291   Thumb Code     0  rtexit2.o(.ARM.Collect$$rtexit$$00000004)
    Reset_Handler                            0x08000299   Thumb Code     8  startup_stm32g474xx.o(.text)
    ADC1_2_IRQHandler                        0x080002b3   Thumb Code     0  startup_stm32g474xx.o(.text)
    ADC3_IRQHandler                          0x080002b3   Thumb Code     0  startup_stm32g474xx.o(.text)
    ADC4_IRQHandler                          0x080002b3   Thumb Code     0  startup_stm32g474xx.o(.text)
    ADC5_IRQHandler                          0x080002b3   Thumb Code     0  startup_stm32g474xx.o(.text)
    COMP1_2_3_IRQHandler                     0x080002b3   Thumb Code     0  startup_stm32g474xx.o(.text)
    COMP4_5_6_IRQHandler                     0x080002b3   Thumb Code     0  startup_stm32g474xx.o(.text)
    COMP7_IRQHandler                         0x080002b3   Thumb Code     0  startup_stm32g474xx.o(.text)
    CORDIC_IRQHandler                        0x080002b3   Thumb Code     0  startup_stm32g474xx.o(.text)
    CRS_IRQHandler                           0x080002b3   Thumb Code     0  startup_stm32g474xx.o(.text)
    DMA1_Channel3_IRQHandler                 0x080002b3   Thumb Code     0  startup_stm32g474xx.o(.text)
    DMA1_Channel6_IRQHandler                 0x080002b3   Thumb Code     0  startup_stm32g474xx.o(.text)
    DMA1_Channel7_IRQHandler                 0x080002b3   Thumb Code     0  startup_stm32g474xx.o(.text)
    DMA1_Channel8_IRQHandler                 0x080002b3   Thumb Code     0  startup_stm32g474xx.o(.text)
    DMA2_Channel1_IRQHandler                 0x080002b3   Thumb Code     0  startup_stm32g474xx.o(.text)
    DMA2_Channel2_IRQHandler                 0x080002b3   Thumb Code     0  startup_stm32g474xx.o(.text)
    DMA2_Channel3_IRQHandler                 0x080002b3   Thumb Code     0  startup_stm32g474xx.o(.text)
    DMA2_Channel4_IRQHandler                 0x080002b3   Thumb Code     0  startup_stm32g474xx.o(.text)
    DMA2_Channel5_IRQHandler                 0x080002b3   Thumb Code     0  startup_stm32g474xx.o(.text)
    DMA2_Channel6_IRQHandler                 0x080002b3   Thumb Code     0  startup_stm32g474xx.o(.text)
    DMA2_Channel7_IRQHandler                 0x080002b3   Thumb Code     0  startup_stm32g474xx.o(.text)
    DMA2_Channel8_IRQHandler                 0x080002b3   Thumb Code     0  startup_stm32g474xx.o(.text)
    DMAMUX_OVR_IRQHandler                    0x080002b3   Thumb Code     0  startup_stm32g474xx.o(.text)
    EXTI0_IRQHandler                         0x080002b3   Thumb Code     0  startup_stm32g474xx.o(.text)
    EXTI15_10_IRQHandler                     0x080002b3   Thumb Code     0  startup_stm32g474xx.o(.text)
    EXTI1_IRQHandler                         0x080002b3   Thumb Code     0  startup_stm32g474xx.o(.text)
    EXTI2_IRQHandler                         0x080002b3   Thumb Code     0  startup_stm32g474xx.o(.text)
    EXTI3_IRQHandler                         0x080002b3   Thumb Code     0  startup_stm32g474xx.o(.text)
    EXTI4_IRQHandler                         0x080002b3   Thumb Code     0  startup_stm32g474xx.o(.text)
    EXTI9_5_IRQHandler                       0x080002b3   Thumb Code     0  startup_stm32g474xx.o(.text)
    FDCAN1_IT0_IRQHandler                    0x080002b3   Thumb Code     0  startup_stm32g474xx.o(.text)
    FDCAN1_IT1_IRQHandler                    0x080002b3   Thumb Code     0  startup_stm32g474xx.o(.text)
    FDCAN2_IT0_IRQHandler                    0x080002b3   Thumb Code     0  startup_stm32g474xx.o(.text)
    FDCAN2_IT1_IRQHandler                    0x080002b3   Thumb Code     0  startup_stm32g474xx.o(.text)
    FDCAN3_IT0_IRQHandler                    0x080002b3   Thumb Code     0  startup_stm32g474xx.o(.text)
    FDCAN3_IT1_IRQHandler                    0x080002b3   Thumb Code     0  startup_stm32g474xx.o(.text)
    FLASH_IRQHandler                         0x080002b3   Thumb Code     0  startup_stm32g474xx.o(.text)
    FMAC_IRQHandler                          0x080002b3   Thumb Code     0  startup_stm32g474xx.o(.text)
    FMC_IRQHandler                           0x080002b3   Thumb Code     0  startup_stm32g474xx.o(.text)
    FPU_IRQHandler                           0x080002b3   Thumb Code     0  startup_stm32g474xx.o(.text)
    HRTIM1_FLT_IRQHandler                    0x080002b3   Thumb Code     0  startup_stm32g474xx.o(.text)
    HRTIM1_Master_IRQHandler                 0x080002b3   Thumb Code     0  startup_stm32g474xx.o(.text)
    HRTIM1_TIMB_IRQHandler                   0x080002b3   Thumb Code     0  startup_stm32g474xx.o(.text)
    HRTIM1_TIMC_IRQHandler                   0x080002b3   Thumb Code     0  startup_stm32g474xx.o(.text)
    HRTIM1_TIMD_IRQHandler                   0x080002b3   Thumb Code     0  startup_stm32g474xx.o(.text)
    HRTIM1_TIME_IRQHandler                   0x080002b3   Thumb Code     0  startup_stm32g474xx.o(.text)
    HRTIM1_TIMF_IRQHandler                   0x080002b3   Thumb Code     0  startup_stm32g474xx.o(.text)
    I2C1_ER_IRQHandler                       0x080002b3   Thumb Code     0  startup_stm32g474xx.o(.text)
    I2C1_EV_IRQHandler                       0x080002b3   Thumb Code     0  startup_stm32g474xx.o(.text)
    I2C2_ER_IRQHandler                       0x080002b3   Thumb Code     0  startup_stm32g474xx.o(.text)
    I2C2_EV_IRQHandler                       0x080002b3   Thumb Code     0  startup_stm32g474xx.o(.text)
    I2C3_ER_IRQHandler                       0x080002b3   Thumb Code     0  startup_stm32g474xx.o(.text)
    I2C3_EV_IRQHandler                       0x080002b3   Thumb Code     0  startup_stm32g474xx.o(.text)
    I2C4_ER_IRQHandler                       0x080002b3   Thumb Code     0  startup_stm32g474xx.o(.text)
    I2C4_EV_IRQHandler                       0x080002b3   Thumb Code     0  startup_stm32g474xx.o(.text)
    LPTIM1_IRQHandler                        0x080002b3   Thumb Code     0  startup_stm32g474xx.o(.text)
    LPUART1_IRQHandler                       0x080002b3   Thumb Code     0  startup_stm32g474xx.o(.text)
    PVD_PVM_IRQHandler                       0x080002b3   Thumb Code     0  startup_stm32g474xx.o(.text)
    QUADSPI_IRQHandler                       0x080002b3   Thumb Code     0  startup_stm32g474xx.o(.text)
    RCC_IRQHandler                           0x080002b3   Thumb Code     0  startup_stm32g474xx.o(.text)
    RNG_IRQHandler                           0x080002b3   Thumb Code     0  startup_stm32g474xx.o(.text)
    RTC_Alarm_IRQHandler                     0x080002b3   Thumb Code     0  startup_stm32g474xx.o(.text)
    RTC_TAMP_LSECSS_IRQHandler               0x080002b3   Thumb Code     0  startup_stm32g474xx.o(.text)
    RTC_WKUP_IRQHandler                      0x080002b3   Thumb Code     0  startup_stm32g474xx.o(.text)
    SAI1_IRQHandler                          0x080002b3   Thumb Code     0  startup_stm32g474xx.o(.text)
    SPI1_IRQHandler                          0x080002b3   Thumb Code     0  startup_stm32g474xx.o(.text)
    SPI2_IRQHandler                          0x080002b3   Thumb Code     0  startup_stm32g474xx.o(.text)
    SPI3_IRQHandler                          0x080002b3   Thumb Code     0  startup_stm32g474xx.o(.text)
    SPI4_IRQHandler                          0x080002b3   Thumb Code     0  startup_stm32g474xx.o(.text)
    TIM1_BRK_TIM15_IRQHandler                0x080002b3   Thumb Code     0  startup_stm32g474xx.o(.text)
    TIM1_CC_IRQHandler                       0x080002b3   Thumb Code     0  startup_stm32g474xx.o(.text)
    TIM1_UP_TIM16_IRQHandler                 0x080002b3   Thumb Code     0  startup_stm32g474xx.o(.text)
    TIM20_BRK_IRQHandler                     0x080002b3   Thumb Code     0  startup_stm32g474xx.o(.text)
    TIM20_CC_IRQHandler                      0x080002b3   Thumb Code     0  startup_stm32g474xx.o(.text)
    TIM20_TRG_COM_IRQHandler                 0x080002b3   Thumb Code     0  startup_stm32g474xx.o(.text)
    TIM20_UP_IRQHandler                      0x080002b3   Thumb Code     0  startup_stm32g474xx.o(.text)
    TIM2_IRQHandler                          0x080002b3   Thumb Code     0  startup_stm32g474xx.o(.text)
    TIM4_IRQHandler                          0x080002b3   Thumb Code     0  startup_stm32g474xx.o(.text)
    TIM5_IRQHandler                          0x080002b3   Thumb Code     0  startup_stm32g474xx.o(.text)
    TIM6_DAC_IRQHandler                      0x080002b3   Thumb Code     0  startup_stm32g474xx.o(.text)
    TIM7_DAC_IRQHandler                      0x080002b3   Thumb Code     0  startup_stm32g474xx.o(.text)
    TIM8_BRK_IRQHandler                      0x080002b3   Thumb Code     0  startup_stm32g474xx.o(.text)
    TIM8_CC_IRQHandler                       0x080002b3   Thumb Code     0  startup_stm32g474xx.o(.text)
    TIM8_TRG_COM_IRQHandler                  0x080002b3   Thumb Code     0  startup_stm32g474xx.o(.text)
    UART4_IRQHandler                         0x080002b3   Thumb Code     0  startup_stm32g474xx.o(.text)
    UART5_IRQHandler                         0x080002b3   Thumb Code     0  startup_stm32g474xx.o(.text)
    UCPD1_IRQHandler                         0x080002b3   Thumb Code     0  startup_stm32g474xx.o(.text)
    USART2_IRQHandler                        0x080002b3   Thumb Code     0  startup_stm32g474xx.o(.text)
    USART3_IRQHandler                        0x080002b3   Thumb Code     0  startup_stm32g474xx.o(.text)
    USBWakeUp_IRQHandler                     0x080002b3   Thumb Code     0  startup_stm32g474xx.o(.text)
    USB_HP_IRQHandler                        0x080002b3   Thumb Code     0  startup_stm32g474xx.o(.text)
    USB_LP_IRQHandler                        0x080002b3   Thumb Code     0  startup_stm32g474xx.o(.text)
    WWDG_IRQHandler                          0x080002b3   Thumb Code     0  startup_stm32g474xx.o(.text)
    __user_initial_stackheap                 0x080002b5   Thumb Code     0  startup_stm32g474xx.o(.text)
    __aeabi_uldivmod                         0x080002d9   Thumb Code     0  lludivv7m.o(.text)
    _ll_udiv                                 0x080002d9   Thumb Code   238  lludivv7m.o(.text)
    __2snprintf                              0x080003c9   Thumb Code    50  __2snprintf.o(.text)
    _printf_int_dec                          0x08000401   Thumb Code   104  _printf_dec.o(.text)
    __printf                                 0x08000479   Thumb Code   270  __printf_wp.o(.text)
    __aeabi_memclr4                          0x08000587   Thumb Code     0  rt_memclr_w.o(.text)
    __aeabi_memclr8                          0x08000587   Thumb Code     0  rt_memclr_w.o(.text)
    __rt_memclr_w                            0x08000587   Thumb Code    78  rt_memclr_w.o(.text)
    _memset_w                                0x0800058b   Thumb Code     0  rt_memclr_w.o(.text)
    __use_two_region_memory                  0x080005d5   Thumb Code     2  heapauxi.o(.text)
    __rt_heap_escrow$2region                 0x080005d7   Thumb Code     2  heapauxi.o(.text)
    __rt_heap_expand$2region                 0x080005d9   Thumb Code     2  heapauxi.o(.text)
    _printf_int_common                       0x080005db   Thumb Code   178  _printf_intcommon.o(.text)
    __lib_sel_fp_printf                      0x0800068d   Thumb Code     2  _printf_fp_dec.o(.text)
    _printf_fp_dec_real                      0x0800083f   Thumb Code   620  _printf_fp_dec.o(.text)
    _printf_char_common                      0x08000ab7   Thumb Code    32  _printf_char_common.o(.text)
    _sputc                                   0x08000add   Thumb Code    10  _sputc.o(.text)
    _snputc                                  0x08000ae7   Thumb Code    16  _snputc.o(.text)
    __rt_locale                              0x08000af9   Thumb Code     8  rt_locale_intlibspace.o(.text)
    _ll_udiv10                               0x08000b01   Thumb Code   138  lludiv10.o(.text)
    _printf_fp_infnan                        0x08000b8d   Thumb Code   112  _printf_fp_infnan.o(.text)
    _btod_etento                             0x08000c0d   Thumb Code   224  bigflt0.o(.text)
    __user_libspace                          0x08000cf1   Thumb Code     8  libspace.o(.text)
    __user_perproc_libspace                  0x08000cf1   Thumb Code     0  libspace.o(.text)
    __user_perthread_libspace                0x08000cf1   Thumb Code     0  libspace.o(.text)
    __user_setup_stackheap                   0x08000cf9   Thumb Code    74  sys_stackheap_outer.o(.text)
    exit                                     0x08000d43   Thumb Code    18  exit.o(.text)
    strcmp                                   0x08000d55   Thumb Code   128  strcmpv7m.o(.text)
    _sys_exit                                0x08000dd5   Thumb Code     8  sys_exit.o(.text)
    __I$use$semihosting                      0x08000de1   Thumb Code     0  use_no_semi.o(.text)
    __use_no_semihosting_swi                 0x08000de1   Thumb Code     2  use_no_semi.o(.text)
    __semihosting_library_function           0x08000de3   Thumb Code     0  indicate_semi.o(.text)
    _btod_d2e                                0x08000de3   Thumb Code    62  btod.o(CL$$btod_d2e)
    _d2e_denorm_low                          0x08000e21   Thumb Code    70  btod.o(CL$$btod_d2e_denorm_low)
    _d2e_norm_op1                            0x08000e67   Thumb Code    96  btod.o(CL$$btod_d2e_norm_op1)
    __btod_div_common                        0x08000ec7   Thumb Code   696  btod.o(CL$$btod_div_common)
    _e2e                                     0x080011ff   Thumb Code   220  btod.o(CL$$btod_e2e)
    _btod_ediv                               0x080012db   Thumb Code    42  btod.o(CL$$btod_ediv)
    _btod_emul                               0x08001305   Thumb Code    42  btod.o(CL$$btod_emul)
    __btod_mult_common                       0x0800132f   Thumb Code   580  btod.o(CL$$btod_mult_common)
    BusFault_Handler                         0x08001573   Thumb Code     2  stm32g4xx_it.o(i.BusFault_Handler)
    DMA1_Channel1_IRQHandler                 0x08001575   Thumb Code     6  stm32g4xx_it.o(i.DMA1_Channel1_IRQHandler)
    DMA1_Channel2_IRQHandler                 0x08001581   Thumb Code     6  stm32g4xx_it.o(i.DMA1_Channel2_IRQHandler)
    DMA1_Channel4_IRQHandler                 0x0800158d   Thumb Code     6  stm32g4xx_it.o(i.DMA1_Channel4_IRQHandler)
    DMA1_Channel5_IRQHandler                 0x08001599   Thumb Code     6  stm32g4xx_it.o(i.DMA1_Channel5_IRQHandler)
    DebugMon_Handler                         0x08001653   Thumb Code     2  stm32g4xx_it.o(i.DebugMon_Handler)
    Error_Handler                            0x08001655   Thumb Code     4  main.o(i.Error_Handler)
    HAL_CORDIC_Configure                     0x08001659   Thumb Code    66  stm32g4xx_hal_cordic.o(i.HAL_CORDIC_Configure)
    HAL_CORDIC_Init                          0x080016a1   Thumb Code    52  stm32g4xx_hal_cordic.o(i.HAL_CORDIC_Init)
    HAL_CORDIC_MspInit                       0x080016d5   Thumb Code    30  stm32g4xx_hal_msp.o(i.HAL_CORDIC_MspInit)
    HAL_DMA_Abort                            0x080016fd   Thumb Code   112  stm32g4xx_hal_dma.o(i.HAL_DMA_Abort)
    HAL_DMA_Abort_IT                         0x0800176d   Thumb Code   120  stm32g4xx_hal_dma.o(i.HAL_DMA_Abort_IT)
    HAL_DMA_IRQHandler                       0x080017e5   Thumb Code   186  stm32g4xx_hal_dma.o(i.HAL_DMA_IRQHandler)
    HAL_DMA_Init                             0x080018a1   Thumb Code   182  stm32g4xx_hal_dma.o(i.HAL_DMA_Init)
    HAL_DMA_Start_IT                         0x08001965   Thumb Code   140  stm32g4xx_hal_dma.o(i.HAL_DMA_Start_IT)
    HAL_Delay                                0x080019f1   Thumb Code    32  stm32g4xx_hal.o(i.HAL_Delay)
    HAL_GPIO_Init                            0x08001a15   Thumb Code   532  stm32g4xx_hal_gpio.o(i.HAL_GPIO_Init)
    HAL_GPIO_WritePin                        0x08001c49   Thumb Code    10  stm32g4xx_hal_gpio.o(i.HAL_GPIO_WritePin)
    HAL_GetTick                              0x08001c55   Thumb Code     6  stm32g4xx_hal.o(i.HAL_GetTick)
    HAL_HRTIM_BurstModePeriodCallback        0x08001c61   Thumb Code     2  stm32g4xx_hal_hrtim.o(i.HAL_HRTIM_BurstModePeriodCallback)
    HAL_HRTIM_Capture1EventCallback          0x08001c63   Thumb Code     2  stm32g4xx_hal_hrtim.o(i.HAL_HRTIM_Capture1EventCallback)
    HAL_HRTIM_Capture2EventCallback          0x08001c65   Thumb Code     2  stm32g4xx_hal_hrtim.o(i.HAL_HRTIM_Capture2EventCallback)
    HAL_HRTIM_Compare1EventCallback          0x08001c67   Thumb Code     2  stm32g4xx_hal_hrtim.o(i.HAL_HRTIM_Compare1EventCallback)
    HAL_HRTIM_Compare2EventCallback          0x08001c69   Thumb Code     2  stm32g4xx_hal_hrtim.o(i.HAL_HRTIM_Compare2EventCallback)
    HAL_HRTIM_Compare3EventCallback          0x08001c6b   Thumb Code     2  stm32g4xx_hal_hrtim.o(i.HAL_HRTIM_Compare3EventCallback)
    HAL_HRTIM_Compare4EventCallback          0x08001c6d   Thumb Code     2  stm32g4xx_hal_hrtim.o(i.HAL_HRTIM_Compare4EventCallback)
    HAL_HRTIM_CounterResetCallback           0x08001c6f   Thumb Code     2  stm32g4xx_hal_hrtim.o(i.HAL_HRTIM_CounterResetCallback)
    HAL_HRTIM_DLLCalibrationReadyCallback    0x08001c71   Thumb Code     2  stm32g4xx_hal_hrtim.o(i.HAL_HRTIM_DLLCalibrationReadyCallback)
    HAL_HRTIM_DLLCalibrationStart            0x08001c73   Thumb Code    98  stm32g4xx_hal_hrtim.o(i.HAL_HRTIM_DLLCalibrationStart)
    HAL_HRTIM_DeadTimeConfig                 0x08001cd5   Thumb Code   136  stm32g4xx_hal_hrtim.o(i.HAL_HRTIM_DeadTimeConfig)
    HAL_HRTIM_DelayedProtectionCallback      0x08001d61   Thumb Code     2  stm32g4xx_hal_hrtim.o(i.HAL_HRTIM_DelayedProtectionCallback)
    HAL_HRTIM_Fault1Callback                 0x08001d63   Thumb Code     2  stm32g4xx_hal_hrtim.o(i.HAL_HRTIM_Fault1Callback)
    HAL_HRTIM_Fault2Callback                 0x08001d65   Thumb Code     2  stm32g4xx_hal_hrtim.o(i.HAL_HRTIM_Fault2Callback)
    HAL_HRTIM_Fault3Callback                 0x08001d67   Thumb Code     2  stm32g4xx_hal_hrtim.o(i.HAL_HRTIM_Fault3Callback)
    HAL_HRTIM_Fault4Callback                 0x08001d69   Thumb Code     2  stm32g4xx_hal_hrtim.o(i.HAL_HRTIM_Fault4Callback)
    HAL_HRTIM_Fault5Callback                 0x08001d6b   Thumb Code     2  stm32g4xx_hal_hrtim.o(i.HAL_HRTIM_Fault5Callback)
    HAL_HRTIM_Fault6Callback                 0x08001d6d   Thumb Code     2  stm32g4xx_hal_hrtim.o(i.HAL_HRTIM_Fault6Callback)
    HAL_HRTIM_FaultBlankingConfigAndEnable   0x08001d71   Thumb Code   236  stm32g4xx_hal_hrtim.o(i.HAL_HRTIM_FaultBlankingConfigAndEnable)
    HAL_HRTIM_FaultConfig                    0x08001e5d   Thumb Code   468  stm32g4xx_hal_hrtim.o(i.HAL_HRTIM_FaultConfig)
    HAL_HRTIM_FaultCounterConfig             0x08002031   Thumb Code   244  stm32g4xx_hal_hrtim.o(i.HAL_HRTIM_FaultCounterConfig)
    HAL_HRTIM_FaultModeCtl                   0x08002125   Thumb Code   112  stm32g4xx_hal_hrtim.o(i.HAL_HRTIM_FaultModeCtl)
    HAL_HRTIM_FaultPrescalerConfig           0x08002195   Thumb Code    64  stm32g4xx_hal_hrtim.o(i.HAL_HRTIM_FaultPrescalerConfig)
    HAL_HRTIM_IRQHandler                     0x080021d5   Thumb Code    20  stm32g4xx_hal_hrtim.o(i.HAL_HRTIM_IRQHandler)
    HAL_HRTIM_Init                           0x080021e9   Thumb Code   184  stm32g4xx_hal_hrtim.o(i.HAL_HRTIM_Init)
    HAL_HRTIM_MspInit                        0x080022a9   Thumb Code   142  stm32g4xx_hal_msp.o(i.HAL_HRTIM_MspInit)
    HAL_HRTIM_MspPostInit                    0x08002345   Thumb Code   112  stm32g4xx_hal_msp.o(i.HAL_HRTIM_MspPostInit)
    HAL_HRTIM_Output1ResetCallback           0x080023c1   Thumb Code     2  stm32g4xx_hal_hrtim.o(i.HAL_HRTIM_Output1ResetCallback)
    HAL_HRTIM_Output1SetCallback             0x080023c3   Thumb Code     2  stm32g4xx_hal_hrtim.o(i.HAL_HRTIM_Output1SetCallback)
    HAL_HRTIM_Output2ResetCallback           0x080023c5   Thumb Code     2  stm32g4xx_hal_hrtim.o(i.HAL_HRTIM_Output2ResetCallback)
    HAL_HRTIM_Output2SetCallback             0x080023c7   Thumb Code     2  stm32g4xx_hal_hrtim.o(i.HAL_HRTIM_Output2SetCallback)
    HAL_HRTIM_PollForDLLCalibration          0x080023c9   Thumb Code    66  stm32g4xx_hal_hrtim.o(i.HAL_HRTIM_PollForDLLCalibration)
    HAL_HRTIM_RegistersUpdateCallback        0x0800240b   Thumb Code     2  stm32g4xx_hal_hrtim.o(i.HAL_HRTIM_RegistersUpdateCallback)
    HAL_HRTIM_RepetitionEventCallback        0x0800240d   Thumb Code    12  main.o(i.HAL_HRTIM_RepetitionEventCallback)
    HAL_HRTIM_SynchronizationEventCallback   0x0800241d   Thumb Code     2  stm32g4xx_hal_hrtim.o(i.HAL_HRTIM_SynchronizationEventCallback)
    HAL_HRTIM_SystemFaultCallback            0x0800241f   Thumb Code     2  stm32g4xx_hal_hrtim.o(i.HAL_HRTIM_SystemFaultCallback)
    HAL_HRTIM_TimeBaseConfig                 0x08002421   Thumb Code   122  stm32g4xx_hal_hrtim.o(i.HAL_HRTIM_TimeBaseConfig)
    HAL_HRTIM_WaveformCompareConfig          0x0800249b   Thumb Code   308  stm32g4xx_hal_hrtim.o(i.HAL_HRTIM_WaveformCompareConfig)
    HAL_HRTIM_WaveformCountStart             0x080025cf   Thumb Code    44  stm32g4xx_hal_hrtim.o(i.HAL_HRTIM_WaveformCountStart)
    HAL_HRTIM_WaveformCountStop              0x080025fb   Thumb Code    44  stm32g4xx_hal_hrtim.o(i.HAL_HRTIM_WaveformCountStop)
    HAL_HRTIM_WaveformOutputConfig           0x08002627   Thumb Code    54  stm32g4xx_hal_hrtim.o(i.HAL_HRTIM_WaveformOutputConfig)
    HAL_HRTIM_WaveformOutputStart            0x0800265d   Thumb Code    48  stm32g4xx_hal_hrtim.o(i.HAL_HRTIM_WaveformOutputStart)
    HAL_HRTIM_WaveformOutputStop             0x0800268d   Thumb Code    48  stm32g4xx_hal_hrtim.o(i.HAL_HRTIM_WaveformOutputStop)
    HAL_HRTIM_WaveformTimerConfig            0x080026bd   Thumb Code   144  stm32g4xx_hal_hrtim.o(i.HAL_HRTIM_WaveformTimerConfig)
    HAL_HRTIM_WaveformTimerControl           0x0800274d   Thumb Code   122  stm32g4xx_hal_hrtim.o(i.HAL_HRTIM_WaveformTimerControl)
    HAL_IncTick                              0x080027c9   Thumb Code    12  stm32g4xx_hal.o(i.HAL_IncTick)
    HAL_Init                                 0x080027d9   Thumb Code    30  stm32g4xx_hal.o(i.HAL_Init)
    HAL_InitTick                             0x080027f9   Thumb Code    58  stm32g4xx_hal.o(i.HAL_InitTick)
    HAL_MspInit                              0x0800283d   Thumb Code    42  stm32g4xx_hal_msp.o(i.HAL_MspInit)
    HAL_NVIC_EnableIRQ                       0x0800286d   Thumb Code    26  stm32g4xx_hal_cortex.o(i.HAL_NVIC_EnableIRQ)
    HAL_NVIC_SetPriority                     0x08002889   Thumb Code    60  stm32g4xx_hal_cortex.o(i.HAL_NVIC_SetPriority)
    HAL_NVIC_SetPriorityGrouping             0x080028c9   Thumb Code    26  stm32g4xx_hal_cortex.o(i.HAL_NVIC_SetPriorityGrouping)
    HAL_PWREx_ControlVoltageScaling          0x080028ed   Thumb Code   174  stm32g4xx_hal_pwr_ex.o(i.HAL_PWREx_ControlVoltageScaling)
    HAL_PWREx_DisableUCPDDeadBattery         0x080029a9   Thumb Code    12  stm32g4xx_hal_pwr_ex.o(i.HAL_PWREx_DisableUCPDDeadBattery)
    HAL_RCCEx_PeriphCLKConfig                0x080029b9   Thumb Code   758  stm32g4xx_hal_rcc_ex.o(i.HAL_RCCEx_PeriphCLKConfig)
    HAL_RCC_ClockConfig                      0x08002cb9   Thumb Code   444  stm32g4xx_hal_rcc.o(i.HAL_RCC_ClockConfig)
    HAL_RCC_GetPCLK1Freq                     0x08002e95   Thumb Code    24  stm32g4xx_hal_rcc.o(i.HAL_RCC_GetPCLK1Freq)
    HAL_RCC_GetPCLK2Freq                     0x08002eb9   Thumb Code    24  stm32g4xx_hal_rcc.o(i.HAL_RCC_GetPCLK2Freq)
    HAL_RCC_GetSysClockFreq                  0x08002edd   Thumb Code    98  stm32g4xx_hal_rcc.o(i.HAL_RCC_GetSysClockFreq)
    HAL_RCC_OscConfig                        0x08002f4d   Thumb Code  1028  stm32g4xx_hal_rcc.o(i.HAL_RCC_OscConfig)
    HAL_SPI_ErrorCallback                    0x08003351   Thumb Code     2  stm32g4xx_hal_spi.o(i.HAL_SPI_ErrorCallback)
    HAL_SPI_Init                             0x08003353   Thumb Code   234  stm32g4xx_hal_spi.o(i.HAL_SPI_Init)
    HAL_SPI_MspInit                          0x0800343d   Thumb Code   188  stm32g4xx_hal_msp.o(i.HAL_SPI_MspInit)
    HAL_SPI_RxCpltCallback                   0x0800350d   Thumb Code     2  stm32g4xx_hal_spi.o(i.HAL_SPI_RxCpltCallback)
    HAL_SPI_RxHalfCpltCallback               0x0800350f   Thumb Code     2  stm32g4xx_hal_spi.o(i.HAL_SPI_RxHalfCpltCallback)
    HAL_SPI_TransmitReceive_DMA              0x08003511   Thumb Code   414  stm32g4xx_hal_spi.o(i.HAL_SPI_TransmitReceive_DMA)
    HAL_SPI_TxRxCpltCallback                 0x080036c5   Thumb Code    52  main.o(i.HAL_SPI_TxRxCpltCallback)
    HAL_SPI_TxRxHalfCpltCallback             0x08003701   Thumb Code     2  stm32g4xx_hal_spi.o(i.HAL_SPI_TxRxHalfCpltCallback)
    HAL_SYSTICK_Config                       0x08003703   Thumb Code    40  stm32g4xx_hal_cortex.o(i.HAL_SYSTICK_Config)
    HAL_TIMEx_Break2Callback                 0x0800372b   Thumb Code     2  stm32g4xx_hal_tim_ex.o(i.HAL_TIMEx_Break2Callback)
    HAL_TIMEx_BreakCallback                  0x0800372d   Thumb Code     2  stm32g4xx_hal_tim_ex.o(i.HAL_TIMEx_BreakCallback)
    HAL_TIMEx_CommutCallback                 0x0800372f   Thumb Code     2  stm32g4xx_hal_tim_ex.o(i.HAL_TIMEx_CommutCallback)
    HAL_TIMEx_DirectionChangeCallback        0x08003731   Thumb Code     2  stm32g4xx_hal_tim_ex.o(i.HAL_TIMEx_DirectionChangeCallback)
    HAL_TIMEx_EncoderIndexCallback           0x08003733   Thumb Code     2  stm32g4xx_hal_tim_ex.o(i.HAL_TIMEx_EncoderIndexCallback)
    HAL_TIMEx_IndexErrorCallback             0x08003735   Thumb Code     2  stm32g4xx_hal_tim_ex.o(i.HAL_TIMEx_IndexErrorCallback)
    HAL_TIMEx_MasterConfigSynchronization    0x08003739   Thumb Code   150  stm32g4xx_hal_tim_ex.o(i.HAL_TIMEx_MasterConfigSynchronization)
    HAL_TIMEx_TransitionErrorCallback        0x080037f1   Thumb Code     2  stm32g4xx_hal_tim_ex.o(i.HAL_TIMEx_TransitionErrorCallback)
    HAL_TIM_Base_Init                        0x080037f3   Thumb Code    98  stm32g4xx_hal_tim.o(i.HAL_TIM_Base_Init)
    HAL_TIM_Base_MspInit                     0x08003855   Thumb Code    86  stm32g4xx_hal_msp.o(i.HAL_TIM_Base_MspInit)
    HAL_TIM_Base_Start_IT                    0x080038b9   Thumb Code   106  stm32g4xx_hal_tim.o(i.HAL_TIM_Base_Start_IT)
    HAL_TIM_ConfigClockSource                0x08003945   Thumb Code   234  stm32g4xx_hal_tim.o(i.HAL_TIM_ConfigClockSource)
    HAL_TIM_Encoder_Init                     0x08003a35   Thumb Code   162  stm32g4xx_hal_tim.o(i.HAL_TIM_Encoder_Init)
    HAL_TIM_Encoder_MspInit                  0x08003add   Thumb Code   100  stm32g4xx_hal_msp.o(i.HAL_TIM_Encoder_MspInit)
    HAL_TIM_Encoder_Start                    0x08003b4d   Thumb Code   142  stm32g4xx_hal_tim.o(i.HAL_TIM_Encoder_Start)
    HAL_TIM_IC_CaptureCallback               0x08003bdb   Thumb Code     2  stm32g4xx_hal_tim.o(i.HAL_TIM_IC_CaptureCallback)
    HAL_TIM_IRQHandler                       0x08003bdd   Thumb Code   418  stm32g4xx_hal_tim.o(i.HAL_TIM_IRQHandler)
    HAL_TIM_OC_DelayElapsedCallback          0x08003d7f   Thumb Code     2  stm32g4xx_hal_tim.o(i.HAL_TIM_OC_DelayElapsedCallback)
    HAL_TIM_PWM_PulseFinishedCallback        0x08003d81   Thumb Code     2  stm32g4xx_hal_tim.o(i.HAL_TIM_PWM_PulseFinishedCallback)
    HAL_TIM_PeriodElapsedCallback            0x08003d85   Thumb Code    30  main.o(i.HAL_TIM_PeriodElapsedCallback)
    HAL_TIM_TriggerCallback                  0x08003db1   Thumb Code     2  stm32g4xx_hal_tim.o(i.HAL_TIM_TriggerCallback)
    HAL_UARTEx_DisableFifoMode               0x08003db3   Thumb Code    62  stm32g4xx_hal_uart_ex.o(i.HAL_UARTEx_DisableFifoMode)
    HAL_UARTEx_RxEventCallback               0x08003df1   Thumb Code     2  stm32g4xx_hal_uart.o(i.HAL_UARTEx_RxEventCallback)
    HAL_UARTEx_RxFifoFullCallback            0x08003df3   Thumb Code     2  stm32g4xx_hal_uart_ex.o(i.HAL_UARTEx_RxFifoFullCallback)
    HAL_UARTEx_SetRxFifoThreshold            0x08003df5   Thumb Code    76  stm32g4xx_hal_uart_ex.o(i.HAL_UARTEx_SetRxFifoThreshold)
    HAL_UARTEx_SetTxFifoThreshold            0x08003e41   Thumb Code    76  stm32g4xx_hal_uart_ex.o(i.HAL_UARTEx_SetTxFifoThreshold)
    HAL_UARTEx_TxFifoEmptyCallback           0x08003e8d   Thumb Code     2  stm32g4xx_hal_uart_ex.o(i.HAL_UARTEx_TxFifoEmptyCallback)
    HAL_UARTEx_WakeupCallback                0x08003e8f   Thumb Code     2  stm32g4xx_hal_uart_ex.o(i.HAL_UARTEx_WakeupCallback)
    HAL_UART_ErrorCallback                   0x08003e91   Thumb Code     2  stm32g4xx_hal_uart.o(i.HAL_UART_ErrorCallback)
    HAL_UART_IRQHandler                      0x08003e95   Thumb Code   782  stm32g4xx_hal_uart.o(i.HAL_UART_IRQHandler)
    HAL_UART_Init                            0x080041b1   Thumb Code   106  stm32g4xx_hal_uart.o(i.HAL_UART_Init)
    HAL_UART_MspInit                         0x0800421d   Thumb Code   218  stm32g4xx_hal_msp.o(i.HAL_UART_MspInit)
    HAL_UART_Transmit_DMA                    0x08004311   Thumb Code   132  stm32g4xx_hal_uart.o(i.HAL_UART_Transmit_DMA)
    HAL_UART_TxCpltCallback                  0x080043a1   Thumb Code    16  main.o(i.HAL_UART_TxCpltCallback)
    HAL_UART_TxHalfCpltCallback              0x080043b9   Thumb Code     2  stm32g4xx_hal_uart.o(i.HAL_UART_TxHalfCpltCallback)
    HRTIM1_TIMA_IRQHandler                   0x080043bd   Thumb Code     8  stm32g4xx_it.o(i.HRTIM1_TIMA_IRQHandler)
    HardFault_Handler                        0x08004a39   Thumb Code     2  stm32g4xx_it.o(i.HardFault_Handler)
    MT6826_DMACompleteCallback               0x08004a3b   Thumb Code    40  mt6826.o(i.MT6826_DMACompleteCallback)
    MT6826_GetAngleRaw                       0x08004a63   Thumb Code     4  mt6826.o(i.MT6826_GetAngleRaw)
    MT6826_Init                              0x08004a67   Thumb Code    52  mt6826.o(i.MT6826_Init)
    MT6826_StartDMARead                      0x08004a9b   Thumb Code    36  mt6826.o(i.MT6826_StartDMARead)
    MemManage_Handler                        0x08005079   Thumb Code     2  stm32g4xx_it.o(i.MemManage_Handler)
    Motor_ApplySPWM                          0x0800507d   Thumb Code   252  motor.o(i.Motor_ApplySPWM)
    Motor_EncoderReadCompleteCallback        0x080051a5   Thumb Code    44  motor.o(i.Motor_EncoderReadCompleteCallback)
    Motor_Init                               0x080051d1   Thumb Code   172  motor.o(i.Motor_Init)
    Motor_PeriodElapsedCallback              0x0800528d   Thumb Code    22  motor.o(i.Motor_PeriodElapsedCallback)
    Motor_SetElecOffset                      0x080052a3   Thumb Code     4  motor.o(i.Motor_SetElecOffset)
    Motor_Start                              0x080052a7   Thumb Code    48  motor.o(i.Motor_Start)
    Motor_Stop                               0x080052d7   Thumb Code    48  motor.o(i.Motor_Stop)
    NMI_Handler                              0x08005307   Thumb Code     2  stm32g4xx_it.o(i.NMI_Handler)
    PendSV_Handler                           0x08005309   Thumb Code     2  stm32g4xx_it.o(i.PendSV_Handler)
    SPWM_AlignToZero                         0x08005661   Thumb Code    92  spwm.o(i.SPWM_AlignToZero)
    SPWM_EncoderReadCompleteCallback         0x080056c1   Thumb Code    92  spwm.o(i.SPWM_EncoderReadCompleteCallback)
    SPWM_Init                                0x08005721   Thumb Code    98  spwm.o(i.SPWM_Init)
    SPWM_PIDCallback                         0x08005795   Thumb Code   282  spwm.o(i.SPWM_PIDCallback)
    SPWM_SetPID                              0x080058bd   Thumb Code    12  spwm.o(i.SPWM_SetPID)
    SPWM_SetTarget                           0x080058c9   Thumb Code    62  spwm.o(i.SPWM_SetTarget)
    SPWM_Start                               0x08005915   Thumb Code    72  spwm.o(i.SPWM_Start)
    SVC_Handler                              0x08005961   Thumb Code     2  stm32g4xx_it.o(i.SVC_Handler)
    SysTick_Handler                          0x08005963   Thumb Code     4  stm32g4xx_it.o(i.SysTick_Handler)
    SystemClock_Config                       0x08005967   Thumb Code   110  main.o(i.SystemClock_Config)
    SystemInit                               0x080059d5   Thumb Code    12  system_stm32g4xx.o(i.SystemInit)
    TIM1_TRG_COM_TIM17_IRQHandler            0x080059e5   Thumb Code     6  stm32g4xx_it.o(i.TIM1_TRG_COM_TIM17_IRQHandler)
    TIM3_IRQHandler                          0x080059f1   Thumb Code     6  stm32g4xx_it.o(i.TIM3_IRQHandler)
    TIM8_UP_IRQHandler                       0x080059fd   Thumb Code     6  stm32g4xx_it.o(i.TIM8_UP_IRQHandler)
    TIM_Base_SetConfig                       0x08005a09   Thumb Code   184  stm32g4xx_hal_tim.o(i.TIM_Base_SetConfig)
    TIM_CCxChannelCmd                        0x08005ae5   Thumb Code    26  stm32g4xx_hal_tim.o(i.TIM_CCxChannelCmd)
    TIM_ETR_SetConfig                        0x08005aff   Thumb Code    20  stm32g4xx_hal_tim.o(i.TIM_ETR_SetConfig)
    UART_AdvFeatureConfig                    0x08005c21   Thumb Code   200  stm32g4xx_hal_uart.o(i.UART_AdvFeatureConfig)
    UART_CheckIdleState                      0x08005ce9   Thumb Code   172  stm32g4xx_hal_uart.o(i.UART_CheckIdleState)
    UART_SetConfig                           0x08005eb5   Thumb Code   614  stm32g4xx_hal_uart.o(i.UART_SetConfig)
    UART_WaitOnFlagUntilTimeout              0x0800614d   Thumb Code   148  stm32g4xx_hal_uart.o(i.UART_WaitOnFlagUntilTimeout)
    UI_Init                                  0x080061e1   Thumb Code    46  ui.o(i.UI_Init)
    UI_Poll                                  0x08006211   Thumb Code   188  ui.o(i.UI_Poll)
    UI_TIM8Callback                          0x080062dd   Thumb Code   158  ui.o(i.UI_TIM8Callback)
    UI_TxCpltCallback                        0x08006399   Thumb Code     6  ui.o(i.UI_TxCpltCallback)
    USART1_IRQHandler                        0x080063a1   Thumb Code     6  stm32g4xx_it.o(i.USART1_IRQHandler)
    UsageFault_Handler                       0x080063ad   Thumb Code     2  stm32g4xx_it.o(i.UsageFault_Handler)
    __ARM_fpclassify                         0x080063af   Thumb Code    48  fpclassify.o(i.__ARM_fpclassify)
    _is_digit                                0x080063ff   Thumb Code    14  __printf_wp.o(i._is_digit)
    main                                     0x0800640d   Thumb Code   242  main.o(i.main)
    _get_lc_numeric                          0x08006521   Thumb Code    44  lc_numeric_c.o(locale$$code)
    __fpl_dretinf                            0x0800654d   Thumb Code    12  dretinf.o(x$fpl$dretinf)
    __aeabi_f2d                              0x08006559   Thumb Code     0  f2d.o(x$fpl$f2d)
    _f2d                                     0x08006559   Thumb Code    86  f2d.o(x$fpl$f2d)
    __fpl_fnaninf                            0x080065af   Thumb Code   140  fnaninf.o(x$fpl$fnaninf)
    _fp_init                                 0x0800663b   Thumb Code    10  fpinit.o(x$fpl$fpinit)
    __fplib_config_fpu_vfp                   0x08006643   Thumb Code     0  fpinit.o(x$fpl$fpinit)
    __fplib_config_pureend_doubles           0x08006643   Thumb Code     0  fpinit.o(x$fpl$fpinit)
    _printf_fp_dec                           0x08006645   Thumb Code     4  printf1.o(x$fpl$printf1)
    UARTPrescTable                           0x08006648   Data          24  stm32g4xx_hal_uart.o(.constdata)
    __I$use$fp                               0x08006648   Number         0  usenofp.o(x$fpl$usenofp)
    AHBPrescTable                            0x08006670   Data          16  system_stm32g4xx.o(.constdata)
    APBPrescTable                            0x08006680   Data           8  system_stm32g4xx.o(.constdata)
    Region$$Table$$Base                      0x0800671c   Number         0  anon$$obj.o(Region$$Table)
    Region$$Table$$Limit                     0x0800673c   Number         0  anon$$obj.o(Region$$Table)
    uwTickPrio                               0x20000000   Data           4  stm32g4xx_hal.o(.data)
    uwTickFreq                               0x20000004   Data           4  stm32g4xx_hal.o(.data)
    uwTick                                   0x20000008   Data           4  stm32g4xx_hal.o(.data)
    SystemCoreClock                          0x2000000c   Data           4  system_stm32g4xx.o(.data)
    hcordic                                  0x20000010   Data          40  main.o(.bss)
    hhrtim1                                  0x20000038   Data         252  main.o(.bss)
    hspi1                                    0x20000134   Data         100  main.o(.bss)
    htim3                                    0x20000198   Data          76  main.o(.bss)
    htim8                                    0x200001e4   Data          76  main.o(.bss)
    htim17                                   0x20000230   Data          76  main.o(.bss)
    huart1                                   0x2000027c   Data         148  main.o(.bss)
    hencoder                                 0x20000310   Data          28  main.o(.bss)
    hmotor                                   0x2000032c   Data          48  main.o(.bss)
    hspwm                                    0x2000035c   Data          60  main.o(.bss)
    hui                                      0x20000398   Data          88  main.o(.bss)
    hdma_spi1_rx                             0x200003f0   Data          96  main.o(.bss)
    hdma_spi1_tx                             0x20000450   Data          96  main.o(.bss)
    hdma_usart1_rx                           0x200004b0   Data          96  main.o(.bss)
    hdma_usart1_tx                           0x20000510   Data          96  main.o(.bss)
    __libspace_start                         0x20000570   Data          96  libspace.o(.bss)
    __temporary_stack_top$libspace           0x200005d0   Data           0  libspace.o(.bss)



==============================================================================

Memory Map of the image

  Image Entry point : 0x080001d9

  Load Region LR_IROM1 (Base: 0x08000000, Size: 0x00006768, Max: 0x00080000, ABSOLUTE)

    Execution Region ER_IROM1 (Exec base: 0x08000000, Load base: 0x08000000, Size: 0x00006758, Max: 0x00080000, ABSOLUTE)

    Exec Addr    Load Addr    Size         Type   Attr      Idx    E Section Name        Object

    0x08000000   0x08000000   0x000001d8   Data   RO            3    RESET               startup_stm32g474xx.o
    0x080001d8   0x080001d8   0x00000008   Code   RO         5318  * !!!main             c_w.l(__main.o)
    0x080001e0   0x080001e0   0x00000034   Code   RO         5550    !!!scatter          c_w.l(__scatter.o)
    0x08000214   0x08000214   0x0000001a   Code   RO         5552    !!handler_copy      c_w.l(__scatter_copy.o)
    0x0800022e   0x0800022e   0x00000002   PAD
    0x08000230   0x08000230   0x0000001c   Code   RO         5554    !!handler_zi        c_w.l(__scatter_zi.o)
    0x0800024c   0x0800024c   0x00000000   Code   RO         5313    .ARM.Collect$$_printf_percent$$00000000  c_w.l(_printf_percent.o)
    0x0800024c   0x0800024c   0x00000006   Code   RO         5312    .ARM.Collect$$_printf_percent$$00000003  c_w.l(_printf_f.o)
    0x08000252   0x08000252   0x00000006   Code   RO         5311    .ARM.Collect$$_printf_percent$$00000009  c_w.l(_printf_d.o)
    0x08000258   0x08000258   0x00000004   Code   RO         5339    .ARM.Collect$$_printf_percent$$00000017  c_w.l(_printf_percent_end.o)
    0x0800025c   0x0800025c   0x00000002   Code   RO         5423    .ARM.Collect$$libinit$$00000000  c_w.l(libinit.o)
    0x0800025e   0x0800025e   0x00000004   Code   RO         5424    .ARM.Collect$$libinit$$00000001  c_w.l(libinit2.o)
    0x08000262   0x08000262   0x00000000   Code   RO         5427    .ARM.Collect$$libinit$$00000004  c_w.l(libinit2.o)
    0x08000262   0x08000262   0x00000000   Code   RO         5430    .ARM.Collect$$libinit$$0000000A  c_w.l(libinit2.o)
    0x08000262   0x08000262   0x00000000   Code   RO         5432    .ARM.Collect$$libinit$$0000000C  c_w.l(libinit2.o)
    0x08000262   0x08000262   0x00000000   Code   RO         5434    .ARM.Collect$$libinit$$0000000E  c_w.l(libinit2.o)
    0x08000262   0x08000262   0x00000006   Code   RO         5435    .ARM.Collect$$libinit$$0000000F  c_w.l(libinit2.o)
    0x08000268   0x08000268   0x00000000   Code   RO         5437    .ARM.Collect$$libinit$$00000011  c_w.l(libinit2.o)
    0x08000268   0x08000268   0x00000000   Code   RO         5439    .ARM.Collect$$libinit$$00000013  c_w.l(libinit2.o)
    0x08000268   0x08000268   0x00000000   Code   RO         5441    .ARM.Collect$$libinit$$00000015  c_w.l(libinit2.o)
    0x08000268   0x08000268   0x0000000a   Code   RO         5442    .ARM.Collect$$libinit$$00000016  c_w.l(libinit2.o)
    0x08000272   0x08000272   0x00000000   Code   RO         5443    .ARM.Collect$$libinit$$00000017  c_w.l(libinit2.o)
    0x08000272   0x08000272   0x00000000   Code   RO         5445    .ARM.Collect$$libinit$$00000019  c_w.l(libinit2.o)
    0x08000272   0x08000272   0x00000000   Code   RO         5447    .ARM.Collect$$libinit$$0000001B  c_w.l(libinit2.o)
    0x08000272   0x08000272   0x00000000   Code   RO         5449    .ARM.Collect$$libinit$$0000001D  c_w.l(libinit2.o)
    0x08000272   0x08000272   0x00000000   Code   RO         5451    .ARM.Collect$$libinit$$0000001F  c_w.l(libinit2.o)
    0x08000272   0x08000272   0x00000000   Code   RO         5453    .ARM.Collect$$libinit$$00000021  c_w.l(libinit2.o)
    0x08000272   0x08000272   0x00000000   Code   RO         5455    .ARM.Collect$$libinit$$00000023  c_w.l(libinit2.o)
    0x08000272   0x08000272   0x00000000   Code   RO         5457    .ARM.Collect$$libinit$$00000025  c_w.l(libinit2.o)
    0x08000272   0x08000272   0x00000000   Code   RO         5461    .ARM.Collect$$libinit$$0000002C  c_w.l(libinit2.o)
    0x08000272   0x08000272   0x00000000   Code   RO         5463    .ARM.Collect$$libinit$$0000002E  c_w.l(libinit2.o)
    0x08000272   0x08000272   0x00000000   Code   RO         5465    .ARM.Collect$$libinit$$00000030  c_w.l(libinit2.o)
    0x08000272   0x08000272   0x00000000   Code   RO         5467    .ARM.Collect$$libinit$$00000032  c_w.l(libinit2.o)
    0x08000272   0x08000272   0x00000002   Code   RO         5468    .ARM.Collect$$libinit$$00000033  c_w.l(libinit2.o)
    0x08000274   0x08000274   0x00000002   Code   RO         5515    .ARM.Collect$$libshutdown$$00000000  c_w.l(libshutdown.o)
    0x08000276   0x08000276   0x00000000   Code   RO         5533    .ARM.Collect$$libshutdown$$00000002  c_w.l(libshutdown2.o)
    0x08000276   0x08000276   0x00000000   Code   RO         5535    .ARM.Collect$$libshutdown$$00000004  c_w.l(libshutdown2.o)
    0x08000276   0x08000276   0x00000000   Code   RO         5538    .ARM.Collect$$libshutdown$$00000007  c_w.l(libshutdown2.o)
    0x08000276   0x08000276   0x00000000   Code   RO         5541    .ARM.Collect$$libshutdown$$0000000A  c_w.l(libshutdown2.o)
    0x08000276   0x08000276   0x00000000   Code   RO         5543    .ARM.Collect$$libshutdown$$0000000C  c_w.l(libshutdown2.o)
    0x08000276   0x08000276   0x00000000   Code   RO         5546    .ARM.Collect$$libshutdown$$0000000F  c_w.l(libshutdown2.o)
    0x08000276   0x08000276   0x00000002   Code   RO         5547    .ARM.Collect$$libshutdown$$00000010  c_w.l(libshutdown2.o)
    0x08000278   0x08000278   0x00000000   Code   RO         5324    .ARM.Collect$$rtentry$$00000000  c_w.l(__rtentry.o)
    0x08000278   0x08000278   0x00000000   Code   RO         5346    .ARM.Collect$$rtentry$$00000002  c_w.l(__rtentry2.o)
    0x08000278   0x08000278   0x00000006   Code   RO         5358    .ARM.Collect$$rtentry$$00000004  c_w.l(__rtentry4.o)
    0x0800027e   0x0800027e   0x00000000   Code   RO         5348    .ARM.Collect$$rtentry$$00000009  c_w.l(__rtentry2.o)
    0x0800027e   0x0800027e   0x00000004   Code   RO         5349    .ARM.Collect$$rtentry$$0000000A  c_w.l(__rtentry2.o)
    0x08000282   0x08000282   0x00000000   Code   RO         5351    .ARM.Collect$$rtentry$$0000000C  c_w.l(__rtentry2.o)
    0x08000282   0x08000282   0x00000008   Code   RO         5352    .ARM.Collect$$rtentry$$0000000D  c_w.l(__rtentry2.o)
    0x0800028a   0x0800028a   0x00000002   Code   RO         5469    .ARM.Collect$$rtexit$$00000000  c_w.l(rtexit.o)
    0x0800028c   0x0800028c   0x00000000   Code   RO         5484    .ARM.Collect$$rtexit$$00000002  c_w.l(rtexit2.o)
    0x0800028c   0x0800028c   0x00000004   Code   RO         5485    .ARM.Collect$$rtexit$$00000003  c_w.l(rtexit2.o)
    0x08000290   0x08000290   0x00000006   Code   RO         5486    .ARM.Collect$$rtexit$$00000004  c_w.l(rtexit2.o)
    0x08000296   0x08000296   0x00000002   PAD
    0x08000298   0x08000298   0x00000040   Code   RO            4    .text               startup_stm32g474xx.o
    0x080002d8   0x080002d8   0x000000ee   Code   RO         5281    .text               c_w.l(lludivv7m.o)
    0x080003c6   0x080003c6   0x00000002   PAD
    0x080003c8   0x080003c8   0x00000038   Code   RO         5283    .text               c_w.l(__2snprintf.o)
    0x08000400   0x08000400   0x00000078   Code   RO         5289    .text               c_w.l(_printf_dec.o)
    0x08000478   0x08000478   0x0000010e   Code   RO         5299    .text               c_w.l(__printf_wp.o)
    0x08000586   0x08000586   0x0000004e   Code   RO         5314    .text               c_w.l(rt_memclr_w.o)
    0x080005d4   0x080005d4   0x00000006   Code   RO         5316    .text               c_w.l(heapauxi.o)
    0x080005da   0x080005da   0x000000b2   Code   RO         5329    .text               c_w.l(_printf_intcommon.o)
    0x0800068c   0x0800068c   0x0000041e   Code   RO         5331    .text               c_w.l(_printf_fp_dec.o)
    0x08000aaa   0x08000aaa   0x00000002   PAD
    0x08000aac   0x08000aac   0x00000030   Code   RO         5333    .text               c_w.l(_printf_char_common.o)
    0x08000adc   0x08000adc   0x0000000a   Code   RO         5335    .text               c_w.l(_sputc.o)
    0x08000ae6   0x08000ae6   0x00000010   Code   RO         5337    .text               c_w.l(_snputc.o)
    0x08000af6   0x08000af6   0x00000002   PAD
    0x08000af8   0x08000af8   0x00000008   Code   RO         5365    .text               c_w.l(rt_locale_intlibspace.o)
    0x08000b00   0x08000b00   0x0000008a   Code   RO         5367    .text               c_w.l(lludiv10.o)
    0x08000b8a   0x08000b8a   0x00000002   PAD
    0x08000b8c   0x08000b8c   0x00000080   Code   RO         5369    .text               c_w.l(_printf_fp_infnan.o)
    0x08000c0c   0x08000c0c   0x000000e4   Code   RO         5373    .text               c_w.l(bigflt0.o)
    0x08000cf0   0x08000cf0   0x00000008   Code   RO         5405    .text               c_w.l(libspace.o)
    0x08000cf8   0x08000cf8   0x0000004a   Code   RO         5408    .text               c_w.l(sys_stackheap_outer.o)
    0x08000d42   0x08000d42   0x00000012   Code   RO         5410    .text               c_w.l(exit.o)
    0x08000d54   0x08000d54   0x00000080   Code   RO         5416    .text               c_w.l(strcmpv7m.o)
    0x08000dd4   0x08000dd4   0x0000000c   Code   RO         5481    .text               c_w.l(sys_exit.o)
    0x08000de0   0x08000de0   0x00000002   Code   RO         5502    .text               c_w.l(use_no_semi.o)
    0x08000de2   0x08000de2   0x00000000   Code   RO         5504    .text               c_w.l(indicate_semi.o)
    0x08000de2   0x08000de2   0x0000003e   Code   RO         5376    CL$$btod_d2e        c_w.l(btod.o)
    0x08000e20   0x08000e20   0x00000046   Code   RO         5378    CL$$btod_d2e_denorm_low  c_w.l(btod.o)
    0x08000e66   0x08000e66   0x00000060   Code   RO         5377    CL$$btod_d2e_norm_op1  c_w.l(btod.o)
    0x08000ec6   0x08000ec6   0x00000338   Code   RO         5386    CL$$btod_div_common  c_w.l(btod.o)
    0x080011fe   0x080011fe   0x000000dc   Code   RO         5383    CL$$btod_e2e        c_w.l(btod.o)
    0x080012da   0x080012da   0x0000002a   Code   RO         5380    CL$$btod_ediv       c_w.l(btod.o)
    0x08001304   0x08001304   0x0000002a   Code   RO         5379    CL$$btod_emul       c_w.l(btod.o)
    0x0800132e   0x0800132e   0x00000244   Code   RO         5385    CL$$btod_mult_common  c_w.l(btod.o)
    0x08001572   0x08001572   0x00000002   Code   RO          245    i.BusFault_Handler  stm32g4xx_it.o
    0x08001574   0x08001574   0x0000000c   Code   RO          246    i.DMA1_Channel1_IRQHandler  stm32g4xx_it.o
    0x08001580   0x08001580   0x0000000c   Code   RO          247    i.DMA1_Channel2_IRQHandler  stm32g4xx_it.o
    0x0800158c   0x0800158c   0x0000000c   Code   RO          248    i.DMA1_Channel4_IRQHandler  stm32g4xx_it.o
    0x08001598   0x08001598   0x0000000c   Code   RO          249    i.DMA1_Channel5_IRQHandler  stm32g4xx_it.o
    0x080015a4   0x080015a4   0x00000048   Code   RO         1472    i.DMA_CalcDMAMUXChannelBaseAndMask  stm32g4xx_hal_dma.o
    0x080015ec   0x080015ec   0x00000028   Code   RO         1473    i.DMA_CalcDMAMUXRequestGenBaseAndMask  stm32g4xx_hal_dma.o
    0x08001614   0x08001614   0x0000003e   Code   RO         1474    i.DMA_SetConfig     stm32g4xx_hal_dma.o
    0x08001652   0x08001652   0x00000002   Code   RO          250    i.DebugMon_Handler  stm32g4xx_it.o
    0x08001654   0x08001654   0x00000004   Code   RO           13    i.Error_Handler     main.o
    0x08001658   0x08001658   0x00000048   Code   RO          488    i.HAL_CORDIC_Configure  stm32g4xx_hal_cordic.o
    0x080016a0   0x080016a0   0x00000034   Code   RO          494    i.HAL_CORDIC_Init   stm32g4xx_hal_cordic.o
    0x080016d4   0x080016d4   0x00000028   Code   RO          376    i.HAL_CORDIC_MspInit  stm32g4xx_hal_msp.o
    0x080016fc   0x080016fc   0x00000070   Code   RO         1475    i.HAL_DMA_Abort     stm32g4xx_hal_dma.o
    0x0800176c   0x0800176c   0x00000078   Code   RO         1476    i.HAL_DMA_Abort_IT  stm32g4xx_hal_dma.o
    0x080017e4   0x080017e4   0x000000ba   Code   RO         1480    i.HAL_DMA_IRQHandler  stm32g4xx_hal_dma.o
    0x0800189e   0x0800189e   0x00000002   PAD
    0x080018a0   0x080018a0   0x000000c4   Code   RO         1481    i.HAL_DMA_Init      stm32g4xx_hal_dma.o
    0x08001964   0x08001964   0x0000008c   Code   RO         1485    i.HAL_DMA_Start_IT  stm32g4xx_hal_dma.o
    0x080019f0   0x080019f0   0x00000024   Code   RO          612    i.HAL_Delay         stm32g4xx_hal.o
    0x08001a14   0x08001a14   0x00000234   Code   RO         1337    i.HAL_GPIO_Init     stm32g4xx_hal_gpio.o
    0x08001c48   0x08001c48   0x0000000a   Code   RO         1341    i.HAL_GPIO_WritePin  stm32g4xx_hal_gpio.o
    0x08001c52   0x08001c52   0x00000002   PAD
    0x08001c54   0x08001c54   0x0000000c   Code   RO          616    i.HAL_GetTick       stm32g4xx_hal.o
    0x08001c60   0x08001c60   0x00000002   Code   RO         2134    i.HAL_HRTIM_BurstModePeriodCallback  stm32g4xx_hal_hrtim.o
    0x08001c62   0x08001c62   0x00000002   Code   RO         2136    i.HAL_HRTIM_Capture1EventCallback  stm32g4xx_hal_hrtim.o
    0x08001c64   0x08001c64   0x00000002   Code   RO         2137    i.HAL_HRTIM_Capture2EventCallback  stm32g4xx_hal_hrtim.o
    0x08001c66   0x08001c66   0x00000002   Code   RO         2139    i.HAL_HRTIM_Compare1EventCallback  stm32g4xx_hal_hrtim.o
    0x08001c68   0x08001c68   0x00000002   Code   RO         2140    i.HAL_HRTIM_Compare2EventCallback  stm32g4xx_hal_hrtim.o
    0x08001c6a   0x08001c6a   0x00000002   Code   RO         2141    i.HAL_HRTIM_Compare3EventCallback  stm32g4xx_hal_hrtim.o
    0x08001c6c   0x08001c6c   0x00000002   Code   RO         2142    i.HAL_HRTIM_Compare4EventCallback  stm32g4xx_hal_hrtim.o
    0x08001c6e   0x08001c6e   0x00000002   Code   RO         2143    i.HAL_HRTIM_CounterResetCallback  stm32g4xx_hal_hrtim.o
    0x08001c70   0x08001c70   0x00000002   Code   RO         2144    i.HAL_HRTIM_DLLCalibrationReadyCallback  stm32g4xx_hal_hrtim.o
    0x08001c72   0x08001c72   0x00000062   Code   RO         2145    i.HAL_HRTIM_DLLCalibrationStart  stm32g4xx_hal_hrtim.o
    0x08001cd4   0x08001cd4   0x0000008c   Code   RO         2148    i.HAL_HRTIM_DeadTimeConfig  stm32g4xx_hal_hrtim.o
    0x08001d60   0x08001d60   0x00000002   Code   RO         2149    i.HAL_HRTIM_DelayedProtectionCallback  stm32g4xx_hal_hrtim.o
    0x08001d62   0x08001d62   0x00000002   Code   RO         2157    i.HAL_HRTIM_Fault1Callback  stm32g4xx_hal_hrtim.o
    0x08001d64   0x08001d64   0x00000002   Code   RO         2158    i.HAL_HRTIM_Fault2Callback  stm32g4xx_hal_hrtim.o
    0x08001d66   0x08001d66   0x00000002   Code   RO         2159    i.HAL_HRTIM_Fault3Callback  stm32g4xx_hal_hrtim.o
    0x08001d68   0x08001d68   0x00000002   Code   RO         2160    i.HAL_HRTIM_Fault4Callback  stm32g4xx_hal_hrtim.o
    0x08001d6a   0x08001d6a   0x00000002   Code   RO         2161    i.HAL_HRTIM_Fault5Callback  stm32g4xx_hal_hrtim.o
    0x08001d6c   0x08001d6c   0x00000002   Code   RO         2162    i.HAL_HRTIM_Fault6Callback  stm32g4xx_hal_hrtim.o
    0x08001d6e   0x08001d6e   0x00000002   PAD
    0x08001d70   0x08001d70   0x000000ec   Code   RO         2163    i.HAL_HRTIM_FaultBlankingConfigAndEnable  stm32g4xx_hal_hrtim.o
    0x08001e5c   0x08001e5c   0x000001d4   Code   RO         2164    i.HAL_HRTIM_FaultConfig  stm32g4xx_hal_hrtim.o
    0x08002030   0x08002030   0x000000f4   Code   RO         2165    i.HAL_HRTIM_FaultCounterConfig  stm32g4xx_hal_hrtim.o
    0x08002124   0x08002124   0x00000070   Code   RO         2167    i.HAL_HRTIM_FaultModeCtl  stm32g4xx_hal_hrtim.o
    0x08002194   0x08002194   0x00000040   Code   RO         2168    i.HAL_HRTIM_FaultPrescalerConfig  stm32g4xx_hal_hrtim.o
    0x080021d4   0x080021d4   0x00000014   Code   RO         2177    i.HAL_HRTIM_IRQHandler  stm32g4xx_hal_hrtim.o
    0x080021e8   0x080021e8   0x000000c0   Code   RO         2178    i.HAL_HRTIM_Init    stm32g4xx_hal_hrtim.o
    0x080022a8   0x080022a8   0x0000009c   Code   RO          378    i.HAL_HRTIM_MspInit  stm32g4xx_hal_msp.o
    0x08002344   0x08002344   0x0000007c   Code   RO          379    i.HAL_HRTIM_MspPostInit  stm32g4xx_hal_msp.o
    0x080023c0   0x080023c0   0x00000002   Code   RO         2181    i.HAL_HRTIM_Output1ResetCallback  stm32g4xx_hal_hrtim.o
    0x080023c2   0x080023c2   0x00000002   Code   RO         2182    i.HAL_HRTIM_Output1SetCallback  stm32g4xx_hal_hrtim.o
    0x080023c4   0x080023c4   0x00000002   Code   RO         2183    i.HAL_HRTIM_Output2ResetCallback  stm32g4xx_hal_hrtim.o
    0x080023c6   0x080023c6   0x00000002   Code   RO         2184    i.HAL_HRTIM_Output2SetCallback  stm32g4xx_hal_hrtim.o
    0x080023c8   0x080023c8   0x00000042   Code   RO         2187    i.HAL_HRTIM_PollForDLLCalibration  stm32g4xx_hal_hrtim.o
    0x0800240a   0x0800240a   0x00000002   Code   RO         2188    i.HAL_HRTIM_RegistersUpdateCallback  stm32g4xx_hal_hrtim.o
    0x0800240c   0x0800240c   0x00000010   Code   RO           14    i.HAL_HRTIM_RepetitionEventCallback  main.o
    0x0800241c   0x0800241c   0x00000002   Code   RO         2227    i.HAL_HRTIM_SynchronizationEventCallback  stm32g4xx_hal_hrtim.o
    0x0800241e   0x0800241e   0x00000002   Code   RO         2228    i.HAL_HRTIM_SystemFaultCallback  stm32g4xx_hal_hrtim.o
    0x08002420   0x08002420   0x0000007a   Code   RO         2229    i.HAL_HRTIM_TimeBaseConfig  stm32g4xx_hal_hrtim.o
    0x0800249a   0x0800249a   0x00000134   Code   RO         2235    i.HAL_HRTIM_WaveformCompareConfig  stm32g4xx_hal_hrtim.o
    0x080025ce   0x080025ce   0x0000002c   Code   RO         2236    i.HAL_HRTIM_WaveformCountStart  stm32g4xx_hal_hrtim.o
    0x080025fa   0x080025fa   0x0000002c   Code   RO         2239    i.HAL_HRTIM_WaveformCountStop  stm32g4xx_hal_hrtim.o
    0x08002626   0x08002626   0x00000036   Code   RO         2244    i.HAL_HRTIM_WaveformOutputConfig  stm32g4xx_hal_hrtim.o
    0x0800265c   0x0800265c   0x00000030   Code   RO         2245    i.HAL_HRTIM_WaveformOutputStart  stm32g4xx_hal_hrtim.o
    0x0800268c   0x0800268c   0x00000030   Code   RO         2246    i.HAL_HRTIM_WaveformOutputStop  stm32g4xx_hal_hrtim.o
    0x080026bc   0x080026bc   0x00000090   Code   RO         2248    i.HAL_HRTIM_WaveformTimerConfig  stm32g4xx_hal_hrtim.o
    0x0800274c   0x0800274c   0x0000007a   Code   RO         2249    i.HAL_HRTIM_WaveformTimerControl  stm32g4xx_hal_hrtim.o
    0x080027c6   0x080027c6   0x00000002   PAD
    0x080027c8   0x080027c8   0x00000010   Code   RO          622    i.HAL_IncTick       stm32g4xx_hal.o
    0x080027d8   0x080027d8   0x0000001e   Code   RO          623    i.HAL_Init          stm32g4xx_hal.o
    0x080027f6   0x080027f6   0x00000002   PAD
    0x080027f8   0x080027f8   0x00000044   Code   RO          624    i.HAL_InitTick      stm32g4xx_hal.o
    0x0800283c   0x0800283c   0x00000030   Code   RO          380    i.HAL_MspInit       stm32g4xx_hal_msp.o
    0x0800286c   0x0800286c   0x0000001a   Code   RO         1986    i.HAL_NVIC_EnableIRQ  stm32g4xx_hal_cortex.o
    0x08002886   0x08002886   0x00000002   PAD
    0x08002888   0x08002888   0x00000040   Code   RO         1992    i.HAL_NVIC_SetPriority  stm32g4xx_hal_cortex.o
    0x080028c8   0x080028c8   0x00000024   Code   RO         1993    i.HAL_NVIC_SetPriorityGrouping  stm32g4xx_hal_cortex.o
    0x080028ec   0x080028ec   0x000000bc   Code   RO         1740    i.HAL_PWREx_ControlVoltageScaling  stm32g4xx_hal_pwr_ex.o
    0x080029a8   0x080029a8   0x00000010   Code   RO         1752    i.HAL_PWREx_DisableUCPDDeadBattery  stm32g4xx_hal_pwr_ex.o
    0x080029b8   0x080029b8   0x00000300   Code   RO          983    i.HAL_RCCEx_PeriphCLKConfig  stm32g4xx_hal_rcc_ex.o
    0x08002cb8   0x08002cb8   0x000001dc   Code   RO          858    i.HAL_RCC_ClockConfig  stm32g4xx_hal_rcc.o
    0x08002e94   0x08002e94   0x00000024   Code   RO          866    i.HAL_RCC_GetPCLK1Freq  stm32g4xx_hal_rcc.o
    0x08002eb8   0x08002eb8   0x00000024   Code   RO          867    i.HAL_RCC_GetPCLK2Freq  stm32g4xx_hal_rcc.o
    0x08002edc   0x08002edc   0x00000070   Code   RO          868    i.HAL_RCC_GetSysClockFreq  stm32g4xx_hal_rcc.o
    0x08002f4c   0x08002f4c   0x00000404   Code   RO          871    i.HAL_RCC_OscConfig  stm32g4xx_hal_rcc.o
    0x08003350   0x08003350   0x00000002   Code   RO         2981    i.HAL_SPI_ErrorCallback  stm32g4xx_hal_spi.o
    0x08003352   0x08003352   0x000000ea   Code   RO         2985    i.HAL_SPI_Init      stm32g4xx_hal_spi.o
    0x0800343c   0x0800343c   0x000000d0   Code   RO          382    i.HAL_SPI_MspInit   stm32g4xx_hal_msp.o
    0x0800350c   0x0800350c   0x00000002   Code   RO         2991    i.HAL_SPI_RxCpltCallback  stm32g4xx_hal_spi.o
    0x0800350e   0x0800350e   0x00000002   Code   RO         2992    i.HAL_SPI_RxHalfCpltCallback  stm32g4xx_hal_spi.o
    0x08003510   0x08003510   0x000001b4   Code   RO         2995    i.HAL_SPI_TransmitReceive_DMA  stm32g4xx_hal_spi.o
    0x080036c4   0x080036c4   0x0000003c   Code   RO           15    i.HAL_SPI_TxRxCpltCallback  main.o
    0x08003700   0x08003700   0x00000002   Code   RO         3002    i.HAL_SPI_TxRxHalfCpltCallback  stm32g4xx_hal_spi.o
    0x08003702   0x08003702   0x00000028   Code   RO         1997    i.HAL_SYSTICK_Config  stm32g4xx_hal_cortex.o
    0x0800372a   0x0800372a   0x00000002   Code   RO         4041    i.HAL_TIMEx_Break2Callback  stm32g4xx_hal_tim_ex.o
    0x0800372c   0x0800372c   0x00000002   Code   RO         4042    i.HAL_TIMEx_BreakCallback  stm32g4xx_hal_tim_ex.o
    0x0800372e   0x0800372e   0x00000002   Code   RO         4043    i.HAL_TIMEx_CommutCallback  stm32g4xx_hal_tim_ex.o
    0x08003730   0x08003730   0x00000002   Code   RO         4054    i.HAL_TIMEx_DirectionChangeCallback  stm32g4xx_hal_tim_ex.o
    0x08003732   0x08003732   0x00000002   Code   RO         4068    i.HAL_TIMEx_EncoderIndexCallback  stm32g4xx_hal_tim_ex.o
    0x08003734   0x08003734   0x00000002   Code   RO         4082    i.HAL_TIMEx_IndexErrorCallback  stm32g4xx_hal_tim_ex.o
    0x08003736   0x08003736   0x00000002   PAD
    0x08003738   0x08003738   0x000000b8   Code   RO         4083    i.HAL_TIMEx_MasterConfigSynchronization  stm32g4xx_hal_tim_ex.o
    0x080037f0   0x080037f0   0x00000002   Code   RO         4104    i.HAL_TIMEx_TransitionErrorCallback  stm32g4xx_hal_tim_ex.o
    0x080037f2   0x080037f2   0x00000062   Code   RO         3327    i.HAL_TIM_Base_Init  stm32g4xx_hal_tim.o
    0x08003854   0x08003854   0x00000064   Code   RO          384    i.HAL_TIM_Base_MspInit  stm32g4xx_hal_msp.o
    0x080038b8   0x080038b8   0x0000008c   Code   RO         3332    i.HAL_TIM_Base_Start_IT  stm32g4xx_hal_tim.o
    0x08003944   0x08003944   0x000000f0   Code   RO         3336    i.HAL_TIM_ConfigClockSource  stm32g4xx_hal_tim.o
    0x08003a34   0x08003a34   0x000000a8   Code   RO         3348    i.HAL_TIM_Encoder_Init  stm32g4xx_hal_tim.o
    0x08003adc   0x08003adc   0x00000070   Code   RO          386    i.HAL_TIM_Encoder_MspInit  stm32g4xx_hal_msp.o
    0x08003b4c   0x08003b4c   0x0000008e   Code   RO         3351    i.HAL_TIM_Encoder_Start  stm32g4xx_hal_tim.o
    0x08003bda   0x08003bda   0x00000002   Code   RO         3361    i.HAL_TIM_IC_CaptureCallback  stm32g4xx_hal_tim.o
    0x08003bdc   0x08003bdc   0x000001a2   Code   RO         3375    i.HAL_TIM_IRQHandler  stm32g4xx_hal_tim.o
    0x08003d7e   0x08003d7e   0x00000002   Code   RO         3378    i.HAL_TIM_OC_DelayElapsedCallback  stm32g4xx_hal_tim.o
    0x08003d80   0x08003d80   0x00000002   Code   RO         3405    i.HAL_TIM_PWM_PulseFinishedCallback  stm32g4xx_hal_tim.o
    0x08003d82   0x08003d82   0x00000002   PAD
    0x08003d84   0x08003d84   0x0000002c   Code   RO           16    i.HAL_TIM_PeriodElapsedCallback  main.o
    0x08003db0   0x08003db0   0x00000002   Code   RO         3418    i.HAL_TIM_TriggerCallback  stm32g4xx_hal_tim.o
    0x08003db2   0x08003db2   0x0000003e   Code   RO         4890    i.HAL_UARTEx_DisableFifoMode  stm32g4xx_hal_uart_ex.o
    0x08003df0   0x08003df0   0x00000002   Code   RO         4479    i.HAL_UARTEx_RxEventCallback  stm32g4xx_hal_uart.o
    0x08003df2   0x08003df2   0x00000002   Code   RO         4898    i.HAL_UARTEx_RxFifoFullCallback  stm32g4xx_hal_uart_ex.o
    0x08003df4   0x08003df4   0x0000004c   Code   RO         4899    i.HAL_UARTEx_SetRxFifoThreshold  stm32g4xx_hal_uart_ex.o
    0x08003e40   0x08003e40   0x0000004c   Code   RO         4900    i.HAL_UARTEx_SetTxFifoThreshold  stm32g4xx_hal_uart_ex.o
    0x08003e8c   0x08003e8c   0x00000002   Code   RO         4902    i.HAL_UARTEx_TxFifoEmptyCallback  stm32g4xx_hal_uart_ex.o
    0x08003e8e   0x08003e8e   0x00000002   Code   RO         4903    i.HAL_UARTEx_WakeupCallback  stm32g4xx_hal_uart_ex.o
    0x08003e90   0x08003e90   0x00000002   Code   RO         4495    i.HAL_UART_ErrorCallback  stm32g4xx_hal_uart.o
    0x08003e92   0x08003e92   0x00000002   PAD
    0x08003e94   0x08003e94   0x0000031c   Code   RO         4498    i.HAL_UART_IRQHandler  stm32g4xx_hal_uart.o
    0x080041b0   0x080041b0   0x0000006a   Code   RO         4499    i.HAL_UART_Init     stm32g4xx_hal_uart.o
    0x0800421a   0x0800421a   0x00000002   PAD
    0x0800421c   0x0800421c   0x000000f4   Code   RO          388    i.HAL_UART_MspInit  stm32g4xx_hal_msp.o
    0x08004310   0x08004310   0x00000090   Code   RO         4509    i.HAL_UART_Transmit_DMA  stm32g4xx_hal_uart.o
    0x080043a0   0x080043a0   0x00000018   Code   RO           17    i.HAL_UART_TxCpltCallback  main.o
    0x080043b8   0x080043b8   0x00000002   Code   RO         4512    i.HAL_UART_TxHalfCpltCallback  stm32g4xx_hal_uart.o
    0x080043ba   0x080043ba   0x00000002   PAD
    0x080043bc   0x080043bc   0x0000000c   Code   RO          251    i.HRTIM1_TIMA_IRQHandler  stm32g4xx_it.o
    0x080043c8   0x080043c8   0x00000068   Code   RO         2256    i.HRTIM_ForceRegistersUpdate  stm32g4xx_hal_hrtim.o
    0x08004430   0x08004430   0x000000a8   Code   RO         2260    i.HRTIM_HRTIM_ISR   stm32g4xx_hal_hrtim.o
    0x080044d8   0x080044d8   0x00000092   Code   RO         2261    i.HRTIM_MasterWaveform_Config  stm32g4xx_hal_hrtim.o
    0x0800456a   0x0800456a   0x000000f0   Code   RO         2262    i.HRTIM_Master_ISR  stm32g4xx_hal_hrtim.o
    0x0800465a   0x0800465a   0x000000de   Code   RO         2263    i.HRTIM_OutputConfig  stm32g4xx_hal_hrtim.o
    0x08004738   0x08004738   0x00000166   Code   RO         2265    i.HRTIM_Timer_ISR   stm32g4xx_hal_hrtim.o
    0x0800489e   0x0800489e   0x00000002   PAD
    0x080048a0   0x080048a0   0x00000198   Code   RO         2266    i.HRTIM_TimingUnitWaveform_Config  stm32g4xx_hal_hrtim.o
    0x08004a38   0x08004a38   0x00000002   Code   RO          252    i.HardFault_Handler  stm32g4xx_it.o
    0x08004a3a   0x08004a3a   0x00000028   Code   RO         5117    i.MT6826_DMACompleteCallback  mt6826.o
    0x08004a62   0x08004a62   0x00000004   Code   RO         5118    i.MT6826_GetAngleRaw  mt6826.o
    0x08004a66   0x08004a66   0x00000034   Code   RO         5119    i.MT6826_Init       mt6826.o
    0x08004a9a   0x08004a9a   0x00000024   Code   RO         5121    i.MT6826_StartDMARead  mt6826.o
    0x08004abe   0x08004abe   0x00000002   PAD
    0x08004ac0   0x08004ac0   0x0000006c   Code   RO           18    i.MX_DMA_Init       main.o
    0x08004b2c   0x08004b2c   0x00000090   Code   RO           19    i.MX_GPIO_Init      main.o
    0x08004bbc   0x08004bbc   0x00000334   Code   RO           20    i.MX_HRTIM1_Init    main.o
    0x08004ef0   0x08004ef0   0x0000004c   Code   RO           21    i.MX_SPI1_Init      main.o
    0x08004f3c   0x08004f3c   0x0000006c   Code   RO           22    i.MX_TIM3_Init      main.o
    0x08004fa8   0x08004fa8   0x0000006c   Code   RO           23    i.MX_TIM8_Init      main.o
    0x08005014   0x08005014   0x00000064   Code   RO           24    i.MX_USART1_UART_Init  main.o
    0x08005078   0x08005078   0x00000002   Code   RO          253    i.MemManage_Handler  stm32g4xx_it.o
    0x0800507a   0x0800507a   0x00000002   PAD
    0x0800507c   0x0800507c   0x00000110   Code   RO         5046    i.Motor_ApplySPWM   motor.o
    0x0800518c   0x0800518c   0x00000018   Code   RO         5047    i.Motor_ClampCmp    motor.o
    0x080051a4   0x080051a4   0x0000002c   Code   RO         5048    i.Motor_EncoderReadCompleteCallback  motor.o
    0x080051d0   0x080051d0   0x000000bc   Code   RO         5049    i.Motor_Init        motor.o
    0x0800528c   0x0800528c   0x00000016   Code   RO         5050    i.Motor_PeriodElapsedCallback  motor.o
    0x080052a2   0x080052a2   0x00000004   Code   RO         5051    i.Motor_SetElecOffset  motor.o
    0x080052a6   0x080052a6   0x00000030   Code   RO         5053    i.Motor_Start       motor.o
    0x080052d6   0x080052d6   0x00000030   Code   RO         5054    i.Motor_Stop        motor.o
    0x08005306   0x08005306   0x00000002   Code   RO          254    i.NMI_Handler       stm32g4xx_it.o
    0x08005308   0x08005308   0x00000002   Code   RO          255    i.PendSV_Handler    stm32g4xx_it.o
    0x0800530a   0x0800530a   0x00000022   Code   RO         3013    i.SPI_DMAError      stm32g4xx_hal_spi.o
    0x0800532c   0x0800532c   0x0000000a   Code   RO         3014    i.SPI_DMAHalfReceiveCplt  stm32g4xx_hal_spi.o
    0x08005336   0x08005336   0x0000000a   Code   RO         3016    i.SPI_DMAHalfTransmitReceiveCplt  stm32g4xx_hal_spi.o
    0x08005340   0x08005340   0x0000006c   Code   RO         3017    i.SPI_DMAReceiveCplt  stm32g4xx_hal_spi.o
    0x080053ac   0x080053ac   0x0000005c   Code   RO         3020    i.SPI_DMATransmitReceiveCplt  stm32g4xx_hal_spi.o
    0x08005408   0x08005408   0x00000074   Code   RO         3022    i.SPI_EndRxTransaction  stm32g4xx_hal_spi.o
    0x0800547c   0x0800547c   0x00000048   Code   RO         3023    i.SPI_EndRxTxTransaction  stm32g4xx_hal_spi.o
    0x080054c4   0x080054c4   0x000000e0   Code   RO         3028    i.SPI_WaitFifoStateUntilTimeout  stm32g4xx_hal_spi.o
    0x080055a4   0x080055a4   0x000000bc   Code   RO         3029    i.SPI_WaitFlagStateUntilTimeout  stm32g4xx_hal_spi.o
    0x08005660   0x08005660   0x00000060   Code   RO         5171    i.SPWM_AlignToZero  spwm.o
    0x080056c0   0x080056c0   0x00000060   Code   RO         5172    i.SPWM_EncoderReadCompleteCallback  spwm.o
    0x08005720   0x08005720   0x00000074   Code   RO         5173    i.SPWM_Init         spwm.o
    0x08005794   0x08005794   0x00000128   Code   RO         5174    i.SPWM_PIDCallback  spwm.o
    0x080058bc   0x080058bc   0x0000000c   Code   RO         5175    i.SPWM_SetPID       spwm.o
    0x080058c8   0x080058c8   0x0000004c   Code   RO         5176    i.SPWM_SetTarget    spwm.o
    0x08005914   0x08005914   0x0000004c   Code   RO         5177    i.SPWM_Start        spwm.o
    0x08005960   0x08005960   0x00000002   Code   RO          256    i.SVC_Handler       stm32g4xx_it.o
    0x08005962   0x08005962   0x00000004   Code   RO          257    i.SysTick_Handler   stm32g4xx_it.o
    0x08005966   0x08005966   0x0000006e   Code   RO           25    i.SystemClock_Config  main.o
    0x080059d4   0x080059d4   0x00000010   Code   RO         5009    i.SystemInit        system_stm32g4xx.o
    0x080059e4   0x080059e4   0x0000000c   Code   RO          258    i.TIM1_TRG_COM_TIM17_IRQHandler  stm32g4xx_it.o
    0x080059f0   0x080059f0   0x0000000c   Code   RO          259    i.TIM3_IRQHandler   stm32g4xx_it.o
    0x080059fc   0x080059fc   0x0000000c   Code   RO          260    i.TIM8_UP_IRQHandler  stm32g4xx_it.o
    0x08005a08   0x08005a08   0x000000dc   Code   RO         3420    i.TIM_Base_SetConfig  stm32g4xx_hal_tim.o
    0x08005ae4   0x08005ae4   0x0000001a   Code   RO         3421    i.TIM_CCxChannelCmd  stm32g4xx_hal_tim.o
    0x08005afe   0x08005afe   0x00000014   Code   RO         3431    i.TIM_ETR_SetConfig  stm32g4xx_hal_tim.o
    0x08005b12   0x08005b12   0x00000002   PAD
    0x08005b14   0x08005b14   0x00000014   Code   RO         3432    i.TIM_ITRx_SetConfig  stm32g4xx_hal_tim.o
    0x08005b28   0x08005b28   0x00000068   Code   RO         3440    i.TIM_TI1_ConfigInputStage  stm32g4xx_hal_tim.o
    0x08005b90   0x08005b90   0x0000004c   Code   RO         3442    i.TIM_TI2_ConfigInputStage  stm32g4xx_hal_tim.o
    0x08005bdc   0x08005bdc   0x00000044   Code   RO         4904    i.UARTEx_SetNbDataToProcess  stm32g4xx_hal_uart_ex.o
    0x08005c20   0x08005c20   0x000000c8   Code   RO         4513    i.UART_AdvFeatureConfig  stm32g4xx_hal_uart.o
    0x08005ce8   0x08005ce8   0x000000ac   Code   RO         4514    i.UART_CheckIdleState  stm32g4xx_hal_uart.o
    0x08005d94   0x08005d94   0x0000000a   Code   RO         4515    i.UART_DMAAbortOnError  stm32g4xx_hal_uart.o
    0x08005d9e   0x08005d9e   0x00000044   Code   RO         4516    i.UART_DMAError     stm32g4xx_hal_uart.o
    0x08005de2   0x08005de2   0x00000042   Code   RO         4521    i.UART_DMATransmitCplt  stm32g4xx_hal_uart.o
    0x08005e24   0x08005e24   0x0000000a   Code   RO         4523    i.UART_DMATxHalfCplt  stm32g4xx_hal_uart.o
    0x08005e2e   0x08005e2e   0x00000002   PAD
    0x08005e30   0x08005e30   0x00000054   Code   RO         4525    i.UART_EndRxTransfer  stm32g4xx_hal_uart.o
    0x08005e84   0x08005e84   0x0000002e   Code   RO         4526    i.UART_EndTxTransfer  stm32g4xx_hal_uart.o
    0x08005eb2   0x08005eb2   0x00000002   PAD
    0x08005eb4   0x08005eb4   0x00000298   Code   RO         4531    i.UART_SetConfig    stm32g4xx_hal_uart.o
    0x0800614c   0x0800614c   0x00000094   Code   RO         4538    i.UART_WaitOnFlagUntilTimeout  stm32g4xx_hal_uart.o
    0x080061e0   0x080061e0   0x0000002e   Code   RO         5237    i.UI_Init           ui.o
    0x0800620e   0x0800620e   0x00000002   PAD
    0x08006210   0x08006210   0x000000cc   Code   RO         5238    i.UI_Poll           ui.o
    0x080062dc   0x080062dc   0x000000bc   Code   RO         5239    i.UI_TIM8Callback   ui.o
    0x08006398   0x08006398   0x00000006   Code   RO         5240    i.UI_TxCpltCallback  ui.o
    0x0800639e   0x0800639e   0x00000002   PAD
    0x080063a0   0x080063a0   0x0000000c   Code   RO          261    i.USART1_IRQHandler  stm32g4xx_it.o
    0x080063ac   0x080063ac   0x00000002   Code   RO          262    i.UsageFault_Handler  stm32g4xx_it.o
    0x080063ae   0x080063ae   0x00000030   Code   RO         5403    i.__ARM_fpclassify  m_wm.l(fpclassify.o)
    0x080063de   0x080063de   0x00000020   Code   RO         1999    i.__NVIC_SetPriority  stm32g4xx_hal_cortex.o
    0x080063fe   0x080063fe   0x0000000e   Code   RO         5301    i._is_digit         c_w.l(__printf_wp.o)
    0x0800640c   0x0800640c   0x00000114   Code   RO           26    i.main              main.o
    0x08006520   0x08006520   0x0000002c   Code   RO         5399    locale$$code        c_w.l(lc_numeric_c.o)
    0x0800654c   0x0800654c   0x0000000c   Code   RO         5340    x$fpl$dretinf       fz_wm.l(dretinf.o)
    0x08006558   0x08006558   0x00000056   Code   RO         5320    x$fpl$f2d           fz_wm.l(f2d.o)
    0x080065ae   0x080065ae   0x0000008c   Code   RO         5342    x$fpl$fnaninf       fz_wm.l(fnaninf.o)
    0x0800663a   0x0800663a   0x0000000a   Code   RO         5479    x$fpl$fpinit        fz_wm.l(fpinit.o)
    0x08006644   0x08006644   0x00000004   Code   RO         5322    x$fpl$printf1       fz_wm.l(printf1.o)
    0x08006648   0x08006648   0x00000000   Code   RO         5344    x$fpl$usenofp       fz_wm.l(usenofp.o)
    0x08006648   0x08006648   0x00000018   Data   RO         4539    .constdata          stm32g4xx_hal_uart.o
    0x08006660   0x08006660   0x00000010   Data   RO         4905    .constdata          stm32g4xx_hal_uart_ex.o
    0x08006670   0x08006670   0x00000010   Data   RO         5010    .constdata          system_stm32g4xx.o
    0x08006680   0x08006680   0x00000008   Data   RO         5011    .constdata          system_stm32g4xx.o
    0x08006688   0x08006688   0x00000094   Data   RO         5374    .constdata          c_w.l(bigflt0.o)
    0x0800671c   0x0800671c   0x00000020   Data   RO         5548    Region$$Table       anon$$obj.o
    0x0800673c   0x0800673c   0x0000001c   Data   RO         5398    locale$$data        c_w.l(lc_numeric_c.o)


    Execution Region RW_IRAM1 (Exec base: 0x20000000, Load base: 0x08006758, Size: 0x00000bd0, Max: 0x00020000, ABSOLUTE)

    Exec Addr    Load Addr    Size         Type   Attr      Idx    E Section Name        Object

    0x20000000   0x08006758   0x0000000c   Data   RW          643    .data               stm32g4xx_hal.o
    0x2000000c   0x08006764   0x00000004   Data   RW         5012    .data               system_stm32g4xx.o
    0x20000010        -       0x000003e0   Zero   RW           27    .bss                main.o
    0x200003f0        -       0x00000060   Zero   RW           28    .bss                main.o
    0x20000450        -       0x00000060   Zero   RW           29    .bss                main.o
    0x200004b0        -       0x00000060   Zero   RW           30    .bss                main.o
    0x20000510        -       0x00000060   Zero   RW           31    .bss                main.o
    0x20000570        -       0x00000060   Zero   RW         5406    .bss                c_w.l(libspace.o)
    0x200005d0        -       0x00000200   Zero   RW            2    HEAP                startup_stm32g474xx.o
    0x200007d0        -       0x00000400   Zero   RW            1    STACK               startup_stm32g474xx.o


==============================================================================

Image component sizes


      Code (inc. data)   RO Data    RW Data    ZI Data      Debug   Object Name

      1998        128          0          0       1376    1035126   main.o
       650         36          0          0          0       5810   motor.o
       132          0          0          0          0       2590   mt6826.o
       768         58          0          0          0       5265   spwm.o
        64         26        472          0       1536        848   startup_stm32g474xx.o
       162         24          0         12          0       4341   stm32g4xx_hal.o
       124          6          0          0          0       1897   stm32g4xx_hal_cordic.o
       198         14          0          0          0      33847   stm32g4xx_hal_cortex.o
       928         30          0          0          0       6718   stm32g4xx_hal_dma.o
       574         32          0          0          0       2320   stm32g4xx_hal_gpio.o
      4266         32          0          0          0      38816   stm32g4xx_hal_hrtim.o
      1032        114          0          0          0       6323   stm32g4xx_hal_msp.o
       204         18          0          0          0       1409   stm32g4xx_hal_pwr_ex.o
      1688         92          0          0          0       6308   stm32g4xx_hal_rcc.o
       768         10          0          0          0       1988   stm32g4xx_hal_rcc_ex.o
      1532         32          0          0          0      11862   stm32g4xx_hal_spi.o
      1680        126          0          0          0      13056   stm32g4xx_hal_tim.o
       198         34          0          0          0       5456   stm32g4xx_hal_tim_ex.o
      2520        102         24          0          0      32828   stm32g4xx_hal_uart.o
       288          6         16          0          0       5402   stm32g4xx_hal_uart_ex.o
       128         52          0          0          0       8510   stm32g4xx_it.o
        16          4         24          4          0       1139   system_stm32g4xx.o
       444         46          0          0          0       3222   ui.o

    ----------------------------------------------------------------------
     20400       1022        568         16       2912    1235081   Object Totals
         0          0         32          0          0          0   (incl. Generated)
        38          0          0          0          0          0   (incl. Padding)

    ----------------------------------------------------------------------

      Code (inc. data)   RO Data    RW Data    ZI Data      Debug   Library Member Name

        56          6          0          0          0         88   __2snprintf.o
         8          0          0          0          0         68   __main.o
       284          0          0          0          0        156   __printf_wp.o
         0          0          0          0          0          0   __rtentry.o
        12          0          0          0          0          0   __rtentry2.o
         6          0          0          0          0          0   __rtentry4.o
        52          8          0          0          0          0   __scatter.o
        26          0          0          0          0          0   __scatter_copy.o
        28          0          0          0          0          0   __scatter_zi.o
        48          6          0          0          0         96   _printf_char_common.o
         6          0          0          0          0          0   _printf_d.o
       120         16          0          0          0         92   _printf_dec.o
         6          0          0          0          0          0   _printf_f.o
      1054          0          0          0          0        216   _printf_fp_dec.o
       128         16          0          0          0         84   _printf_fp_infnan.o
       178          0          0          0          0         88   _printf_intcommon.o
         0          0          0          0          0          0   _printf_percent.o
         4          0          0          0          0          0   _printf_percent_end.o
        16          0          0          0          0         68   _snputc.o
        10          0          0          0          0         68   _sputc.o
       228          4        148          0          0         96   bigflt0.o
      1936        128          0          0          0        672   btod.o
        18          0          0          0          0         80   exit.o
         6          0          0          0          0        152   heapauxi.o
         0          0          0          0          0          0   indicate_semi.o
        44         10         28          0          0         76   lc_numeric_c.o
         2          0          0          0          0          0   libinit.o
        22          0          0          0          0          0   libinit2.o
         2          0          0          0          0          0   libshutdown.o
         2          0          0          0          0          0   libshutdown2.o
         8          4          0          0         96         68   libspace.o
       138          0          0          0          0         80   lludiv10.o
       238          0          0          0          0        100   lludivv7m.o
         8          4          0          0          0         68   rt_locale_intlibspace.o
        78          0          0          0          0         80   rt_memclr_w.o
         2          0          0          0          0          0   rtexit.o
        10          0          0          0          0          0   rtexit2.o
       128          0          0          0          0         68   strcmpv7m.o
        12          4          0          0          0         68   sys_exit.o
        74          0          0          0          0         80   sys_stackheap_outer.o
         2          0          0          0          0         68   use_no_semi.o
        12          0          0          0          0        116   dretinf.o
        86          4          0          0          0        132   f2d.o
       140          4          0          0          0        132   fnaninf.o
        10          0          0          0          0        116   fpinit.o
         4          0          0          0          0        116   printf1.o
         0          0          0          0          0          0   usenofp.o
        48          0          0          0          0        124   fpclassify.o

    ----------------------------------------------------------------------
      5312        214        176          0         96       3516   Library Totals
        12          0          0          0          0          0   (incl. Padding)

    ----------------------------------------------------------------------

      Code (inc. data)   RO Data    RW Data    ZI Data      Debug   Library Name

      5000        206        176          0         96       2780   c_w.l
       252          8          0          0          0        612   fz_wm.l
        48          0          0          0          0        124   m_wm.l

    ----------------------------------------------------------------------
      5312        214        176          0         96       3516   Library Totals

    ----------------------------------------------------------------------

==============================================================================


      Code (inc. data)   RO Data    RW Data    ZI Data      Debug   

     25712       1236        744         16       3008    1217089   Grand Totals
     25712       1236        744         16       3008    1217089   ELF Image Totals
     25712       1236        744         16          0          0   ROM Totals

==============================================================================

    Total RO  Size (Code + RO Data)                26456 (  25.84kB)
    Total RW  Size (RW Data + ZI Data)              3024 (   2.95kB)
    Total ROM Size (Code + RO Data + RW Data)      26472 (  25.85kB)

==============================================================================

